Archive member included to satisfy reference by file (symbol)

c:/st/stm32cubeide_1.0.2/stm32cubeide/plugins/com.st.stm32cube.ide.mcu.externaltools.gnu-tools-for-stm32.7-2018-q2-update.win32_1.0.0.201904181610/tools/bin/../lib/gcc/arm-none-eabi/7.3.1/../../../../arm-none-eabi/lib/thumb/v7-m\libc_nano.a(lib_a-atoi.o)
                              Src/main.o (atoi)
c:/st/stm32cubeide_1.0.2/stm32cubeide/plugins/com.st.stm32cube.ide.mcu.externaltools.gnu-tools-for-stm32.7-2018-q2-update.win32_1.0.0.201904181610/tools/bin/../lib/gcc/arm-none-eabi/7.3.1/../../../../arm-none-eabi/lib/thumb/v7-m\libc_nano.a(lib_a-errno.o)
                              Src/syscalls.o (__errno)
c:/st/stm32cubeide_1.0.2/stm32cubeide/plugins/com.st.stm32cube.ide.mcu.externaltools.gnu-tools-for-stm32.7-2018-q2-update.win32_1.0.0.201904181610/tools/bin/../lib/gcc/arm-none-eabi/7.3.1/../../../../arm-none-eabi/lib/thumb/v7-m\libc_nano.a(lib_a-exit.o)
                              c:/st/stm32cubeide_1.0.2/stm32cubeide/plugins/com.st.stm32cube.ide.mcu.externaltools.gnu-tools-for-stm32.7-2018-q2-update.win32_1.0.0.201904181610/tools/bin/../lib/gcc/arm-none-eabi/7.3.1/../../../../arm-none-eabi/lib/thumb/v7-m/crt0.o (exit)
c:/st/stm32cubeide_1.0.2/stm32cubeide/plugins/com.st.stm32cube.ide.mcu.externaltools.gnu-tools-for-stm32.7-2018-q2-update.win32_1.0.0.201904181610/tools/bin/../lib/gcc/arm-none-eabi/7.3.1/../../../../arm-none-eabi/lib/thumb/v7-m\libc_nano.a(lib_a-impure.o)
                              c:/st/stm32cubeide_1.0.2/stm32cubeide/plugins/com.st.stm32cube.ide.mcu.externaltools.gnu-tools-for-stm32.7-2018-q2-update.win32_1.0.0.201904181610/tools/bin/../lib/gcc/arm-none-eabi/7.3.1/../../../../arm-none-eabi/lib/thumb/v7-m\libc_nano.a(lib_a-exit.o) (_global_impure_ptr)
c:/st/stm32cubeide_1.0.2/stm32cubeide/plugins/com.st.stm32cube.ide.mcu.externaltools.gnu-tools-for-stm32.7-2018-q2-update.win32_1.0.0.201904181610/tools/bin/../lib/gcc/arm-none-eabi/7.3.1/../../../../arm-none-eabi/lib/thumb/v7-m\libc_nano.a(lib_a-init.o)
                              c:/st/stm32cubeide_1.0.2/stm32cubeide/plugins/com.st.stm32cube.ide.mcu.externaltools.gnu-tools-for-stm32.7-2018-q2-update.win32_1.0.0.201904181610/tools/bin/../lib/gcc/arm-none-eabi/7.3.1/../../../../arm-none-eabi/lib/thumb/v7-m/crt0.o (__libc_init_array)
c:/st/stm32cubeide_1.0.2/stm32cubeide/plugins/com.st.stm32cube.ide.mcu.externaltools.gnu-tools-for-stm32.7-2018-q2-update.win32_1.0.0.201904181610/tools/bin/../lib/gcc/arm-none-eabi/7.3.1/../../../../arm-none-eabi/lib/thumb/v7-m\libc_nano.a(lib_a-itoa.o)
                              Src/main.o (itoa)
c:/st/stm32cubeide_1.0.2/stm32cubeide/plugins/com.st.stm32cube.ide.mcu.externaltools.gnu-tools-for-stm32.7-2018-q2-update.win32_1.0.0.201904181610/tools/bin/../lib/gcc/arm-none-eabi/7.3.1/../../../../arm-none-eabi/lib/thumb/v7-m\libc_nano.a(lib_a-memcmp.o)
                              Src/main.o (memcmp)
c:/st/stm32cubeide_1.0.2/stm32cubeide/plugins/com.st.stm32cube.ide.mcu.externaltools.gnu-tools-for-stm32.7-2018-q2-update.win32_1.0.0.201904181610/tools/bin/../lib/gcc/arm-none-eabi/7.3.1/../../../../arm-none-eabi/lib/thumb/v7-m\libc_nano.a(lib_a-memcpy-stub.o)
                              Middlewares/Third_Party/FreeRTOS/Source/queue.o (memcpy)
c:/st/stm32cubeide_1.0.2/stm32cubeide/plugins/com.st.stm32cube.ide.mcu.externaltools.gnu-tools-for-stm32.7-2018-q2-update.win32_1.0.0.201904181610/tools/bin/../lib/gcc/arm-none-eabi/7.3.1/../../../../arm-none-eabi/lib/thumb/v7-m\libc_nano.a(lib_a-memset.o)
                              c:/st/stm32cubeide_1.0.2/stm32cubeide/plugins/com.st.stm32cube.ide.mcu.externaltools.gnu-tools-for-stm32.7-2018-q2-update.win32_1.0.0.201904181610/tools/bin/../lib/gcc/arm-none-eabi/7.3.1/../../../../arm-none-eabi/lib/thumb/v7-m/crt0.o (memset)
c:/st/stm32cubeide_1.0.2/stm32cubeide/plugins/com.st.stm32cube.ide.mcu.externaltools.gnu-tools-for-stm32.7-2018-q2-update.win32_1.0.0.201904181610/tools/bin/../lib/gcc/arm-none-eabi/7.3.1/../../../../arm-none-eabi/lib/thumb/v7-m\libc_nano.a(lib_a-strtol.o)
                              c:/st/stm32cubeide_1.0.2/stm32cubeide/plugins/com.st.stm32cube.ide.mcu.externaltools.gnu-tools-for-stm32.7-2018-q2-update.win32_1.0.0.201904181610/tools/bin/../lib/gcc/arm-none-eabi/7.3.1/../../../../arm-none-eabi/lib/thumb/v7-m\libc_nano.a(lib_a-atoi.o) (_strtol_r)
c:/st/stm32cubeide_1.0.2/stm32cubeide/plugins/com.st.stm32cube.ide.mcu.externaltools.gnu-tools-for-stm32.7-2018-q2-update.win32_1.0.0.201904181610/tools/bin/../lib/gcc/arm-none-eabi/7.3.1/../../../../arm-none-eabi/lib/thumb/v7-m\libc_nano.a(lib_a-utoa.o)
                              c:/st/stm32cubeide_1.0.2/stm32cubeide/plugins/com.st.stm32cube.ide.mcu.externaltools.gnu-tools-for-stm32.7-2018-q2-update.win32_1.0.0.201904181610/tools/bin/../lib/gcc/arm-none-eabi/7.3.1/../../../../arm-none-eabi/lib/thumb/v7-m\libc_nano.a(lib_a-itoa.o) (__utoa)
[...]
Memory Configuration

Name             Origin             Length             Attributes
RAM              0x0000000020000000 0x0000000000005000 xrw
FLASH            0x0000000008000000 0x0000000000010000 xr
*default*        0x0000000000000000 0xffffffffffffffff

Linker script and memory map

LOAD c:/st/stm32cubeide_1.0.2/stm32cubeide/plugins/com.st.stm32cube.ide.mcu.externaltools.gnu-tools-for-stm32.7-2018-q2-update.win32_1.0.0.201904181610/tools/bin/../lib/gcc/arm-none-eabi/7.3.1/thumb/v7-m/crti.o
LOAD c:/st/stm32cubeide_1.0.2/stm32cubeide/plugins/com.st.stm32cube.ide.mcu.externaltools.gnu-tools-for-stm32.7-2018-q2-update.win32_1.0.0.201904181610/tools/bin/../lib/gcc/arm-none-eabi/7.3.1/thumb/v7-m/crtbegin.o
LOAD c:/st/stm32cubeide_1.0.2/stm32cubeide/plugins/com.st.stm32cube.ide.mcu.externaltools.gnu-tools-for-stm32.7-2018-q2-update.win32_1.0.0.201904181610/tools/bin/../lib/gcc/arm-none-eabi/7.3.1/../../../../arm-none-eabi/lib/thumb/v7-m/crt0.o
LOAD Drivers/STM32F1xx_HAL_Driver/Src/stm32f1xx_hal.o
LOAD Drivers/STM32F1xx_HAL_Driver/Src/stm32f1xx_hal_cortex.o
LOAD Drivers/STM32F1xx_HAL_Driver/Src/stm32f1xx_hal_dma.o
LOAD Drivers/STM32F1xx_HAL_Driver/Src/stm32f1xx_hal_exti.o
LOAD Drivers/STM32F1xx_HAL_Driver/Src/stm32f1xx_hal_flash.o
LOAD Drivers/STM32F1xx_HAL_Driver/Src/stm32f1xx_hal_flash_ex.o
LOAD Drivers/STM32F1xx_HAL_Driver/Src/stm32f1xx_hal_gpio.o
LOAD Drivers/STM32F1xx_HAL_Driver/Src/stm32f1xx_hal_gpio_ex.o
LOAD Drivers/STM32F1xx_HAL_Driver/Src/stm32f1xx_hal_pcd.o
LOAD Drivers/STM32F1xx_HAL_Driver/Src/stm32f1xx_hal_pcd_ex.o
LOAD Drivers/STM32F1xx_HAL_Driver/Src/stm32f1xx_hal_pwr.o
LOAD Drivers/STM32F1xx_HAL_Driver/Src/stm32f1xx_hal_rcc.o
LOAD Drivers/STM32F1xx_HAL_Driver/Src/stm32f1xx_hal_rcc_ex.o
LOAD Drivers/STM32F1xx_HAL_Driver/Src/stm32f1xx_hal_tim.o
LOAD Drivers/STM32F1xx_HAL_Driver/Src/stm32f1xx_hal_tim_ex.o
LOAD Drivers/STM32F1xx_HAL_Driver/Src/stm32f1xx_ll_usb.o
LOAD Middlewares/ST/STM32_USB_Device_Library/Class/CDC/Src/usbd_cdc.o
LOAD Middlewares/ST/STM32_USB_Device_Library/Core/Src/usbd_core.o
LOAD Middlewares/ST/STM32_USB_Device_Library/Core/Src/usbd_ctlreq.o
LOAD Middlewares/ST/STM32_USB_Device_Library/Core/Src/usbd_ioreq.o
LOAD Middlewares/Third_Party/FreeRTOS/Source/CMSIS_RTOS/cmsis_os.o
LOAD Middlewares/Third_Party/FreeRTOS/Source/croutine.o
LOAD Middlewares/Third_Party/FreeRTOS/Source/event_groups.o
LOAD Middlewares/Third_Party/FreeRTOS/Source/list.o
LOAD Middlewares/Third_Party/FreeRTOS/Source/queue.o
LOAD Middlewares/Third_Party/FreeRTOS/Source/stream_buffer.o
LOAD Middlewares/Third_Party/FreeRTOS/Source/tasks.o
LOAD Middlewares/Third_Party/FreeRTOS/Source/timers.o
LOAD Middlewares/Third_Party/FreeRTOS/Source/portable/GCC/ARM_CM3/port.o
LOAD Middlewares/Third_Party/FreeRTOS/Source/portable/MemMang/heap_4.o
LOAD Src/freertos.o
LOAD Src/main.o
LOAD Src/stm32f1xx_hal_msp.o
LOAD Src/stm32f1xx_hal_timebase_tim.o
LOAD Src/stm32f1xx_it.o
LOAD Src/syscalls.o
LOAD Src/sysmem.o
LOAD Src/system_stm32f1xx.o
LOAD Src/usb_device.o
LOAD Src/usbd_cdc_if.o
LOAD Src/usbd_conf.o
LOAD Src/usbd_desc.o
LOAD Startup/startup_stm32f103c8tx.o
START GROUP
LOAD c:/st/stm32cubeide_1.0.2/stm32cubeide/plugins/com.st.stm32cube.ide.mcu.externaltools.gnu-tools-for-stm32.7-2018-q2-update.win32_1.0.0.201904181610/tools/bin/../lib/gcc/arm-none-eabi/7.3.1/../../../../arm-none-eabi/lib/thumb/v7-m\libstdc++_nano.a
LOAD c:/st/stm32cubeide_1.0.2/stm32cubeide/plugins/com.st.stm32cube.ide.mcu.externaltools.gnu-tools-for-stm32.7-2018-q2-update.win32_1.0.0.201904181610/tools/bin/../lib/gcc/arm-none-eabi/7.3.1/../../../../arm-none-eabi/lib/thumb/v7-m\libsupc++_nano.a
END GROUP
LOAD c:/st/stm32cubeide_1.0.2/stm32cubeide/plugins/com.st.stm32cube.ide.mcu.externaltools.gnu-tools-for-stm32.7-2018-q2-update.win32_1.0.0.201904181610/tools/bin/../lib/gcc/arm-none-eabi/7.3.1/../../../../arm-none-eabi/lib/thumb/v7-m\libstdc++_nano.a
LOAD c:/st/stm32cubeide_1.0.2/stm32cubeide/plugins/com.st.stm32cube.ide.mcu.externaltools.gnu-tools-for-stm32.7-2018-q2-update.win32_1.0.0.201904181610/tools/bin/../lib/gcc/arm-none-eabi/7.3.1/../../../../arm-none-eabi/lib/thumb/v7-m\libm.a
LOAD c:/st/stm32cubeide_1.0.2/stm32cubeide/plugins/com.st.stm32cube.ide.mcu.externaltools.gnu-tools-for-stm32.7-2018-q2-update.win32_1.0.0.201904181610/tools/bin/../lib/gcc/arm-none-eabi/7.3.1/../../../../arm-none-eabi/lib/thumb/v7-m\libc_nano.a
START GROUP
LOAD c:/st/stm32cubeide_1.0.2/stm32cubeide/plugins/com.st.stm32cube.ide.mcu.externaltools.gnu-tools-for-stm32.7-2018-q2-update.win32_1.0.0.201904181610/tools/bin/../lib/gcc/arm-none-eabi/7.3.1/thumb/v7-m\libgcc.a
LOAD c:/st/stm32cubeide_1.0.2/stm32cubeide/plugins/com.st.stm32cube.ide.mcu.externaltools.gnu-tools-for-stm32.7-2018-q2-update.win32_1.0.0.201904181610/tools/bin/../lib/gcc/arm-none-eabi/7.3.1/../../../../arm-none-eabi/lib/thumb/v7-m\libc_nano.a
END GROUP
START GROUP
LOAD c:/st/stm32cubeide_1.0.2/stm32cubeide/plugins/com.st.stm32cube.ide.mcu.externaltools.gnu-tools-for-stm32.7-2018-q2-update.win32_1.0.0.201904181610/tools/bin/../lib/gcc/arm-none-eabi/7.3.1/thumb/v7-m\libgcc.a
LOAD c:/st/stm32cubeide_1.0.2/stm32cubeide/plugins/com.st.stm32cube.ide.mcu.externaltools.gnu-tools-for-stm32.7-2018-q2-update.win32_1.0.0.201904181610/tools/bin/../lib/gcc/arm-none-eabi/7.3.1/../../../../arm-none-eabi/lib/thumb/v7-m\libc_nano.a
LOAD c:/st/stm32cubeide_1.0.2/stm32cubeide/plugins/com.st.stm32cube.ide.mcu.externaltools.gnu-tools-for-stm32.7-2018-q2-update.win32_1.0.0.201904181610/tools/bin/../lib/gcc/arm-none-eabi/7.3.1/../../../../arm-none-eabi/lib/thumb/v7-m\libnosys.a
END GROUP
START GROUP
LOAD c:/st/stm32cubeide_1.0.2/stm32cubeide/plugins/com.st.stm32cube.ide.mcu.externaltools.gnu-tools-for-stm32.7-2018-q2-update.win32_1.0.0.201904181610/tools/bin/../lib/gcc/arm-none-eabi/7.3.1/thumb/v7-m\libgcc.a
LOAD c:/st/stm32cubeide_1.0.2/stm32cubeide/plugins/com.st.stm32cube.ide.mcu.externaltools.gnu-tools-for-stm32.7-2018-q2-update.win32_1.0.0.201904181610/tools/bin/../lib/gcc/arm-none-eabi/7.3.1/../../../../arm-none-eabi/lib/thumb/v7-m\libc_nano.a
LOAD c:/st/stm32cubeide_1.0.2/stm32cubeide/plugins/com.st.stm32cube.ide.mcu.externaltools.gnu-tools-for-stm32.7-2018-q2-update.win32_1.0.0.201904181610/tools/bin/../lib/gcc/arm-none-eabi/7.3.1/../../../../arm-none-eabi/lib/thumb/v7-m\libnosys.a
END GROUP
LOAD c:/st/stm32cubeide_1.0.2/stm32cubeide/plugins/com.st.stm32cube.ide.mcu.externaltools.gnu-tools-for-stm32.7-2018-q2-update.win32_1.0.0.201904181610/tools/bin/../lib/gcc/arm-none-eabi/7.3.1/thumb/v7-m/crtend.o
LOAD c:/st/stm32cubeide_1.0.2/stm32cubeide/plugins/com.st.stm32cube.ide.mcu.externaltools.gnu-tools-for-stm32.7-2018-q2-update.win32_1.0.0.201904181610/tools/bin/../lib/gcc/arm-none-eabi/7.3.1/thumb/v7-m/crtn.o
                0x0000000020005000                _estack = 0x20005000
                0x0000000000000200                _Min_Heap_Size = 0x200
                0x0000000000000400                _Min_Stack_Size = 0x400

.isr_vector     0x0000000008000000      0x10c
                0x0000000008000000                . = ALIGN (0x4)
 *(.isr_vector)
 .isr_vector    0x0000000008000000      0x10c Startup/startup_stm32f103c8tx.o
                0x0000000008000000                g_pfnVectors
                0x000000000800010c                . = ALIGN (0x4)

.text           0x0000000008000110     0x84b8
                0x0000000008000110                . = ALIGN (0x4)
 *(.text)
 .text          0x0000000008000110       0x40 c:/st/stm32cubeide_1.0.2/stm32cubeide/plugins/com.st.stm32cube.ide.mcu.externaltools.gnu-tools-for-stm32.7-2018-q2-update.win32_1.0.0.201904181610/tools/bin/../lib/gcc/arm-none-eabi/7.3.1/thumb/v7-m/crtbegin.o
 *(.text*)
 .text.HAL_Init
                0x0000000008000150       0x2c Drivers/STM32F1xx_HAL_Driver/Src/stm32f1xx_hal.o
                0x0000000008000150                HAL_Init
 .text.HAL_IncTick
                0x000000000800017c       0x24 Drivers/STM32F1xx_HAL_Driver/Src/stm32f1xx_hal.o
                0x000000000800017c                HAL_IncTick
 .text.HAL_GetTick
                0x00000000080001a0       0x14 Drivers/STM32F1xx_HAL_Driver/Src/stm32f1xx_hal.o
                0x00000000080001a0                HAL_GetTick
 .text.__NVIC_SetPriorityGrouping
                0x00000000080001b4       0x48 Drivers/STM32F1xx_HAL_Driver/Src/stm32f1xx_hal_cortex.o
 .text.__NVIC_GetPriorityGrouping
                0x00000000080001fc       0x1c Drivers/STM32F1xx_HAL_Driver/Src/stm32f1xx_hal_cortex.o
 .text.__NVIC_EnableIRQ
                0x0000000008000218       0x38 Drivers/STM32F1xx_HAL_Driver/Src/stm32f1xx_hal_cortex.o
 .text.__NVIC_SetPriority
                0x0000000008000250       0x54 Drivers/STM32F1xx_HAL_Driver/Src/stm32f1xx_hal_cortex.o
 .text.NVIC_EncodePriority
                0x00000000080002a4       0x64 Drivers/STM32F1xx_HAL_Driver/Src/stm32f1xx_hal_cortex.o
 .text.HAL_NVIC_SetPriorityGrouping
                0x0000000008000308       0x16 Drivers/STM32F1xx_HAL_Driver/Src/stm32f1xx_hal_cortex.o
                0x0000000008000308                HAL_NVIC_SetPriorityGrouping
 .text.HAL_NVIC_SetPriority
                0x000000000800031e       0x38 Drivers/STM32F1xx_HAL_Driver/Src/stm32f1xx_hal_cortex.o
                0x000000000800031e                HAL_NVIC_SetPriority
 .text.HAL_NVIC_EnableIRQ
                0x0000000008000356       0x1c Drivers/STM32F1xx_HAL_Driver/Src/stm32f1xx_hal_cortex.o
                0x0000000008000356                HAL_NVIC_EnableIRQ
 *fill*         0x0000000008000372        0x2 
 .text.HAL_GPIO_Init
                0x0000000008000374      0x2b4 Drivers/STM32F1xx_HAL_Driver/Src/stm32f1xx_hal_gpio.o
                0x0000000008000374                HAL_GPIO_Init
 .text.HAL_GPIO_WritePin
                0x0000000008000628       0x30 Drivers/STM32F1xx_HAL_Driver/Src/stm32f1xx_hal_gpio.o
                0x0000000008000628                HAL_GPIO_WritePin
 .text.HAL_PCD_Init
                0x0000000008000658      0x1c2 Drivers/STM32F1xx_HAL_Driver/Src/stm32f1xx_hal_pcd.o
                0x0000000008000658                HAL_PCD_Init
 .text.HAL_PCD_Start
                0x000000000800081a       0x4c Drivers/STM32F1xx_HAL_Driver/Src/stm32f1xx_hal_pcd.o
                0x000000000800081a                HAL_PCD_Start
 .text.HAL_PCD_IRQHandler
                0x0000000008000866      0x21c Drivers/STM32F1xx_HAL_Driver/Src/stm32f1xx_hal_pcd.o
                0x0000000008000866                HAL_PCD_IRQHandler
 .text.HAL_PCD_SetAddress
                0x0000000008000a82       0x4a Drivers/STM32F1xx_HAL_Driver/Src/stm32f1xx_hal_pcd.o
                0x0000000008000a82                HAL_PCD_SetAddress
 .text.HAL_PCD_EP_Open
                0x0000000008000acc       0xc0 Drivers/STM32F1xx_HAL_Driver/Src/stm32f1xx_hal_pcd.o
                0x0000000008000acc                HAL_PCD_EP_Open
 .text.HAL_PCD_EP_Close
                0x0000000008000b8c       0x84 Drivers/STM32F1xx_HAL_Driver/Src/stm32f1xx_hal_pcd.o
                0x0000000008000b8c                HAL_PCD_EP_Close
 .text.HAL_PCD_EP_Receive
                0x0000000008000c10       0x74 Drivers/STM32F1xx_HAL_Driver/Src/stm32f1xx_hal_pcd.o
                0x0000000008000c10                HAL_PCD_EP_Receive
 .text.HAL_PCD_EP_GetRxCount
                0x0000000008000c84       0x28 Drivers/STM32F1xx_HAL_Driver/Src/stm32f1xx_hal_pcd.o
                0x0000000008000c84                HAL_PCD_EP_GetRxCount
 .text.HAL_PCD_EP_Transmit
                0x0000000008000cac       0x72 Drivers/STM32F1xx_HAL_Driver/Src/stm32f1xx_hal_pcd.o
                0x0000000008000cac                HAL_PCD_EP_Transmit
 .text.HAL_PCD_EP_SetStall
                0x0000000008000d1e       0xb4 Drivers/STM32F1xx_HAL_Driver/Src/stm32f1xx_hal_pcd.o
                0x0000000008000d1e                HAL_PCD_EP_SetStall
 .text.HAL_PCD_EP_ClrStall
                0x0000000008000dd2       0x9c Drivers/STM32F1xx_HAL_Driver/Src/stm32f1xx_hal_pcd.o
                0x0000000008000dd2                HAL_PCD_EP_ClrStall
 *fill*         0x0000000008000e6e        0x2 
 .text.PCD_EP_ISR_Handler
                0x0000000008000e70      0x534 Drivers/STM32F1xx_HAL_Driver/Src/stm32f1xx_hal_pcd.o
 .text.HAL_PCDEx_PMAConfig
                0x00000000080013a4       0x78 Drivers/STM32F1xx_HAL_Driver/Src/stm32f1xx_hal_pcd_ex.o
                0x00000000080013a4                HAL_PCDEx_PMAConfig
 .text.HAL_RCC_OscConfig
                0x000000000800141c      0x500 Drivers/STM32F1xx_HAL_Driver/Src/stm32f1xx_hal_rcc.o
                0x000000000800141c                HAL_RCC_OscConfig
 .text.HAL_RCC_ClockConfig
                0x000000000800191c      0x1d4 Drivers/STM32F1xx_HAL_Driver/Src/stm32f1xx_hal_rcc.o
                0x000000000800191c                HAL_RCC_ClockConfig
 .text.HAL_RCC_GetSysClockFreq
                0x0000000008001af0       0xc4 Drivers/STM32F1xx_HAL_Driver/Src/stm32f1xx_hal_rcc.o
                0x0000000008001af0                HAL_RCC_GetSysClockFreq
 .text.HAL_RCC_GetHCLKFreq
                0x0000000008001bb4       0x14 Drivers/STM32F1xx_HAL_Driver/Src/stm32f1xx_hal_rcc.o
                0x0000000008001bb4                HAL_RCC_GetHCLKFreq
 .text.HAL_RCC_GetPCLK1Freq
                0x0000000008001bc8       0x28 Drivers/STM32F1xx_HAL_Driver/Src/stm32f1xx_hal_rcc.o
                0x0000000008001bc8                HAL_RCC_GetPCLK1Freq
 .text.HAL_RCC_GetClockConfig
                0x0000000008001bf0       0x60 Drivers/STM32F1xx_HAL_Driver/Src/stm32f1xx_hal_rcc.o
                0x0000000008001bf0                HAL_RCC_GetClockConfig
 .text.RCC_Delay
                0x0000000008001c50       0x3c Drivers/STM32F1xx_HAL_Driver/Src/stm32f1xx_hal_rcc.o
 .text.HAL_RCCEx_PeriphCLKConfig
                0x0000000008001c8c      0x16c Drivers/STM32F1xx_HAL_Driver/Src/stm32f1xx_hal_rcc_ex.o
                0x0000000008001c8c                HAL_RCCEx_PeriphCLKConfig
 .text.HAL_TIM_Base_Init
                0x0000000008001df8       0x56 Drivers/STM32F1xx_HAL_Driver/Src/stm32f1xx_hal_tim.o
                0x0000000008001df8                HAL_TIM_Base_Init
 .text.HAL_TIM_Base_MspInit
                0x0000000008001e4e       0x12 Drivers/STM32F1xx_HAL_Driver/Src/stm32f1xx_hal_tim.o
                0x0000000008001e4e                HAL_TIM_Base_MspInit
 .text.HAL_TIM_Base_Start_IT
                0x0000000008001e60       0x46 Drivers/STM32F1xx_HAL_Driver/Src/stm32f1xx_hal_tim.o
                0x0000000008001e60                HAL_TIM_Base_Start_IT
 .text.HAL_TIM_IRQHandler
                0x0000000008001ea6      0x210 Drivers/STM32F1xx_HAL_Driver/Src/stm32f1xx_hal_tim.o
                0x0000000008001ea6                HAL_TIM_IRQHandler
 .text.HAL_TIM_OC_DelayElapsedCallback
                0x00000000080020b6       0x12 Drivers/STM32F1xx_HAL_Driver/Src/stm32f1xx_hal_tim.o
                0x00000000080020b6                HAL_TIM_OC_DelayElapsedCallback
 .text.HAL_TIM_IC_CaptureCallback
                0x00000000080020c8       0x12 Drivers/STM32F1xx_HAL_Driver/Src/stm32f1xx_hal_tim.o
                0x00000000080020c8                HAL_TIM_IC_CaptureCallback
 .text.HAL_TIM_PWM_PulseFinishedCallback
                0x00000000080020da       0x12 Drivers/STM32F1xx_HAL_Driver/Src/stm32f1xx_hal_tim.o
                0x00000000080020da                HAL_TIM_PWM_PulseFinishedCallback
 .text.HAL_TIM_TriggerCallback
                0x00000000080020ec       0x12 Drivers/STM32F1xx_HAL_Driver/Src/stm32f1xx_hal_tim.o
                0x00000000080020ec                HAL_TIM_TriggerCallback
 *fill*         0x00000000080020fe        0x2 
 .text.TIM_Base_SetConfig
                0x0000000008002100       0xc4 Drivers/STM32F1xx_HAL_Driver/Src/stm32f1xx_hal_tim.o
                0x0000000008002100                TIM_Base_SetConfig
 .text.HAL_TIMEx_CommutCallback
                0x00000000080021c4       0x12 Drivers/STM32F1xx_HAL_Driver/Src/stm32f1xx_hal_tim_ex.o
                0x00000000080021c4                HAL_TIMEx_CommutCallback
 .text.HAL_TIMEx_BreakCallback
                0x00000000080021d6       0x12 Drivers/STM32F1xx_HAL_Driver/Src/stm32f1xx_hal_tim_ex.o
                0x00000000080021d6                HAL_TIMEx_BreakCallback
 .text.USB_CoreInit
                0x00000000080021e8       0x20 Drivers/STM32F1xx_HAL_Driver/Src/stm32f1xx_ll_usb.o
                0x00000000080021e8                USB_CoreInit
 .text.USB_EnableGlobalInt
                0x0000000008002208       0x2e Drivers/STM32F1xx_HAL_Driver/Src/stm32f1xx_ll_usb.o
                0x0000000008002208                USB_EnableGlobalInt
 .text.USB_DisableGlobalInt
                0x0000000008002236       0x38 Drivers/STM32F1xx_HAL_Driver/Src/stm32f1xx_ll_usb.o
                0x0000000008002236                USB_DisableGlobalInt
 .text.USB_SetCurrentMode
                0x000000000800226e       0x18 Drivers/STM32F1xx_HAL_Driver/Src/stm32f1xx_ll_usb.o
                0x000000000800226e                USB_SetCurrentMode
 .text.USB_DevInit
                0x0000000008002286       0x48 Drivers/STM32F1xx_HAL_Driver/Src/stm32f1xx_ll_usb.o
                0x0000000008002286                USB_DevInit
 *fill*         0x00000000080022ce        0x2 
 .text.USB_ActivateEndpoint
                0x00000000080022d0      0x5dc Drivers/STM32F1xx_HAL_Driver/Src/stm32f1xx_ll_usb.o
                0x00000000080022d0                USB_ActivateEndpoint
 .text.USB_DeactivateEndpoint
                0x00000000080028ac      0x32c Drivers/STM32F1xx_HAL_Driver/Src/stm32f1xx_ll_usb.o
                0x00000000080028ac                USB_DeactivateEndpoint
 .text.USB_EPStartXfer
                0x0000000008002bd8      0x570 Drivers/STM32F1xx_HAL_Driver/Src/stm32f1xx_ll_usb.o
                0x0000000008002bd8                USB_EPStartXfer
 .text.USB_EPSetStall
                0x0000000008003148       0x84 Drivers/STM32F1xx_HAL_Driver/Src/stm32f1xx_ll_usb.o
                0x0000000008003148                USB_EPSetStall
 .text.USB_EPClearStall
                0x00000000080031cc      0x128 Drivers/STM32F1xx_HAL_Driver/Src/stm32f1xx_ll_usb.o
                0x00000000080031cc                USB_EPClearStall
 .text.USB_SetDevAddress
                0x00000000080032f4       0x26 Drivers/STM32F1xx_HAL_Driver/Src/stm32f1xx_ll_usb.o
                0x00000000080032f4                USB_SetDevAddress
 .text.USB_DevConnect
                0x000000000800331a       0x14 Drivers/STM32F1xx_HAL_Driver/Src/stm32f1xx_ll_usb.o
                0x000000000800331a                USB_DevConnect
 .text.USB_DevDisconnect
                0x000000000800332e       0x14 Drivers/STM32F1xx_HAL_Driver/Src/stm32f1xx_ll_usb.o
                0x000000000800332e                USB_DevDisconnect
 .text.USB_ReadInterrupts
                0x0000000008003342       0x1e Drivers/STM32F1xx_HAL_Driver/Src/stm32f1xx_ll_usb.o
                0x0000000008003342                USB_ReadInterrupts
 .text.USB_EP0_OutStart
                0x0000000008003360       0x16 Drivers/STM32F1xx_HAL_Driver/Src/stm32f1xx_ll_usb.o
                0x0000000008003360                USB_EP0_OutStart
 .text.USB_WritePMA
                0x0000000008003376       0x88 Drivers/STM32F1xx_HAL_Driver/Src/stm32f1xx_ll_usb.o
                0x0000000008003376                USB_WritePMA
 .text.USB_ReadPMA
                0x00000000080033fe       0x9e Drivers/STM32F1xx_HAL_Driver/Src/stm32f1xx_ll_usb.o
                0x00000000080033fe                USB_ReadPMA
 .text.USBD_CDC_Init
                0x000000000800349c       0xf4 Middlewares/ST/STM32_USB_Device_Library/Class/CDC/Src/usbd_cdc.o
 .text.USBD_CDC_DeInit
                0x0000000008003590       0x6e Middlewares/ST/STM32_USB_Device_Library/Class/CDC/Src/usbd_cdc.o
 .text.USBD_CDC_Setup
                0x00000000080035fe      0x140 Middlewares/ST/STM32_USB_Device_Library/Class/CDC/Src/usbd_cdc.o
 .text.USBD_CDC_DataIn
                0x000000000800373e       0xa0 Middlewares/ST/STM32_USB_Device_Library/Class/CDC/Src/usbd_cdc.o
 .text.USBD_CDC_DataOut
                0x00000000080037de       0x56 Middlewares/ST/STM32_USB_Device_Library/Class/CDC/Src/usbd_cdc.o
 .text.USBD_CDC_EP0_RxReady
                0x0000000008003834       0x50 Middlewares/ST/STM32_USB_Device_Library/Class/CDC/Src/usbd_cdc.o
 .text.USBD_CDC_GetFSCfgDesc
                0x0000000008003884       0x20 Middlewares/ST/STM32_USB_Device_Library/Class/CDC/Src/usbd_cdc.o
 .text.USBD_CDC_GetHSCfgDesc
                0x00000000080038a4       0x20 Middlewares/ST/STM32_USB_Device_Library/Class/CDC/Src/usbd_cdc.o
 .text.USBD_CDC_GetOtherSpeedCfgDesc
                0x00000000080038c4       0x20 Middlewares/ST/STM32_USB_Device_Library/Class/CDC/Src/usbd_cdc.o
 .text.USBD_CDC_GetDeviceQualifierDescriptor
                0x00000000080038e4       0x20 Middlewares/ST/STM32_USB_Device_Library/Class/CDC/Src/usbd_cdc.o
                0x00000000080038e4                USBD_CDC_GetDeviceQualifierDescriptor
 .text.USBD_CDC_RegisterInterface
                0x0000000008003904       0x2c Middlewares/ST/STM32_USB_Device_Library/Class/CDC/Src/usbd_cdc.o
                0x0000000008003904                USBD_CDC_RegisterInterface
 .text.USBD_CDC_SetTxBuffer
                0x0000000008003930       0x32 Middlewares/ST/STM32_USB_Device_Library/Class/CDC/Src/usbd_cdc.o
                0x0000000008003930                USBD_CDC_SetTxBuffer
 .text.USBD_CDC_SetRxBuffer
                0x0000000008003962       0x26 Middlewares/ST/STM32_USB_Device_Library/Class/CDC/Src/usbd_cdc.o
                0x0000000008003962                USBD_CDC_SetRxBuffer
 .text.USBD_CDC_TransmitPacket
                0x0000000008003988       0x5e Middlewares/ST/STM32_USB_Device_Library/Class/CDC/Src/usbd_cdc.o
                0x0000000008003988                USBD_CDC_TransmitPacket
 .text.USBD_CDC_ReceivePacket
                0x00000000080039e6       0x54 Middlewares/ST/STM32_USB_Device_Library/Class/CDC/Src/usbd_cdc.o
                0x00000000080039e6                USBD_CDC_ReceivePacket
 .text.USBD_Init
                0x0000000008003a3a       0x56 Middlewares/ST/STM32_USB_Device_Library/Core/Src/usbd_core.o
                0x0000000008003a3a                USBD_Init
 .text.USBD_RegisterClass
                0x0000000008003a90       0x32 Middlewares/ST/STM32_USB_Device_Library/Core/Src/usbd_core.o
                0x0000000008003a90                USBD_RegisterClass
 .text.USBD_Start
                0x0000000008003ac2       0x18 Middlewares/ST/STM32_USB_Device_Library/Core/Src/usbd_core.o
                0x0000000008003ac2                USBD_Start
 .text.USBD_RunTestMode
                0x0000000008003ada       0x14 Middlewares/ST/STM32_USB_Device_Library/Core/Src/usbd_core.o
                0x0000000008003ada                USBD_RunTestMode
 .text.USBD_SetClassConfig
                0x0000000008003aee       0x3e Middlewares/ST/STM32_USB_Device_Library/Core/Src/usbd_core.o
                0x0000000008003aee                USBD_SetClassConfig
 .text.USBD_ClrClassConfig
                0x0000000008003b2c       0x26 Middlewares/ST/STM32_USB_Device_Library/Core/Src/usbd_core.o
                0x0000000008003b2c                USBD_ClrClassConfig
 .text.USBD_LL_SetupStage
                0x0000000008003b52       0x96 Middlewares/ST/STM32_USB_Device_Library/Core/Src/usbd_core.o
                0x0000000008003b52                USBD_LL_SetupStage
 .text.USBD_LL_DataOutStage
                0x0000000008003be8       0xe2 Middlewares/ST/STM32_USB_Device_Library/Core/Src/usbd_core.o
                0x0000000008003be8                USBD_LL_DataOutStage
 .text.USBD_LL_DataInStage
                0x0000000008003cca      0x14a Middlewares/ST/STM32_USB_Device_Library/Core/Src/usbd_core.o
                0x0000000008003cca                USBD_LL_DataInStage
 .text.USBD_LL_Reset
                0x0000000008003e14       0x82 Middlewares/ST/STM32_USB_Device_Library/Core/Src/usbd_core.o
                0x0000000008003e14                USBD_LL_Reset
 .text.USBD_LL_SetSpeed
                0x0000000008003e96       0x1e Middlewares/ST/STM32_USB_Device_Library/Core/Src/usbd_core.o
                0x0000000008003e96                USBD_LL_SetSpeed
 .text.USBD_LL_Suspend
                0x0000000008003eb4       0x28 Middlewares/ST/STM32_USB_Device_Library/Core/Src/usbd_core.o
                0x0000000008003eb4                USBD_LL_Suspend
 .text.USBD_LL_Resume
                0x0000000008003edc       0x2a Middlewares/ST/STM32_USB_Device_Library/Core/Src/usbd_core.o
                0x0000000008003edc                USBD_LL_Resume
 .text.USBD_LL_SOF
                0x0000000008003f06       0x34 Middlewares/ST/STM32_USB_Device_Library/Core/Src/usbd_core.o
                0x0000000008003f06                USBD_LL_SOF
 *fill*         0x0000000008003f3a        0x2 
 .text.USBD_StdDevReq
                0x0000000008003f3c       0xd4 Middlewares/ST/STM32_USB_Device_Library/Core/Src/usbd_ctlreq.o
                0x0000000008003f3c                USBD_StdDevReq
 .text.USBD_StdItfReq
                0x0000000008004010       0x8c Middlewares/ST/STM32_USB_Device_Library/Core/Src/usbd_ctlreq.o
                0x0000000008004010                USBD_StdItfReq
 .text.USBD_StdEPReq
                0x000000000800409c      0x2ba Middlewares/ST/STM32_USB_Device_Library/Core/Src/usbd_ctlreq.o
                0x000000000800409c                USBD_StdEPReq
 *fill*         0x0000000008004356        0x2 
 .text.USBD_GetDescriptor
                0x0000000008004358      0x2d0 Middlewares/ST/STM32_USB_Device_Library/Core/Src/usbd_ctlreq.o
 .text.USBD_SetAddress
                0x0000000008004628       0x84 Middlewares/ST/STM32_USB_Device_Library/Core/Src/usbd_ctlreq.o
 .text.USBD_SetConfig
                0x00000000080046ac      0x11c Middlewares/ST/STM32_USB_Device_Library/Core/Src/usbd_ctlreq.o
 .text.USBD_GetConfig
                0x00000000080047c8       0x68 Middlewares/ST/STM32_USB_Device_Library/Core/Src/usbd_ctlreq.o
 .text.USBD_GetStatus
                0x0000000008004830       0x66 Middlewares/ST/STM32_USB_Device_Library/Core/Src/usbd_ctlreq.o
 .text.USBD_SetFeature
                0x0000000008004896       0x28 Middlewares/ST/STM32_USB_Device_Library/Core/Src/usbd_ctlreq.o
 .text.USBD_ClrFeature
                0x00000000080048be       0x42 Middlewares/ST/STM32_USB_Device_Library/Core/Src/usbd_ctlreq.o
 .text.USBD_ParseSetupRequest
                0x0000000008004900       0x78 Middlewares/ST/STM32_USB_Device_Library/Core/Src/usbd_ctlreq.o
                0x0000000008004900                USBD_ParseSetupRequest
 .text.USBD_CtlError
                0x0000000008004978       0x22 Middlewares/ST/STM32_USB_Device_Library/Core/Src/usbd_ctlreq.o
                0x0000000008004978                USBD_CtlError
 .text.USBD_GetString
                0x000000000800499a       0x84 Middlewares/ST/STM32_USB_Device_Library/Core/Src/usbd_ctlreq.o
                0x000000000800499a                USBD_GetString
 .text.USBD_GetLen
                0x0000000008004a1e       0x2e Middlewares/ST/STM32_USB_Device_Library/Core/Src/usbd_ctlreq.o
 .text.USBD_CtlSendData
                0x0000000008004a4c       0x38 Middlewares/ST/STM32_USB_Device_Library/Core/Src/usbd_ioreq.o
                0x0000000008004a4c                USBD_CtlSendData
 .text.USBD_CtlContinueSendData
                0x0000000008004a84       0x24 Middlewares/ST/STM32_USB_Device_Library/Core/Src/usbd_ioreq.o
                0x0000000008004a84                USBD_CtlContinueSendData
 .text.USBD_CtlPrepareRx
                0x0000000008004aa8       0x3c Middlewares/ST/STM32_USB_Device_Library/Core/Src/usbd_ioreq.o
                0x0000000008004aa8                USBD_CtlPrepareRx
 .text.USBD_CtlContinueRx
                0x0000000008004ae4       0x24 Middlewares/ST/STM32_USB_Device_Library/Core/Src/usbd_ioreq.o
                0x0000000008004ae4                USBD_CtlContinueRx
 .text.USBD_CtlSendStatus
                0x0000000008004b08       0x26 Middlewares/ST/STM32_USB_Device_Library/Core/Src/usbd_ioreq.o
                0x0000000008004b08                USBD_CtlSendStatus
 .text.USBD_CtlReceiveStatus
                0x0000000008004b2e       0x26 Middlewares/ST/STM32_USB_Device_Library/Core/Src/usbd_ioreq.o
                0x0000000008004b2e                USBD_CtlReceiveStatus
 .text.makeFreeRtosPriority
                0x0000000008004b54       0x2e Middlewares/Third_Party/FreeRTOS/Source/CMSIS_RTOS/cmsis_os.o
 .text.osKernelStart
                0x0000000008004b82        0xe Middlewares/Third_Party/FreeRTOS/Source/CMSIS_RTOS/cmsis_os.o
                0x0000000008004b82                osKernelStart
 .text.osThreadCreate
                0x0000000008004b90       0x4e Middlewares/Third_Party/FreeRTOS/Source/CMSIS_RTOS/cmsis_os.o
                0x0000000008004b90                osThreadCreate
 .text.osDelay  0x0000000008004bde       0x28 Middlewares/Third_Party/FreeRTOS/Source/CMSIS_RTOS/cmsis_os.o
                0x0000000008004bde                osDelay
 .text.vListInitialise
                0x0000000008004c06       0x3e Middlewares/Third_Party/FreeRTOS/Source/list.o
                0x0000000008004c06                vListInitialise
 .text.vListInitialiseItem
                0x0000000008004c44       0x18 Middlewares/Third_Party/FreeRTOS/Source/list.o
                0x0000000008004c44                vListInitialiseItem
 .text.vListInsertEnd
                0x0000000008004c5c       0x46 Middlewares/Third_Party/FreeRTOS/Source/list.o
                0x0000000008004c5c                vListInsertEnd
 .text.vListInsert
                0x0000000008004ca2       0x70 Middlewares/Third_Party/FreeRTOS/Source/list.o
                0x0000000008004ca2                vListInsert
 .text.uxListRemove
                0x0000000008004d12       0x52 Middlewares/Third_Party/FreeRTOS/Source/list.o
                0x0000000008004d12                uxListRemove
 .text.xQueueGenericReset
                0x0000000008004d64       0xd0 Middlewares/Third_Party/FreeRTOS/Source/queue.o
                0x0000000008004d64                xQueueGenericReset
 .text.xQueueGenericCreate
                0x0000000008004e34       0x72 Middlewares/Third_Party/FreeRTOS/Source/queue.o
                0x0000000008004e34                xQueueGenericCreate
 .text.prvInitialiseNewQueue
                0x0000000008004ea6       0x3e Middlewares/Third_Party/FreeRTOS/Source/queue.o
 .text.xQueueGenericSend
                0x0000000008004ee4      0x1f4 Middlewares/Third_Party/FreeRTOS/Source/queue.o
                0x0000000008004ee4                xQueueGenericSend
 .text.xQueueGiveFromISR
                0x00000000080050d8      0x112 Middlewares/Third_Party/FreeRTOS/Source/queue.o
                0x00000000080050d8                xQueueGiveFromISR
 *fill*         0x00000000080051ea        0x2 
 .text.xQueueSemaphoreTake
                0x00000000080051ec      0x210 Middlewares/Third_Party/FreeRTOS/Source/queue.o
                0x00000000080051ec                xQueueSemaphoreTake
 .text.prvGetDisinheritPriorityAfterTimeout
                0x00000000080053fc       0x2e Middlewares/Third_Party/FreeRTOS/Source/queue.o
 .text.prvCopyDataToQueue
                0x000000000800542a       0xd4 Middlewares/Third_Party/FreeRTOS/Source/queue.o
 .text.prvUnlockQueue
                0x00000000080054fe       0xa4 Middlewares/Third_Party/FreeRTOS/Source/queue.o
 .text.prvIsQueueEmpty
                0x00000000080055a2       0x2c Middlewares/Third_Party/FreeRTOS/Source/queue.o
 .text.prvIsQueueFull
                0x00000000080055ce       0x30 Middlewares/Third_Party/FreeRTOS/Source/queue.o
 .text.xTaskCreate
                0x00000000080055fe       0x82 Middlewares/Third_Party/FreeRTOS/Source/tasks.o
                0x00000000080055fe                xTaskCreate
 .text.prvInitialiseNewTask
                0x0000000008005680       0xfc Middlewares/Third_Party/FreeRTOS/Source/tasks.o
 .text.prvAddNewTaskToReadyList
                0x000000000800577c       0xd4 Middlewares/Third_Party/FreeRTOS/Source/tasks.o
 .text.vTaskDelay
                0x0000000008005850       0x68 Middlewares/Third_Party/FreeRTOS/Source/tasks.o
                0x0000000008005850                vTaskDelay
 .text.vTaskStartScheduler
                0x00000000080058b8       0x8c Middlewares/Third_Party/FreeRTOS/Source/tasks.o
                0x00000000080058b8                vTaskStartScheduler
 .text.vTaskSuspendAll
                0x0000000008005944       0x1c Middlewares/Third_Party/FreeRTOS/Source/tasks.o
                0x0000000008005944                vTaskSuspendAll
 .text.xTaskResumeAll
                0x0000000008005960      0x138 Middlewares/Third_Party/FreeRTOS/Source/tasks.o
                0x0000000008005960                xTaskResumeAll
 .text.xTaskIncrementTick
                0x0000000008005a98      0x178 Middlewares/Third_Party/FreeRTOS/Source/tasks.o
                0x0000000008005a98                xTaskIncrementTick
 .text.vTaskSwitchContext
                0x0000000008005c10       0xb4 Middlewares/Third_Party/FreeRTOS/Source/tasks.o
                0x0000000008005c10                vTaskSwitchContext
 .text.vTaskPlaceOnEventList
                0x0000000008005cc4       0x48 Middlewares/Third_Party/FreeRTOS/Source/tasks.o
                0x0000000008005cc4                vTaskPlaceOnEventList
 .text.xTaskRemoveFromEventList
                0x0000000008005d0c       0xc4 Middlewares/Third_Party/FreeRTOS/Source/tasks.o
                0x0000000008005d0c                xTaskRemoveFromEventList
 .text.vTaskInternalSetTimeOutState
                0x0000000008005dd0       0x2c Middlewares/Third_Party/FreeRTOS/Source/tasks.o
                0x0000000008005dd0                vTaskInternalSetTimeOutState
 .text.xTaskCheckForTimeOut
                0x0000000008005dfc       0xc0 Middlewares/Third_Party/FreeRTOS/Source/tasks.o
                0x0000000008005dfc                xTaskCheckForTimeOut
 .text.vTaskMissedYield
                0x0000000008005ebc       0x18 Middlewares/Third_Party/FreeRTOS/Source/tasks.o
                0x0000000008005ebc                vTaskMissedYield
 .text.prvIdleTask
                0x0000000008005ed4       0x30 Middlewares/Third_Party/FreeRTOS/Source/tasks.o
 .text.prvInitialiseTaskLists
                0x0000000008005f04       0x80 Middlewares/Third_Party/FreeRTOS/Source/tasks.o
 .text.prvCheckTasksWaitingTermination
                0x0000000008005f84       0x58 Middlewares/Third_Party/FreeRTOS/Source/tasks.o
 .text.prvDeleteTCB
                0x0000000008005fdc       0x20 Middlewares/Third_Party/FreeRTOS/Source/tasks.o
 .text.prvResetNextTaskUnblockTime
                0x0000000008005ffc       0x48 Middlewares/Third_Party/FreeRTOS/Source/tasks.o
 .text.xTaskGetSchedulerState
                0x0000000008006044       0x3c Middlewares/Third_Party/FreeRTOS/Source/tasks.o
                0x0000000008006044                xTaskGetSchedulerState
 .text.xTaskPriorityInherit
                0x0000000008006080      0x10c Middlewares/Third_Party/FreeRTOS/Source/tasks.o
                0x0000000008006080                xTaskPriorityInherit
 .text.xTaskPriorityDisinherit
                0x000000000800618c      0x108 Middlewares/Third_Party/FreeRTOS/Source/tasks.o
                0x000000000800618c                xTaskPriorityDisinherit
 .text.vTaskPriorityDisinheritAfterTimeout
                0x0000000008006294      0x13c Middlewares/Third_Party/FreeRTOS/Source/tasks.o
                0x0000000008006294                vTaskPriorityDisinheritAfterTimeout
 .text.pvTaskIncrementMutexHeldCount
                0x00000000080063d0       0x28 Middlewares/Third_Party/FreeRTOS/Source/tasks.o
                0x00000000080063d0                pvTaskIncrementMutexHeldCount
 .text.prvAddCurrentTaskToDelayedList
                0x00000000080063f8       0xcc Middlewares/Third_Party/FreeRTOS/Source/tasks.o
 .text.pxPortInitialiseStack
                0x00000000080064c4       0x58 Middlewares/Third_Party/FreeRTOS/Source/portable/GCC/ARM_CM3/port.o
                0x00000000080064c4                pxPortInitialiseStack
 .text.prvTaskExitError
                0x000000000800651c       0x50 Middlewares/Third_Party/FreeRTOS/Source/portable/GCC/ARM_CM3/port.o
 *fill*         0x000000000800656c        0x4 
 .text.SVC_Handler
                0x0000000008006570       0x28 Middlewares/Third_Party/FreeRTOS/Source/portable/GCC/ARM_CM3/port.o
                0x0000000008006570                SVC_Handler
 .text.prvPortStartFirstTask
                0x0000000008006598       0x20 Middlewares/Third_Party/FreeRTOS/Source/portable/GCC/ARM_CM3/port.o
 .text.xPortStartScheduler
                0x00000000080065b8       0xe0 Middlewares/Third_Party/FreeRTOS/Source/portable/GCC/ARM_CM3/port.o
                0x00000000080065b8                xPortStartScheduler
 .text.vPortEnterCritical
                0x0000000008006698       0x5c Middlewares/Third_Party/FreeRTOS/Source/portable/GCC/ARM_CM3/port.o
                0x0000000008006698                vPortEnterCritical
 .text.vPortExitCritical
                0x00000000080066f4       0x4c Middlewares/Third_Party/FreeRTOS/Source/portable/GCC/ARM_CM3/port.o
                0x00000000080066f4                vPortExitCritical
 .text.PendSV_Handler
                0x0000000008006740       0x48 Middlewares/Third_Party/FreeRTOS/Source/portable/GCC/ARM_CM3/port.o
                0x0000000008006740                PendSV_Handler
 .text.SysTick_Handler
                0x0000000008006788       0x40 Middlewares/Third_Party/FreeRTOS/Source/portable/GCC/ARM_CM3/port.o
                0x0000000008006788                SysTick_Handler
 .text.vPortSetupTimerInterrupt
                0x00000000080067c8       0x44 Middlewares/Third_Party/FreeRTOS/Source/portable/GCC/ARM_CM3/port.o
                0x00000000080067c8                vPortSetupTimerInterrupt
 .text.vPortValidateInterruptPriority
                0x000000000800680c       0x78 Middlewares/Third_Party/FreeRTOS/Source/portable/GCC/ARM_CM3/port.o
                0x000000000800680c                vPortValidateInterruptPriority
 .text.pvPortMalloc
                0x0000000008006884      0x184 Middlewares/Third_Party/FreeRTOS/Source/portable/MemMang/heap_4.o
                0x0000000008006884                pvPortMalloc
 .text.vPortFree
                0x0000000008006a08       0xb0 Middlewares/Third_Party/FreeRTOS/Source/portable/MemMang/heap_4.o
                0x0000000008006a08                vPortFree
 .text.prvHeapInit
                0x0000000008006ab8       0xc4 Middlewares/Third_Party/FreeRTOS/Source/portable/MemMang/heap_4.o
 .text.prvInsertBlockIntoFreeList
                0x0000000008006b7c       0xb0 Middlewares/Third_Party/FreeRTOS/Source/portable/MemMang/heap_4.o
 .text.MX_GPIO_Init
                0x0000000008006c2c       0x7c Src/main.o
 .text.enviarPassos
                0x0000000008006ca8       0xa0 Src/main.o
                0x0000000008006ca8                enviarPassos
 .text.setStepX
                0x0000000008006d48       0xcc Src/main.o
                0x0000000008006d48                setStepX
 .text.setStepY
                0x0000000008006e14       0xcc Src/main.o
                0x0000000008006e14                setStepY
 .text.interpretarSerial
                0x0000000008006ee0      0x104 Src/main.o
                0x0000000008006ee0                interpretarSerial
 .text.Sm_DISCONNECTED
                0x0000000008006fe4      0x194 Src/main.o
                0x0000000008006fe4                Sm_DISCONNECTED
 .text.Sm_STANDBY
                0x0000000008007178      0x1b8 Src/main.o
                0x0000000008007178                Sm_STANDBY
 .text.Sm_MOVINGX
                0x0000000008007330       0x80 Src/main.o
                0x0000000008007330                Sm_MOVINGX
 .text.Sm_MOVINGY
                0x00000000080073b0       0x5c Src/main.o
                0x00000000080073b0                Sm_MOVINGY
 .text.Sm_ERR   0x000000000800740c       0x2c Src/main.o
                0x000000000800740c                Sm_ERR
 .text.Rodar_Maquina
                0x0000000008007438       0x28 Src/main.o
                0x0000000008007438                Rodar_Maquina
 .text.main     0x0000000008007460       0x94 Src/main.o
                0x0000000008007460                main
 .text.SystemClock_Config
                0x00000000080074f4       0xb6 Src/main.o
                0x00000000080074f4                SystemClock_Config
 *fill*         0x00000000080075aa        0x2 
 .text.maquina  0x00000000080075ac       0x24 Src/main.o
                0x00000000080075ac                maquina
 .text.interfaceDuranteMovimento
                0x00000000080075d0      0x164 Src/main.o
                0x00000000080075d0                interfaceDuranteMovimento
 .text.ouvirTask
                0x0000000008007734       0x14 Src/main.o
                0x0000000008007734                ouvirTask
 .text.StartDefaultTask
                0x0000000008007748       0x14 Src/main.o
                0x0000000008007748                StartDefaultTask
 .text.HAL_TIM_PeriodElapsedCallback
                0x000000000800775c       0x24 Src/main.o
                0x000000000800775c                HAL_TIM_PeriodElapsedCallback
 .text.Error_Handler
                0x0000000008007780        0xc Src/main.o
                0x0000000008007780                Error_Handler
 .text.HAL_MspInit
                0x000000000800778c       0x70 Src/stm32f1xx_hal_msp.o
                0x000000000800778c                HAL_MspInit
 .text.HAL_InitTick
                0x00000000080077fc       0xb0 Src/stm32f1xx_hal_timebase_tim.o
                0x00000000080077fc                HAL_InitTick
 .text.NMI_Handler
                0x00000000080078ac        0xc Src/stm32f1xx_it.o
                0x00000000080078ac                NMI_Handler
 .text.HardFault_Handler
                0x00000000080078b8        0x6 Src/stm32f1xx_it.o
                0x00000000080078b8                HardFault_Handler
 .text.MemManage_Handler
                0x00000000080078be        0x6 Src/stm32f1xx_it.o
                0x00000000080078be                MemManage_Handler
 .text.BusFault_Handler
                0x00000000080078c4        0x6 Src/stm32f1xx_it.o
                0x00000000080078c4                BusFault_Handler
 .text.UsageFault_Handler
                0x00000000080078ca        0x6 Src/stm32f1xx_it.o
                0x00000000080078ca                UsageFault_Handler
 .text.DebugMon_Handler
                0x00000000080078d0        0xc Src/stm32f1xx_it.o
                0x00000000080078d0                DebugMon_Handler
 .text.USB_LP_CAN1_RX0_IRQHandler
                0x00000000080078dc       0x14 Src/stm32f1xx_it.o
                0x00000000080078dc                USB_LP_CAN1_RX0_IRQHandler
 .text.TIM4_IRQHandler
                0x00000000080078f0       0x14 Src/stm32f1xx_it.o
                0x00000000080078f0                TIM4_IRQHandler
 .text.SystemInit
                0x0000000008007904       0x68 Src/system_stm32f1xx.o
                0x0000000008007904                SystemInit
 .text.MX_USB_DEVICE_Init
                0x000000000800796c       0x60 Src/usb_device.o
                0x000000000800796c                MX_USB_DEVICE_Init
 .text.CDC_Init_FS
                0x00000000080079cc       0x28 Src/usbd_cdc_if.o
 .text.CDC_DeInit_FS
                0x00000000080079f4        0xe Src/usbd_cdc_if.o
 *fill*         0x0000000008007a02        0x2 
 .text.CDC_Control_FS
                0x0000000008007a04       0xbc Src/usbd_cdc_if.o
 .text.CDC_Receive_FS
                0x0000000008007ac0       0x54 Src/usbd_cdc_if.o
 .text.CDC_Transmit_FS
                0x0000000008007b14       0x4c Src/usbd_cdc_if.o
                0x0000000008007b14                CDC_Transmit_FS
 .text.HAL_PCD_MspInit
                0x0000000008007b60       0x4c Src/usbd_conf.o
                0x0000000008007b60                HAL_PCD_MspInit
 .text.HAL_PCD_SetupStageCallback
                0x0000000008007bac       0x24 Src/usbd_conf.o
                0x0000000008007bac                HAL_PCD_SetupStageCallback
 .text.HAL_PCD_DataOutStageCallback
                0x0000000008007bd0       0x30 Src/usbd_conf.o
                0x0000000008007bd0                HAL_PCD_DataOutStageCallback
 .text.HAL_PCD_DataInStageCallback
                0x0000000008007c00       0x2e Src/usbd_conf.o
                0x0000000008007c00                HAL_PCD_DataInStageCallback
 .text.HAL_PCD_SOFCallback
                0x0000000008007c2e       0x1c Src/usbd_conf.o
                0x0000000008007c2e                HAL_PCD_SOFCallback
 .text.HAL_PCD_ResetCallback
                0x0000000008007c4a       0x3c Src/usbd_conf.o
                0x0000000008007c4a                HAL_PCD_ResetCallback
 *fill*         0x0000000008007c86        0x2 
 .text.HAL_PCD_SuspendCallback
                0x0000000008007c88       0x34 Src/usbd_conf.o
                0x0000000008007c88                HAL_PCD_SuspendCallback
 .text.HAL_PCD_ResumeCallback
                0x0000000008007cbc       0x1c Src/usbd_conf.o
                0x0000000008007cbc                HAL_PCD_ResumeCallback
 .text.USBD_LL_Init
                0x0000000008007cd8       0xb4 Src/usbd_conf.o
                0x0000000008007cd8                USBD_LL_Init
 .text.USBD_LL_Start
                0x0000000008007d8c       0x36 Src/usbd_conf.o
                0x0000000008007d8c                USBD_LL_Start
 .text.USBD_LL_OpenEP
                0x0000000008007dc2       0x4c Src/usbd_conf.o
                0x0000000008007dc2                USBD_LL_OpenEP
 .text.USBD_LL_CloseEP
                0x0000000008007e0e       0x3e Src/usbd_conf.o
                0x0000000008007e0e                USBD_LL_CloseEP
 .text.USBD_LL_StallEP
                0x0000000008007e4c       0x3e Src/usbd_conf.o
                0x0000000008007e4c                USBD_LL_StallEP
 .text.USBD_LL_ClearStallEP
                0x0000000008007e8a       0x3e Src/usbd_conf.o
                0x0000000008007e8a                USBD_LL_ClearStallEP
 .text.USBD_LL_IsStallEP
                0x0000000008007ec8       0x4a Src/usbd_conf.o
                0x0000000008007ec8                USBD_LL_IsStallEP
 .text.USBD_LL_SetUSBAddress
                0x0000000008007f12       0x3e Src/usbd_conf.o
                0x0000000008007f12                USBD_LL_SetUSBAddress
 .text.USBD_LL_Transmit
                0x0000000008007f50       0x46 Src/usbd_conf.o
                0x0000000008007f50                USBD_LL_Transmit
 .text.USBD_LL_PrepareReceive
                0x0000000008007f96       0x46 Src/usbd_conf.o
                0x0000000008007f96                USBD_LL_PrepareReceive
 .text.USBD_LL_GetRxDataSize
                0x0000000008007fdc       0x26 Src/usbd_conf.o
                0x0000000008007fdc                USBD_LL_GetRxDataSize
 *fill*         0x0000000008008002        0x2 
 .text.USBD_static_malloc
                0x0000000008008004       0x18 Src/usbd_conf.o
                0x0000000008008004                USBD_static_malloc
 .text.USBD_static_free
                0x000000000800801c       0x12 Src/usbd_conf.o
                0x000000000800801c                USBD_static_free
 .text.HAL_PCDEx_SetConnectionState
                0x000000000800802e       0x16 Src/usbd_conf.o
                0x000000000800802e                HAL_PCDEx_SetConnectionState
 .text.USBD_Get_USB_Status
                0x0000000008008044       0x58 Src/usbd_conf.o
 .text.USBD_FS_DeviceDescriptor
                0x000000000800809c       0x24 Src/usbd_desc.o
                0x000000000800809c                USBD_FS_DeviceDescriptor
 .text.USBD_FS_LangIDStrDescriptor
                0x00000000080080c0       0x24 Src/usbd_desc.o
                0x00000000080080c0                USBD_FS_LangIDStrDescriptor
 .text.USBD_FS_ProductStrDescriptor
                0x00000000080080e4       0x3c Src/usbd_desc.o
                0x00000000080080e4                USBD_FS_ProductStrDescriptor
 .text.USBD_FS_ManufacturerStrDescriptor
                0x0000000008008120       0x28 Src/usbd_desc.o
                0x0000000008008120                USBD_FS_ManufacturerStrDescriptor
 .text.USBD_FS_SerialStrDescriptor
                0x0000000008008148       0x24 Src/usbd_desc.o
                0x0000000008008148                USBD_FS_SerialStrDescriptor
 .text.USBD_FS_ConfigStrDescriptor
                0x000000000800816c       0x3c Src/usbd_desc.o
                0x000000000800816c                USBD_FS_ConfigStrDescriptor
 .text.USBD_FS_InterfaceStrDescriptor
                0x00000000080081a8       0x3c Src/usbd_desc.o
                0x00000000080081a8                USBD_FS_InterfaceStrDescriptor
 .text.Get_SerialNum
                0x00000000080081e4       0x58 Src/usbd_desc.o
 .text.IntToUnicode
                0x000000000800823c       0x7a Src/usbd_desc.o
 *fill*         0x00000000080082b6        0x2 
 .text.Reset_Handler
                0x00000000080082b8       0x48 Startup/startup_stm32f103c8tx.o
                0x00000000080082b8                Reset_Handler
 .text.Default_Handler
                0x0000000008008300        0x2 Startup/startup_stm32f103c8tx.o
                0x0000000008008300                RTC_Alarm_IRQHandler
                0x0000000008008300                EXTI2_IRQHandler
                0x0000000008008300                TIM1_CC_IRQHandler
                0x0000000008008300                PVD_IRQHandler
                0x0000000008008300                EXTI3_IRQHandler
                0x0000000008008300                EXTI0_IRQHandler
                0x0000000008008300                I2C2_EV_IRQHandler
                0x0000000008008300                ADC1_2_IRQHandler
                0x0000000008008300                SPI1_IRQHandler
                0x0000000008008300                TAMPER_IRQHandler
                0x0000000008008300                DMA1_Channel4_IRQHandler
                0x0000000008008300                USART3_IRQHandler
                0x0000000008008300                RTC_IRQHandler
                0x0000000008008300                DMA1_Channel7_IRQHandler
                0x0000000008008300                CAN1_RX1_IRQHandler
                0x0000000008008300                I2C1_EV_IRQHandler
                0x0000000008008300                DMA1_Channel6_IRQHandler
                0x0000000008008300                TIM3_IRQHandler
                0x0000000008008300                RCC_IRQHandler
                0x0000000008008300                TIM1_TRG_COM_IRQHandler
                0x0000000008008300                DMA1_Channel1_IRQHandler
                0x0000000008008300                Default_Handler
                0x0000000008008300                EXTI15_10_IRQHandler
                0x0000000008008300                EXTI9_5_IRQHandler
                0x0000000008008300                SPI2_IRQHandler
                0x0000000008008300                DMA1_Channel5_IRQHandler
                0x0000000008008300                EXTI4_IRQHandler
                0x0000000008008300                USB_HP_CAN1_TX_IRQHandler
                0x0000000008008300                DMA1_Channel3_IRQHandler
                0x0000000008008300                TIM1_UP_IRQHandler
                0x0000000008008300                WWDG_IRQHandler
                0x0000000008008300                TIM2_IRQHandler
                0x0000000008008300                TIM1_BRK_IRQHandler
                0x0000000008008300                EXTI1_IRQHandler
                0x0000000008008300                USART2_IRQHandler
                0x0000000008008300                I2C2_ER_IRQHandler
                0x0000000008008300                DMA1_Channel2_IRQHandler
                0x0000000008008300                CAN1_SCE_IRQHandler
                0x0000000008008300                FLASH_IRQHandler
                0x0000000008008300                USART1_IRQHandler
                0x0000000008008300                I2C1_ER_IRQHandler
                0x0000000008008300                USBWakeUp_IRQHandler
 .text.atoi     0x0000000008008302        0x8 c:/st/stm32cubeide_1.0.2/stm32cubeide/plugins/com.st.stm32cube.ide.mcu.externaltools.gnu-tools-for-stm32.7-2018-q2-update.win32_1.0.0.201904181610/tools/bin/../lib/gcc/arm-none-eabi/7.3.1/../../../../arm-none-eabi/lib/thumb/v7-m\libc_nano.a(lib_a-atoi.o)
                0x0000000008008302                atoi
 *fill*         0x000000000800830a        0x2 
 .text.__libc_init_array
                0x000000000800830c       0x48 c:/st/stm32cubeide_1.0.2/stm32cubeide/plugins/com.st.stm32cube.ide.mcu.externaltools.gnu-tools-for-stm32.7-2018-q2-update.win32_1.0.0.201904181610/tools/bin/../lib/gcc/arm-none-eabi/7.3.1/../../../../arm-none-eabi/lib/thumb/v7-m\libc_nano.a(lib_a-init.o)
                0x000000000800830c                __libc_init_array
 .text.__itoa   0x0000000008008354       0x30 c:/st/stm32cubeide_1.0.2/stm32cubeide/plugins/com.st.stm32cube.ide.mcu.externaltools.gnu-tools-for-stm32.7-2018-q2-update.win32_1.0.0.201904181610/tools/bin/../lib/gcc/arm-none-eabi/7.3.1/../../../../arm-none-eabi/lib/thumb/v7-m\libc_nano.a(lib_a-itoa.o)
                0x0000000008008354                __itoa
 .text.itoa     0x0000000008008384        0x4 c:/st/stm32cubeide_1.0.2/stm32cubeide/plugins/com.st.stm32cube.ide.mcu.externaltools.gnu-tools-for-stm32.7-2018-q2-update.win32_1.0.0.201904181610/tools/bin/../lib/gcc/arm-none-eabi/7.3.1/../../../../arm-none-eabi/lib/thumb/v7-m\libc_nano.a(lib_a-itoa.o)
                0x0000000008008384                itoa
 .text.memcmp   0x0000000008008388       0x1e c:/st/stm32cubeide_1.0.2/stm32cubeide/plugins/com.st.stm32cube.ide.mcu.externaltools.gnu-tools-for-stm32.7-2018-q2-update.win32_1.0.0.201904181610/tools/bin/../lib/gcc/arm-none-eabi/7.3.1/../../../../arm-none-eabi/lib/thumb/v7-m\libc_nano.a(lib_a-memcmp.o)
                0x0000000008008388                memcmp
 .text.memcpy   0x00000000080083a6       0x16 c:/st/stm32cubeide_1.0.2/stm32cubeide/plugins/com.st.stm32cube.ide.mcu.externaltools.gnu-tools-for-stm32.7-2018-q2-update.win32_1.0.0.201904181610/tools/bin/../lib/gcc/arm-none-eabi/7.3.1/../../../../arm-none-eabi/lib/thumb/v7-m\libc_nano.a(lib_a-memcpy-stub.o)
                0x00000000080083a6                memcpy
 .text.memset   0x00000000080083bc       0x10 c:/st/stm32cubeide_1.0.2/stm32cubeide/plugins/com.st.stm32cube.ide.mcu.externaltools.gnu-tools-for-stm32.7-2018-q2-update.win32_1.0.0.201904181610/tools/bin/../lib/gcc/arm-none-eabi/7.3.1/../../../../arm-none-eabi/lib/thumb/v7-m\libc_nano.a(lib_a-memset.o)
                0x00000000080083bc                memset
 .text._strtol_l.isra.0
                0x00000000080083cc       0xf6 c:/st/stm32cubeide_1.0.2/stm32cubeide/plugins/com.st.stm32cube.ide.mcu.externaltools.gnu-tools-for-stm32.7-2018-q2-update.win32_1.0.0.201904181610/tools/bin/../lib/gcc/arm-none-eabi/7.3.1/../../../../arm-none-eabi/lib/thumb/v7-m\libc_nano.a(lib_a-strtol.o)
 *fill*         0x00000000080084c2        0x2 
 .text.strtol   0x00000000080084c4       0x2c c:/st/stm32cubeide_1.0.2/stm32cubeide/plugins/com.st.stm32cube.ide.mcu.externaltools.gnu-tools-for-stm32.7-2018-q2-update.win32_1.0.0.201904181610/tools/bin/../lib/gcc/arm-none-eabi/7.3.1/../../../../arm-none-eabi/lib/thumb/v7-m\libc_nano.a(lib_a-strtol.o)
                0x00000000080084c4                strtol
 .text.__utoa   0x00000000080084f0       0x7c c:/st/stm32cubeide_1.0.2/stm32cubeide/plugins/com.st.stm32cube.ide.mcu.externaltools.gnu-tools-for-stm32.7-2018-q2-update.win32_1.0.0.201904181610/tools/bin/../lib/gcc/arm-none-eabi/7.3.1/../../../../arm-none-eabi/lib/thumb/v7-m\libc_nano.a(lib_a-utoa.o)
                0x00000000080084f0                __utoa
 .text.__locale_ctype_ptr_l
                0x000000000800856c        0x6 c:/st/stm32cubeide_1.0.2/stm32cubeide/plugins/com.st.stm32cube.ide.mcu.externaltools.gnu-tools-for-stm32.7-2018-q2-update.win32_1.0.0.201904181610/tools/bin/../lib/gcc/arm-none-eabi/7.3.1/../../../../arm-none-eabi/lib/thumb/v7-m\libc_nano.a(lib_a-locale.o)
                0x000000000800856c                __locale_ctype_ptr_l
 .text.__ascii_mbtowc
                0x0000000008008572       0x24 c:/st/stm32cubeide_1.0.2/stm32cubeide/plugins/com.st.stm32cube.ide.mcu.externaltools.gnu-tools-for-stm32.7-2018-q2-update.win32_1.0.0.201904181610/tools/bin/../lib/gcc/arm-none-eabi/7.3.1/../../../../arm-none-eabi/lib/thumb/v7-m\libc_nano.a(lib_a-mbtowc_r.o)
                0x0000000008008572                __ascii_mbtowc
 .text.__ascii_wctomb
                0x0000000008008596       0x1a c:/st/stm32cubeide_1.0.2/stm32cubeide/plugins/com.st.stm32cube.ide.mcu.externaltools.gnu-tools-for-stm32.7-2018-q2-update.win32_1.0.0.201904181610/tools/bin/../lib/gcc/arm-none-eabi/7.3.1/../../../../arm-none-eabi/lib/thumb/v7-m\libc_nano.a(lib_a-wctomb_r.o)
                0x0000000008008596                __ascii_wctomb
 *(.glue_7)
 .glue_7        0x00000000080085b0        0x0 linker stubs
 *(.glue_7t)
 .glue_7t       0x00000000080085b0        0x0 linker stubs
 *(.eh_frame)
 .eh_frame      0x00000000080085b0        0x0 c:/st/stm32cubeide_1.0.2/stm32cubeide/plugins/com.st.stm32cube.ide.mcu.externaltools.gnu-tools-for-stm32.7-2018-q2-update.win32_1.0.0.201904181610/tools/bin/../lib/gcc/arm-none-eabi/7.3.1/thumb/v7-m/crtbegin.o
 *(.init)
 .init          0x00000000080085b0        0x4 c:/st/stm32cubeide_1.0.2/stm32cubeide/plugins/com.st.stm32cube.ide.mcu.externaltools.gnu-tools-for-stm32.7-2018-q2-update.win32_1.0.0.201904181610/tools/bin/../lib/gcc/arm-none-eabi/7.3.1/thumb/v7-m/crti.o
                0x00000000080085b0                _init
 .init          0x00000000080085b4        0x8 c:/st/stm32cubeide_1.0.2/stm32cubeide/plugins/com.st.stm32cube.ide.mcu.externaltools.gnu-tools-for-stm32.7-2018-q2-update.win32_1.0.0.201904181610/tools/bin/../lib/gcc/arm-none-eabi/7.3.1/thumb/v7-m/crtn.o
 *(.fini)
 .fini          0x00000000080085bc        0x4 c:/st/stm32cubeide_1.0.2/stm32cubeide/plugins/com.st.stm32cube.ide.mcu.externaltools.gnu-tools-for-stm32.7-2018-q2-update.win32_1.0.0.201904181610/tools/bin/../lib/gcc/arm-none-eabi/7.3.1/thumb/v7-m/crti.o
                0x00000000080085bc                _fini
 .fini          0x00000000080085c0        0x8 c:/st/stm32cubeide_1.0.2/stm32cubeide/plugins/com.st.stm32cube.ide.mcu.externaltools.gnu-tools-for-stm32.7-2018-q2-update.win32_1.0.0.201904181610/tools/bin/../lib/gcc/arm-none-eabi/7.3.1/thumb/v7-m/crtn.o
                0x00000000080085c8                . = ALIGN (0x4)
                0x00000000080085c8                _etext = .

.vfp11_veneer   0x00000000080085c8        0x0
 .vfp11_veneer  0x00000000080085c8        0x0 linker stubs

.v4_bx          0x00000000080085c8        0x0
 .v4_bx         0x00000000080085c8        0x0 linker stubs

.iplt           0x00000000080085c8        0x0
 .iplt          0x00000000080085c8        0x0 c:/st/stm32cubeide_1.0.2/stm32cubeide/plugins/com.st.stm32cube.ide.mcu.externaltools.gnu-tools-for-stm32.7-2018-q2-update.win32_1.0.0.201904181610/tools/bin/../lib/gcc/arm-none-eabi/7.3.1/thumb/v7-m/crtbegin.o

.rodata         0x00000000080085c8      0x274
                0x00000000080085c8                . = ALIGN (0x4)
 *(.rodata)
 .rodata        0x00000000080085c8       0x12 Drivers/STM32F1xx_HAL_Driver/Src/stm32f1xx_hal_rcc.o
 *fill*         0x00000000080085da        0x2 
 .rodata        0x00000000080085dc        0x5 Middlewares/Third_Party/FreeRTOS/Source/tasks.o
 *fill*         0x00000000080085e1        0x3 
 .rodata        0x00000000080085e4       0x7c Src/main.o
 .rodata        0x0000000008008660       0x46 Src/usbd_desc.o
 *(.rodata*)
 *fill*         0x00000000080086a6        0x2 
 .rodata.comandos
                0x00000000080086a8       0x4c Src/main.o
                0x00000000080086a8                comandos
 .rodata.AHBPrescTable
                0x00000000080086f4       0x10 Src/system_stm32f1xx.o
                0x00000000080086f4                AHBPrescTable
 .rodata.APBPrescTable
                0x0000000008008704        0x8 Src/system_stm32f1xx.o
                0x0000000008008704                APBPrescTable
 .rodata.__utoa.str1.1
                0x000000000800870c       0x25 c:/st/stm32cubeide_1.0.2/stm32cubeide/plugins/com.st.stm32cube.ide.mcu.externaltools.gnu-tools-for-stm32.7-2018-q2-update.win32_1.0.0.201904181610/tools/bin/../lib/gcc/arm-none-eabi/7.3.1/../../../../arm-none-eabi/lib/thumb/v7-m\libc_nano.a(lib_a-utoa.o)
 .rodata._setlocale_r.str1.1
                0x0000000008008731        0x8 c:/st/stm32cubeide_1.0.2/stm32cubeide/plugins/com.st.stm32cube.ide.mcu.externaltools.gnu-tools-for-stm32.7-2018-q2-update.win32_1.0.0.201904181610/tools/bin/../lib/gcc/arm-none-eabi/7.3.1/../../../../arm-none-eabi/lib/thumb/v7-m\libc_nano.a(lib_a-locale.o)
                                          0x9 (size before relaxing)
 .rodata.str1.1
                0x0000000008008739        0x2 c:/st/stm32cubeide_1.0.2/stm32cubeide/plugins/com.st.stm32cube.ide.mcu.externaltools.gnu-tools-for-stm32.7-2018-q2-update.win32_1.0.0.201904181610/tools/bin/../lib/gcc/arm-none-eabi/7.3.1/../../../../arm-none-eabi/lib/thumb/v7-m\libc_nano.a(lib_a-locale.o)
 .rodata._ctype_
                0x000000000800873b      0x101 c:/st/stm32cubeide_1.0.2/stm32cubeide/plugins/com.st.stm32cube.ide.mcu.externaltools.gnu-tools-for-stm32.7-2018-q2-update.win32_1.0.0.201904181610/tools/bin/../lib/gcc/arm-none-eabi/7.3.1/../../../../arm-none-eabi/lib/thumb/v7-m\libc_nano.a(lib_a-ctype_.o)
                0x000000000800873b                _ctype_
                0x000000000800883c                . = ALIGN (0x4)

.rel.dyn        0x000000000800883c        0x0
 .rel.iplt      0x000000000800883c        0x0 c:/st/stm32cubeide_1.0.2/stm32cubeide/plugins/com.st.stm32cube.ide.mcu.externaltools.gnu-tools-for-stm32.7-2018-q2-update.win32_1.0.0.201904181610/tools/bin/../lib/gcc/arm-none-eabi/7.3.1/thumb/v7-m/crtbegin.o

.ARM.extab      0x000000000800883c        0x0
                0x000000000800883c                . = ALIGN (0x4)
 *(.ARM.extab* .gnu.linkonce.armextab.*)
                0x000000000800883c                . = ALIGN (0x4)

.ARM            0x000000000800883c        0x0
                0x000000000800883c                . = ALIGN (0x4)
                0x000000000800883c                __exidx_start = .
 *(.ARM.exidx*)
                0x000000000800883c                __exidx_end = .
                0x000000000800883c                . = ALIGN (0x4)

.preinit_array  0x000000000800883c        0x0
                0x000000000800883c                . = ALIGN (0x4)
                0x000000000800883c                PROVIDE (__preinit_array_start = .)
 *(.preinit_array*)
                0x000000000800883c                PROVIDE (__preinit_array_end = .)
                0x000000000800883c                . = ALIGN (0x4)

.init_array     0x000000000800883c        0x4
                0x000000000800883c                . = ALIGN (0x4)
                0x000000000800883c                PROVIDE (__init_array_start = .)
 *(SORT_BY_NAME(.init_array.*))
 *(.init_array*)
 .init_array    0x000000000800883c        0x4 c:/st/stm32cubeide_1.0.2/stm32cubeide/plugins/com.st.stm32cube.ide.mcu.externaltools.gnu-tools-for-stm32.7-2018-q2-update.win32_1.0.0.201904181610/tools/bin/../lib/gcc/arm-none-eabi/7.3.1/thumb/v7-m/crtbegin.o
                0x0000000008008840                PROVIDE (__init_array_end = .)
                0x0000000008008840                . = ALIGN (0x4)

.fini_array     0x0000000008008840        0x4
                0x0000000008008840                . = ALIGN (0x4)
                [!provide]                        PROVIDE (__fini_array_start = .)
 *(SORT_BY_NAME(.fini_array.*))
 *(.fini_array*)
 .fini_array    0x0000000008008840        0x4 c:/st/stm32cubeide_1.0.2/stm32cubeide/plugins/com.st.stm32cube.ide.mcu.externaltools.gnu-tools-for-stm32.7-2018-q2-update.win32_1.0.0.201904181610/tools/bin/../lib/gcc/arm-none-eabi/7.3.1/thumb/v7-m/crtbegin.o
                [!provide]                        PROVIDE (__fini_array_end = .)
                0x0000000008008844                . = ALIGN (0x4)
                0x0000000008008844                _sidata = LOADADDR (.data)

.data           0x0000000020000000      0x4d0 load address 0x0000000008008844
                0x0000000020000000                . = ALIGN (0x4)
                0x0000000020000000                _sdata = .
 *(.data)
 *(.data*)
 .data.uwTickPrio
                0x0000000020000000        0x4 Drivers/STM32F1xx_HAL_Driver/Src/stm32f1xx_hal.o
                0x0000000020000000                uwTickPrio
 .data.uwTickFreq
                0x0000000020000004        0x1 Drivers/STM32F1xx_HAL_Driver/Src/stm32f1xx_hal.o
                0x0000000020000004                uwTickFreq
 *fill*         0x0000000020000005        0x3 
 .data.USBD_CDC_DeviceQualifierDesc
                0x0000000020000008        0xa Middlewares/ST/STM32_USB_Device_Library/Class/CDC/Src/usbd_cdc.o
 *fill*         0x0000000020000012        0x2 
 .data.USBD_CDC
                0x0000000020000014       0x38 Middlewares/ST/STM32_USB_Device_Library/Class/CDC/Src/usbd_cdc.o
                0x0000000020000014                USBD_CDC
 .data.USBD_CDC_CfgHSDesc
                0x000000002000004c       0x43 Middlewares/ST/STM32_USB_Device_Library/Class/CDC/Src/usbd_cdc.o
                0x000000002000004c                USBD_CDC_CfgHSDesc
 *fill*         0x000000002000008f        0x1 
 .data.USBD_CDC_CfgFSDesc
                0x0000000020000090       0x43 Middlewares/ST/STM32_USB_Device_Library/Class/CDC/Src/usbd_cdc.o
                0x0000000020000090                USBD_CDC_CfgFSDesc
 *fill*         0x00000000200000d3        0x1 
 .data.USBD_CDC_OtherSpeedCfgDesc
                0x00000000200000d4       0x43 Middlewares/ST/STM32_USB_Device_Library/Class/CDC/Src/usbd_cdc.o
                0x00000000200000d4                USBD_CDC_OtherSpeedCfgDesc
 *fill*         0x0000000020000117        0x1 
 .data.uxCriticalNesting
                0x0000000020000118        0x4 Middlewares/Third_Party/FreeRTOS/Source/portable/GCC/ARM_CM3/port.o
 .data.step_atualX
                0x000000002000011c        0x4 Src/main.o
                0x000000002000011c                step_atualX
 .data.step_atualY
                0x0000000020000120        0x4 Src/main.o
                0x0000000020000120                step_atualY
 .data.respostas_disconnected
                0x0000000020000124       0x54 Src/main.o
                0x0000000020000124                respostas_disconnected
 .data.respostas_standby
                0x0000000020000178       0x54 Src/main.o
                0x0000000020000178                respostas_standby
 .data.respostas_moveX
                0x00000000200001cc       0x54 Src/main.o
                0x00000000200001cc                respostas_moveX
 .data.respostas_moveY
                0x0000000020000220       0x54 Src/main.o
                0x0000000020000220                respostas_moveY
 .data.StateMachine
                0x0000000020000274       0x28 Src/main.o
                0x0000000020000274                StateMachine
 .data.SystemCoreClock
                0x000000002000029c        0x4 Src/system_stm32f1xx.o
                0x000000002000029c                SystemCoreClock
 .data.USBD_Interface_fops_FS
                0x00000000200002a0       0x10 Src/usbd_cdc_if.o
                0x00000000200002a0                USBD_Interface_fops_FS
 .data.FS_Desc  0x00000000200002b0       0x1c Src/usbd_desc.o
                0x00000000200002b0                FS_Desc
 .data.USBD_FS_DeviceDesc
                0x00000000200002cc       0x12 Src/usbd_desc.o
                0x00000000200002cc                USBD_FS_DeviceDesc
 *fill*         0x00000000200002de        0x2 
 .data.USBD_LangIDDesc
                0x00000000200002e0        0x4 Src/usbd_desc.o
                0x00000000200002e0                USBD_LangIDDesc
 .data.USBD_StringSerial
                0x00000000200002e4       0x1a Src/usbd_desc.o
                0x00000000200002e4                USBD_StringSerial
 *fill*         0x00000000200002fe        0x2 
 .data._impure_ptr
                0x0000000020000300        0x4 c:/st/stm32cubeide_1.0.2/stm32cubeide/plugins/com.st.stm32cube.ide.mcu.externaltools.gnu-tools-for-stm32.7-2018-q2-update.win32_1.0.0.201904181610/tools/bin/../lib/gcc/arm-none-eabi/7.3.1/../../../../arm-none-eabi/lib/thumb/v7-m\libc_nano.a(lib_a-impure.o)
                0x0000000020000300                _impure_ptr
 .data.impure_data
                0x0000000020000304       0x60 c:/st/stm32cubeide_1.0.2/stm32cubeide/plugins/com.st.stm32cube.ide.mcu.externaltools.gnu-tools-for-stm32.7-2018-q2-update.win32_1.0.0.201904181610/tools/bin/../lib/gcc/arm-none-eabi/7.3.1/../../../../arm-none-eabi/lib/thumb/v7-m\libc_nano.a(lib_a-impure.o)
 .data.__global_locale
                0x0000000020000364      0x16c c:/st/stm32cubeide_1.0.2/stm32cubeide/plugins/com.st.stm32cube.ide.mcu.externaltools.gnu-tools-for-stm32.7-2018-q2-update.win32_1.0.0.201904181610/tools/bin/../lib/gcc/arm-none-eabi/7.3.1/../../../../arm-none-eabi/lib/thumb/v7-m\libc_nano.a(lib_a-locale.o)
                0x0000000020000364                __global_locale
                0x00000000200004d0                . = ALIGN (0x4)
                0x00000000200004d0                _edata = .

.igot.plt       0x00000000200004d0        0x0 load address 0x0000000008008d14
 .igot.plt      0x00000000200004d0        0x0 c:/st/stm32cubeide_1.0.2/stm32cubeide/plugins/com.st.stm32cube.ide.mcu.externaltools.gnu-tools-for-stm32.7-2018-q2-update.win32_1.0.0.201904181610/tools/bin/../lib/gcc/arm-none-eabi/7.3.1/thumb/v7-m/crtbegin.o
                0x00000000200004d0                . = ALIGN (0x4)

.bss            0x00000000200004d0     0x1f00 load address 0x0000000008008d14
                0x00000000200004d0                _sbss = .
                0x00000000200004d0                __bss_start__ = _sbss
 *(.bss)
 .bss           0x00000000200004d0       0x1c c:/st/stm32cubeide_1.0.2/stm32cubeide/plugins/com.st.stm32cube.ide.mcu.externaltools.gnu-tools-for-stm32.7-2018-q2-update.win32_1.0.0.201904181610/tools/bin/../lib/gcc/arm-none-eabi/7.3.1/thumb/v7-m/crtbegin.o
 *(.bss*)
 .bss.cfgidx.8117
                0x00000000200004ec        0x1 Middlewares/ST/STM32_USB_Device_Library/Core/Src/usbd_ctlreq.o
 *fill*         0x00000000200004ed        0x3 
 .bss.pxCurrentTCB
                0x00000000200004f0        0x4 Middlewares/Third_Party/FreeRTOS/Source/tasks.o
                0x00000000200004f0                pxCurrentTCB
 .bss.pxReadyTasksLists
                0x00000000200004f4       0x8c Middlewares/Third_Party/FreeRTOS/Source/tasks.o
 .bss.xDelayedTaskList1
                0x0000000020000580       0x14 Middlewares/Third_Party/FreeRTOS/Source/tasks.o
 .bss.xDelayedTaskList2
                0x0000000020000594       0x14 Middlewares/Third_Party/FreeRTOS/Source/tasks.o
 .bss.pxDelayedTaskList
                0x00000000200005a8        0x4 Middlewares/Third_Party/FreeRTOS/Source/tasks.o
 .bss.pxOverflowDelayedTaskList
                0x00000000200005ac        0x4 Middlewares/Third_Party/FreeRTOS/Source/tasks.o
 .bss.xPendingReadyList
                0x00000000200005b0       0x14 Middlewares/Third_Party/FreeRTOS/Source/tasks.o
 .bss.xTasksWaitingTermination
                0x00000000200005c4       0x14 Middlewares/Third_Party/FreeRTOS/Source/tasks.o
 .bss.uxDeletedTasksWaitingCleanUp
                0x00000000200005d8        0x4 Middlewares/Third_Party/FreeRTOS/Source/tasks.o
 .bss.xSuspendedTaskList
                0x00000000200005dc       0x14 Middlewares/Third_Party/FreeRTOS/Source/tasks.o
 .bss.uxCurrentNumberOfTasks
                0x00000000200005f0        0x4 Middlewares/Third_Party/FreeRTOS/Source/tasks.o
 .bss.xTickCount
                0x00000000200005f4        0x4 Middlewares/Third_Party/FreeRTOS/Source/tasks.o
 .bss.uxTopReadyPriority
                0x00000000200005f8        0x4 Middlewares/Third_Party/FreeRTOS/Source/tasks.o
 .bss.xSchedulerRunning
                0x00000000200005fc        0x4 Middlewares/Third_Party/FreeRTOS/Source/tasks.o
 .bss.uxPendedTicks
                0x0000000020000600        0x4 Middlewares/Third_Party/FreeRTOS/Source/tasks.o
 .bss.xYieldPending
                0x0000000020000604        0x4 Middlewares/Third_Party/FreeRTOS/Source/tasks.o
 .bss.xNumOfOverflows
                0x0000000020000608        0x4 Middlewares/Third_Party/FreeRTOS/Source/tasks.o
 .bss.uxTaskNumber
                0x000000002000060c        0x4 Middlewares/Third_Party/FreeRTOS/Source/tasks.o
 .bss.xNextTaskUnblockTime
                0x0000000020000610        0x4 Middlewares/Third_Party/FreeRTOS/Source/tasks.o
 .bss.xIdleTaskHandle
                0x0000000020000614        0x4 Middlewares/Third_Party/FreeRTOS/Source/tasks.o
 .bss.uxSchedulerSuspended
                0x0000000020000618        0x4 Middlewares/Third_Party/FreeRTOS/Source/tasks.o
 .bss.ucMaxSysCallPriority
                0x000000002000061c        0x1 Middlewares/Third_Party/FreeRTOS/Source/portable/GCC/ARM_CM3/port.o
 *fill*         0x000000002000061d        0x3 
 .bss.ulMaxPRIGROUPValue
                0x0000000020000620        0x4 Middlewares/Third_Party/FreeRTOS/Source/portable/GCC/ARM_CM3/port.o
 .bss.ucHeap    0x0000000020000624      0xc00 Middlewares/Third_Party/FreeRTOS/Source/portable/MemMang/heap_4.o
 .bss.xStart    0x0000000020001224        0x8 Middlewares/Third_Party/FreeRTOS/Source/portable/MemMang/heap_4.o
 .bss.pxEnd     0x000000002000122c        0x4 Middlewares/Third_Party/FreeRTOS/Source/portable/MemMang/heap_4.o
 .bss.xFreeBytesRemaining
                0x0000000020001230        0x4 Middlewares/Third_Party/FreeRTOS/Source/portable/MemMang/heap_4.o
 .bss.xMinimumEverFreeBytesRemaining
                0x0000000020001234        0x4 Middlewares/Third_Party/FreeRTOS/Source/portable/MemMang/heap_4.o
 .bss.xBlockAllocatedBit
                0x0000000020001238        0x4 Middlewares/Third_Party/FreeRTOS/Source/portable/MemMang/heap_4.o
 .bss.movimentos_em_x
                0x000000002000123c        0x4 Src/main.o
                0x000000002000123c                movimentos_em_x
 .bss.movimentos_em_y
                0x0000000020001240        0x4 Src/main.o
                0x0000000020001240                movimentos_em_y
 .bss.SmState   0x0000000020001244        0x1 Src/main.o
                0x0000000020001244                SmState
 *fill*         0x0000000020001245        0x3 
 .bss.xHigherPriorityTaskWoken
                0x0000000020001248        0x4 Src/usbd_cdc_if.o
 .bss.mem.8182  0x000000002000124c      0x220 Src/usbd_conf.o
 *(COMMON)
 COMMON         0x000000002000146c        0x4 Drivers/STM32F1xx_HAL_Driver/Src/stm32f1xx_hal.o
                0x000000002000146c                uwTick
 COMMON         0x0000000020001470       0x14 Middlewares/Third_Party/FreeRTOS/Source/CMSIS_RTOS/cmsis_os.o
                0x0000000020001470                semafaroUsb
                0x0000000020001474                buffer_usb
 COMMON         0x0000000020001484        0xc Src/main.o
                0x0000000020001484                defaultTaskHandle
                0x0000000020001488                maquinaHandle
                0x000000002000148c                ouvirHandle
 COMMON         0x0000000020001490       0x40 Src/stm32f1xx_hal_timebase_tim.o
                0x0000000020001490                htim4
 COMMON         0x00000000200014d0      0x2c4 Src/usb_device.o
                0x00000000200014d0                hUsbDeviceFS
 COMMON         0x0000000020001794      0x7d0 Src/usbd_cdc_if.o
                0x0000000020001794                UserRxBufferFS
                0x0000000020001b7c                UserTxBufferFS
 COMMON         0x0000000020001f64      0x26c Src/usbd_conf.o
                0x0000000020001f64                hpcd_USB_FS
 COMMON         0x00000000200021d0      0x200 Src/usbd_desc.o
                0x00000000200021d0                USBD_StrDesc
                0x00000000200023d0                . = ALIGN (0x4)
                0x00000000200023d0                _ebss = .
                0x00000000200023d0                __bss_end__ = _ebss

._user_heap_stack
                0x00000000200023d0      0x600 load address 0x0000000008008d14
                0x00000000200023d0                . = ALIGN (0x8)
                0x00000000200023d0                PROVIDE (end = .)
                [!provide]                        PROVIDE (_end = .)
                0x00000000200025d0                . = (. + _Min_Heap_Size)
 *fill*         0x00000000200023d0      0x200 
                0x00000000200029d0                . = (. + _Min_Stack_Size)
 *fill*         0x00000000200025d0      0x400 
                0x00000000200029d0                . = ALIGN (0x8)

/DISCARD/
 libc.a(*)
 libm.a(*)
 libgcc.a(*)

.ARM.attributes
                0x0000000000000000       0x29
 *(.ARM.attributes)
 .ARM.attributes
                0x0000000000000000       0x1d c:/st/stm32cubeide_1.0.2/stm32cubeide/plugins/com.st.stm32cube.ide.mcu.externaltools.gnu-tools-for-stm32.7-2018-q2-update.win32_1.0.0.201904181610/tools/bin/../lib/gcc/arm-none-eabi/7.3.1/thumb/v7-m/crti.o
 .ARM.attributes
                0x000000000000001d       0x2d c:/st/stm32cubeide_1.0.2/stm32cubeide/plugins/com.st.stm32cube.ide.mcu.externaltools.gnu-tools-for-stm32.7-2018-q2-update.win32_1.0.0.201904181610/tools/bin/../lib/gcc/arm-none-eabi/7.3.1/thumb/v7-m/crtbegin.o
 .ARM.attributes
                0x000000000000004a       0x33 Drivers/STM32F1xx_HAL_Driver/Src/stm32f1xx_hal.o
 .ARM.attributes
                0x000000000000007d       0x33 Drivers/STM32F1xx_HAL_Driver/Src/stm32f1xx_hal_cortex.o
 .ARM.attributes
                0x00000000000000b0       0x33 Drivers/STM32F1xx_HAL_Driver/Src/stm32f1xx_hal_gpio.o
 .ARM.attributes
                0x00000000000000e3       0x33 Drivers/STM32F1xx_HAL_Driver/Src/stm32f1xx_hal_pcd.o
 .ARM.attributes
                0x0000000000000116       0x33 Drivers/STM32F1xx_HAL_Driver/Src/stm32f1xx_hal_pcd_ex.o
 .ARM.attributes
                0x0000000000000149       0x33 Drivers/STM32F1xx_HAL_Driver/Src/stm32f1xx_hal_rcc.o
 .ARM.attributes
                0x000000000000017c       0x33 Drivers/STM32F1xx_HAL_Driver/Src/stm32f1xx_hal_rcc_ex.o
 .ARM.attributes
                0x00000000000001af       0x33 Drivers/STM32F1xx_HAL_Driver/Src/stm32f1xx_hal_tim.o
 .ARM.attributes
                0x00000000000001e2       0x33 Drivers/STM32F1xx_HAL_Driver/Src/stm32f1xx_hal_tim_ex.o
 .ARM.attributes
                0x0000000000000215       0x33 Drivers/STM32F1xx_HAL_Driver/Src/stm32f1xx_ll_usb.o
 .ARM.attributes
                0x0000000000000248       0x33 Middlewares/ST/STM32_USB_Device_Library/Class/CDC/Src/usbd_cdc.o
 .ARM.attributes
                0x000000000000027b       0x33 Middlewares/ST/STM32_USB_Device_Library/Core/Src/usbd_core.o
 .ARM.attributes
                0x00000000000002ae       0x33 Middlewares/ST/STM32_USB_Device_Library/Core/Src/usbd_ctlreq.o
 .ARM.attributes
                0x00000000000002e1       0x33 Middlewares/ST/STM32_USB_Device_Library/Core/Src/usbd_ioreq.o
 .ARM.attributes
                0x0000000000000314       0x33 Middlewares/Third_Party/FreeRTOS/Source/CMSIS_RTOS/cmsis_os.o
 .ARM.attributes
                0x0000000000000347       0x33 Middlewares/Third_Party/FreeRTOS/Source/list.o
 .ARM.attributes
                0x000000000000037a       0x33 Middlewares/Third_Party/FreeRTOS/Source/queue.o
 .ARM.attributes
                0x00000000000003ad       0x33 Middlewares/Third_Party/FreeRTOS/Source/tasks.o
 .ARM.attributes
                0x00000000000003e0       0x33 Middlewares/Third_Party/FreeRTOS/Source/portable/GCC/ARM_CM3/port.o
 .ARM.attributes
                0x0000000000000413       0x33 Middlewares/Third_Party/FreeRTOS/Source/portable/MemMang/heap_4.o
 .ARM.attributes
                0x0000000000000446       0x33 Src/main.o
 .ARM.attributes
                0x0000000000000479       0x33 Src/stm32f1xx_hal_msp.o
 .ARM.attributes
                0x00000000000004ac       0x33 Src/stm32f1xx_hal_timebase_tim.o
 .ARM.attributes
                0x00000000000004df       0x33 Src/stm32f1xx_it.o
 .ARM.attributes
                0x0000000000000512       0x33 Src/system_stm32f1xx.o
 .ARM.attributes
                0x0000000000000545       0x33 Src/usb_device.o
 .ARM.attributes
                0x0000000000000578       0x33 Src/usbd_cdc_if.o
 .ARM.attributes
                0x00000000000005ab       0x33 Src/usbd_conf.o
 .ARM.attributes
                0x00000000000005de       0x33 Src/usbd_desc.o
 .ARM.attributes
                0x0000000000000611       0x21 Startup/startup_stm32f103c8tx.o
 .ARM.attributes
                0x0000000000000632       0x2d c:/st/stm32cubeide_1.0.2/stm32cubeide/plugins/com.st.stm32cube.ide.mcu.externaltools.gnu-tools-for-stm32.7-2018-q2-update.win32_1.0.0.201904181610/tools/bin/../lib/gcc/arm-none-eabi/7.3.1/../../../../arm-none-eabi/lib/thumb/v7-m\libc_nano.a(lib_a-atoi.o)
 .ARM.attributes
                0x000000000000065f       0x2d c:/st/stm32cubeide_1.0.2/stm32cubeide/plugins/com.st.stm32cube.ide.mcu.externaltools.gnu-tools-for-stm32.7-2018-q2-update.win32_1.0.0.201904181610/tools/bin/../lib/gcc/arm-none-eabi/7.3.1/../../../../arm-none-eabi/lib/thumb/v7-m\libc_nano.a(lib_a-impure.o)
 .ARM.attributes
                0x000000000000068c       0x2d c:/st/stm32cubeide_1.0.2/stm32cubeide/plugins/com.st.stm32cube.ide.mcu.externaltools.gnu-tools-for-stm32.7-2018-q2-update.win32_1.0.0.201904181610/tools/bin/../lib/gcc/arm-none-eabi/7.3.1/../../../../arm-none-eabi/lib/thumb/v7-m\libc_nano.a(lib_a-init.o)
 .ARM.attributes
                0x00000000000006b9       0x2d c:/st/stm32cubeide_1.0.2/stm32cubeide/plugins/com.st.stm32cube.ide.mcu.externaltools.gnu-tools-for-stm32.7-2018-q2-update.win32_1.0.0.201904181610/tools/bin/../lib/gcc/arm-none-eabi/7.3.1/../../../../arm-none-eabi/lib/thumb/v7-m\libc_nano.a(lib_a-itoa.o)
 .ARM.attributes
                0x00000000000006e6       0x2d c:/st/stm32cubeide_1.0.2/stm32cubeide/plugins/com.st.stm32cube.ide.mcu.externaltools.gnu-tools-for-stm32.7-2018-q2-update.win32_1.0.0.201904181610/tools/bin/../lib/gcc/arm-none-eabi/7.3.1/../../../../arm-none-eabi/lib/thumb/v7-m\libc_nano.a(lib_a-memcmp.o)
 .ARM.attributes
                0x0000000000000713       0x2d c:/st/stm32cubeide_1.0.2/stm32cubeide/plugins/com.st.stm32cube.ide.mcu.externaltools.gnu-tools-for-stm32.7-2018-q2-update.win32_1.0.0.201904181610/tools/bin/../lib/gcc/arm-none-eabi/7.3.1/../../../../arm-none-eabi/lib/thumb/v7-m\libc_nano.a(lib_a-memcpy-stub.o)
 .ARM.attributes
                0x0000000000000740       0x2d c:/st/stm32cubeide_1.0.2/stm32cubeide/plugins/com.st.stm32cube.ide.mcu.externaltools.gnu-tools-for-stm32.7-2018-q2-update.win32_1.0.0.201904181610/tools/bin/../lib/gcc/arm-none-eabi/7.3.1/../../../../arm-none-eabi/lib/thumb/v7-m\libc_nano.a(lib_a-memset.o)
 .ARM.attributes
                0x000000000000076d       0x2d c:/st/stm32cubeide_1.0.2/stm32cubeide/plugins/com.st.stm32cube.ide.mcu.externaltools.gnu-tools-for-stm32.7-2018-q2-update.win32_1.0.0.201904181610/tools/bin/../lib/gcc/arm-none-eabi/7.3.1/../../../../arm-none-eabi/lib/thumb/v7-m\libc_nano.a(lib_a-strtol.o)
 .ARM.attributes
                0x000000000000079a       0x2d c:/st/stm32cubeide_1.0.2/stm32cubeide/plugins/com.st.stm32cube.ide.mcu.externaltools.gnu-tools-for-stm32.7-2018-q2-update.win32_1.0.0.201904181610/tools/bin/../lib/gcc/arm-none-eabi/7.3.1/../../../../arm-none-eabi/lib/thumb/v7-m\libc_nano.a(lib_a-utoa.o)
 .ARM.attributes
                0x00000000000007c7       0x2d c:/st/stm32cubeide_1.0.2/stm32cubeide/plugins/com.st.stm32cube.ide.mcu.externaltools.gnu-tools-for-stm32.7-2018-q2-update.win32_1.0.0.201904181610/tools/bin/../lib/gcc/arm-none-eabi/7.3.1/../../../../arm-none-eabi/lib/thumb/v7-m\libc_nano.a(lib_a-locale.o)
 .ARM.attributes
                0x00000000000007f4       0x2d c:/st/stm32cubeide_1.0.2/stm32cubeide/plugins/com.st.stm32cube.ide.mcu.externaltools.gnu-tools-for-stm32.7-2018-q2-update.win32_1.0.0.201904181610/tools/bin/../lib/gcc/arm-none-eabi/7.3.1/../../../../arm-none-eabi/lib/thumb/v7-m\libc_nano.a(lib_a-mbtowc_r.o)
 .ARM.attributes
                0x0000000000000821       0x2d c:/st/stm32cubeide_1.0.2/stm32cubeide/plugins/com.st.stm32cube.ide.mcu.externaltools.gnu-tools-for-stm32.7-2018-q2-update.win32_1.0.0.201904181610/tools/bin/../lib/gcc/arm-none-eabi/7.3.1/../../../../arm-none-eabi/lib/thumb/v7-m\libc_nano.a(lib_a-wctomb_r.o)
 .ARM.attributes
                0x000000000000084e       0x2d c:/st/stm32cubeide_1.0.2/stm32cubeide/plugins/com.st.stm32cube.ide.mcu.externaltools.gnu-tools-for-stm32.7-2018-q2-update.win32_1.0.0.201904181610/tools/bin/../lib/gcc/arm-none-eabi/7.3.1/../../../../arm-none-eabi/lib/thumb/v7-m\libc_nano.a(lib_a-ctype_.o)
 .ARM.attributes
                0x000000000000087b       0x1d c:/st/stm32cubeide_1.0.2/stm32cubeide/plugins/com.st.stm32cube.ide.mcu.externaltools.gnu-tools-for-stm32.7-2018-q2-update.win32_1.0.0.201904181610/tools/bin/../lib/gcc/arm-none-eabi/7.3.1/thumb/v7-m/crtn.o
OUTPUT(comandante.elf elf32-littlearm)

.debug_info     0x0000000000000000    0x1c6c5
 .debug_info    0x0000000000000000      0x6fe Drivers/STM32F1xx_HAL_Driver/Src/stm32f1xx_hal.o
 .debug_info    0x00000000000006fe      0xb46 Drivers/STM32F1xx_HAL_Driver/Src/stm32f1xx_hal_cortex.o
 .debug_info    0x0000000000001244      0x681 Drivers/STM32F1xx_HAL_Driver/Src/stm32f1xx_hal_gpio.o
 .debug_info    0x00000000000018c5      0xe38 Drivers/STM32F1xx_HAL_Driver/Src/stm32f1xx_hal_pcd.o
 .debug_info    0x00000000000026fd      0x760 Drivers/STM32F1xx_HAL_Driver/Src/stm32f1xx_hal_pcd_ex.o
 .debug_info    0x0000000000002e5d      0x804 Drivers/STM32F1xx_HAL_Driver/Src/stm32f1xx_hal_rcc.o
 .debug_info    0x0000000000003661      0x439 Drivers/STM32F1xx_HAL_Driver/Src/stm32f1xx_hal_rcc_ex.o
 .debug_info    0x0000000000003a9a     0x2456 Drivers/STM32F1xx_HAL_Driver/Src/stm32f1xx_hal_tim.o
 .debug_info    0x0000000000005ef0     0x1104 Drivers/STM32F1xx_HAL_Driver/Src/stm32f1xx_hal_tim_ex.o
 .debug_info    0x0000000000006ff4     0x14f9 Drivers/STM32F1xx_HAL_Driver/Src/stm32f1xx_ll_usb.o
 .debug_info    0x00000000000084ed     0x1791 Middlewares/ST/STM32_USB_Device_Library/Class/CDC/Src/usbd_cdc.o
 .debug_info    0x0000000000009c7e     0x11c2 Middlewares/ST/STM32_USB_Device_Library/Core/Src/usbd_core.o
 .debug_info    0x000000000000ae40     0x1132 Middlewares/ST/STM32_USB_Device_Library/Core/Src/usbd_ctlreq.o
 .debug_info    0x000000000000bf72      0xf23 Middlewares/ST/STM32_USB_Device_Library/Core/Src/usbd_ioreq.o
 .debug_info    0x000000000000ce95     0x1b17 Middlewares/Third_Party/FreeRTOS/Source/CMSIS_RTOS/cmsis_os.o
 .debug_info    0x000000000000e9ac      0xac5 Middlewares/Third_Party/FreeRTOS/Source/list.o
 .debug_info    0x000000000000f471     0x1c16 Middlewares/Third_Party/FreeRTOS/Source/queue.o
 .debug_info    0x0000000000011087     0x218d Middlewares/Third_Party/FreeRTOS/Source/tasks.o
 .debug_info    0x0000000000013214      0x4d2 Middlewares/Third_Party/FreeRTOS/Source/portable/GCC/ARM_CM3/port.o
 .debug_info    0x00000000000136e6      0xbea Middlewares/Third_Party/FreeRTOS/Source/portable/MemMang/heap_4.o
 .debug_info    0x00000000000142d0     0x1e02 Src/main.o
 .debug_info    0x00000000000160d2      0x411 Src/stm32f1xx_hal_msp.o
 .debug_info    0x00000000000164e3      0x8e8 Src/stm32f1xx_hal_timebase_tim.o
 .debug_info    0x0000000000016dcb      0xac7 Src/stm32f1xx_it.o
 .debug_info    0x0000000000017892      0x433 Src/system_stm32f1xx.o
 .debug_info    0x0000000000017cc5      0xeb3 Src/usb_device.o
 .debug_info    0x0000000000018b78     0x108f Src/usbd_cdc_if.o
 .debug_info    0x0000000000019c07     0x1d95 Src/usbd_conf.o
 .debug_info    0x000000000001b99c      0xd07 Src/usbd_desc.o
 .debug_info    0x000000000001c6a3       0x22 Startup/startup_stm32f103c8tx.o

.debug_abbrev   0x0000000000000000     0x405c
 .debug_abbrev  0x0000000000000000      0x1d8 Drivers/STM32F1xx_HAL_Driver/Src/stm32f1xx_hal.o
 .debug_abbrev  0x00000000000001d8      0x2d5 Drivers/STM32F1xx_HAL_Driver/Src/stm32f1xx_hal_cortex.o
 .debug_abbrev  0x00000000000004ad      0x1c0 Drivers/STM32F1xx_HAL_Driver/Src/stm32f1xx_hal_gpio.o
 .debug_abbrev  0x000000000000066d      0x263 Drivers/STM32F1xx_HAL_Driver/Src/stm32f1xx_hal_pcd.o
 .debug_abbrev  0x00000000000008d0      0x188 Drivers/STM32F1xx_HAL_Driver/Src/stm32f1xx_hal_pcd_ex.o
 .debug_abbrev  0x0000000000000a58      0x243 Drivers/STM32F1xx_HAL_Driver/Src/stm32f1xx_hal_rcc.o
 .debug_abbrev  0x0000000000000c9b      0x175 Drivers/STM32F1xx_HAL_Driver/Src/stm32f1xx_hal_rcc_ex.o
 .debug_abbrev  0x0000000000000e10      0x230 Drivers/STM32F1xx_HAL_Driver/Src/stm32f1xx_hal_tim.o
 .debug_abbrev  0x0000000000001040      0x21e Drivers/STM32F1xx_HAL_Driver/Src/stm32f1xx_hal_tim_ex.o
 .debug_abbrev  0x000000000000125e      0x1c5 Drivers/STM32F1xx_HAL_Driver/Src/stm32f1xx_ll_usb.o
 .debug_abbrev  0x0000000000001423      0x2b6 Middlewares/ST/STM32_USB_Device_Library/Class/CDC/Src/usbd_cdc.o
 .debug_abbrev  0x00000000000016d9      0x270 Middlewares/ST/STM32_USB_Device_Library/Core/Src/usbd_core.o
 .debug_abbrev  0x0000000000001949      0x2a0 Middlewares/ST/STM32_USB_Device_Library/Core/Src/usbd_ctlreq.o
 .debug_abbrev  0x0000000000001be9      0x1e0 Middlewares/ST/STM32_USB_Device_Library/Core/Src/usbd_ioreq.o
 .debug_abbrev  0x0000000000001dc9      0x38a Middlewares/Third_Party/FreeRTOS/Source/CMSIS_RTOS/cmsis_os.o
 .debug_abbrev  0x0000000000002153      0x1cf Middlewares/Third_Party/FreeRTOS/Source/list.o
 .debug_abbrev  0x0000000000002322      0x33a Middlewares/Third_Party/FreeRTOS/Source/queue.o
 .debug_abbrev  0x000000000000265c      0x338 Middlewares/Third_Party/FreeRTOS/Source/tasks.o
 .debug_abbrev  0x0000000000002994      0x205 Middlewares/Third_Party/FreeRTOS/Source/portable/GCC/ARM_CM3/port.o
 .debug_abbrev  0x0000000000002b99      0x29e Middlewares/Third_Party/FreeRTOS/Source/portable/MemMang/heap_4.o
 .debug_abbrev  0x0000000000002e37      0x2ee Src/main.o
 .debug_abbrev  0x0000000000003125      0x112 Src/stm32f1xx_hal_msp.o
 .debug_abbrev  0x0000000000003237      0x19d Src/stm32f1xx_hal_timebase_tim.o
 .debug_abbrev  0x00000000000033d4      0x185 Src/stm32f1xx_it.o
 .debug_abbrev  0x0000000000003559      0x134 Src/system_stm32f1xx.o
 .debug_abbrev  0x000000000000368d      0x1be Src/usb_device.o
 .debug_abbrev  0x000000000000384b      0x294 Src/usbd_cdc_if.o
 .debug_abbrev  0x0000000000003adf      0x2db Src/usbd_conf.o
 .debug_abbrev  0x0000000000003dba      0x290 Src/usbd_desc.o
 .debug_abbrev  0x000000000000404a       0x12 Startup/startup_stm32f103c8tx.o

.debug_aranges  0x0000000000000000     0x1568
 .debug_aranges
                0x0000000000000000       0xe0 Drivers/STM32F1xx_HAL_Driver/Src/stm32f1xx_hal.o
 .debug_aranges
                0x00000000000000e0      0x100 Drivers/STM32F1xx_HAL_Driver/Src/stm32f1xx_hal_cortex.o
 .debug_aranges
                0x00000000000001e0       0x58 Drivers/STM32F1xx_HAL_Driver/Src/stm32f1xx_hal_gpio.o
 .debug_aranges
                0x0000000000000238      0x120 Drivers/STM32F1xx_HAL_Driver/Src/stm32f1xx_hal_pcd.o
 .debug_aranges
                0x0000000000000358       0x38 Drivers/STM32F1xx_HAL_Driver/Src/stm32f1xx_hal_pcd_ex.o
 .debug_aranges
                0x0000000000000390       0x90 Drivers/STM32F1xx_HAL_Driver/Src/stm32f1xx_hal_rcc.o
 .debug_aranges
                0x0000000000000420       0x30 Drivers/STM32F1xx_HAL_Driver/Src/stm32f1xx_hal_rcc_ex.o
 .debug_aranges
                0x0000000000000450      0x3a8 Drivers/STM32F1xx_HAL_Driver/Src/stm32f1xx_hal_tim.o
 .debug_aranges
                0x00000000000007f8      0x150 Drivers/STM32F1xx_HAL_Driver/Src/stm32f1xx_hal_tim_ex.o
 .debug_aranges
                0x0000000000000948      0x108 Drivers/STM32F1xx_HAL_Driver/Src/stm32f1xx_ll_usb.o
 .debug_aranges
                0x0000000000000a50       0x90 Middlewares/ST/STM32_USB_Device_Library/Class/CDC/Src/usbd_cdc.o
 .debug_aranges
                0x0000000000000ae0       0xb8 Middlewares/ST/STM32_USB_Device_Library/Core/Src/usbd_core.o
 .debug_aranges
                0x0000000000000b98       0x88 Middlewares/ST/STM32_USB_Device_Library/Core/Src/usbd_ctlreq.o
 .debug_aranges
                0x0000000000000c20       0x50 Middlewares/ST/STM32_USB_Device_Library/Core/Src/usbd_ioreq.o
 .debug_aranges
                0x0000000000000c70      0x1d8 Middlewares/Third_Party/FreeRTOS/Source/CMSIS_RTOS/cmsis_os.o
 .debug_aranges
                0x0000000000000e48       0x40 Middlewares/Third_Party/FreeRTOS/Source/list.o
 .debug_aranges
                0x0000000000000e88       0xf8 Middlewares/Third_Party/FreeRTOS/Source/queue.o
 .debug_aranges
                0x0000000000000f80      0x1a0 Middlewares/Third_Party/FreeRTOS/Source/tasks.o
 .debug_aranges
                0x0000000000001120       0x78 Middlewares/Third_Party/FreeRTOS/Source/portable/GCC/ARM_CM3/port.o
 .debug_aranges
                0x0000000000001198       0x50 Middlewares/Third_Party/FreeRTOS/Source/portable/MemMang/heap_4.o
 .debug_aranges
                0x00000000000011e8       0xb0 Src/main.o
 .debug_aranges
                0x0000000000001298       0x20 Src/stm32f1xx_hal_msp.o
 .debug_aranges
                0x00000000000012b8       0x30 Src/stm32f1xx_hal_timebase_tim.o
 .debug_aranges
                0x00000000000012e8       0x58 Src/stm32f1xx_it.o
 .debug_aranges
                0x0000000000001340       0x28 Src/system_stm32f1xx.o
 .debug_aranges
                0x0000000000001368       0x20 Src/usb_device.o
 .debug_aranges
                0x0000000000001388       0x40 Src/usbd_cdc_if.o
 .debug_aranges
                0x00000000000013c8      0x118 Src/usbd_conf.o
 .debug_aranges
                0x00000000000014e0       0x60 Src/usbd_desc.o
 .debug_aranges
                0x0000000000001540       0x28 Startup/startup_stm32f103c8tx.o

.debug_ranges   0x0000000000000000     0x1390
 .debug_ranges  0x0000000000000000       0xd0 Drivers/STM32F1xx_HAL_Driver/Src/stm32f1xx_hal.o
 .debug_ranges  0x00000000000000d0       0xf0 Drivers/STM32F1xx_HAL_Driver/Src/stm32f1xx_hal_cortex.o
 .debug_ranges  0x00000000000001c0       0x48 Drivers/STM32F1xx_HAL_Driver/Src/stm32f1xx_hal_gpio.o
 .debug_ranges  0x0000000000000208      0x110 Drivers/STM32F1xx_HAL_Driver/Src/stm32f1xx_hal_pcd.o
 .debug_ranges  0x0000000000000318       0x28 Drivers/STM32F1xx_HAL_Driver/Src/stm32f1xx_hal_pcd_ex.o
 .debug_ranges  0x0000000000000340       0x80 Drivers/STM32F1xx_HAL_Driver/Src/stm32f1xx_hal_rcc.o
 .debug_ranges  0x00000000000003c0       0x20 Drivers/STM32F1xx_HAL_Driver/Src/stm32f1xx_hal_rcc_ex.o
 .debug_ranges  0x00000000000003e0      0x398 Drivers/STM32F1xx_HAL_Driver/Src/stm32f1xx_hal_tim.o