main.c:173:13:MX_GPIO_Init	32	static
main.c:227:6:enviarPassos	104	static
main.c:249:7:setStepX	72	static
main.c:275:7:setStepY	72	static
main.c:301:9:interpretarSerial	16	static
main.c:326:6:Sm_DISCONNECTED	40	static
main.c:388:6:Sm_STANDBY	32	static
main.c:460:6:Sm_MOVINGX	16	static
main.c:481:6:Sm_MOVINGY	16	static
main.c:497:6:Sm_ERR	16	static
main.c:504:6:Rodar_Maquina	8	static
main.c:528:5:main	80	static
main.c:609:6:SystemClock_Config	88	static
main.c:669:6:maquina	16	static
main.c:680:6:interfaceDuranteMovimento	24	static
main.c:743:6:ouvirTask	16	static
main.c:756:6:StartDefaultTask	16	static
main.c:781:6:HAL_TIM_PeriodElapsedCallback	16	static
main.c:798:6:Error_Handler	4	static
