Archive member included to satisfy reference by file (symbol)

c:/st/stm32cubeide_1.0.2/stm32cubeide/plugins/com.st.stm32cube.ide.mcu.externaltools.gnu-tools-for-stm32.7-2018-q2-update.win32_1.0.0.201904181610/tools/bin/../lib/gcc/arm-none-eabi/7.3.1/../../../../arm-none-eabi/lib/thumb/v7-m\libc_nano.a(lib_a-atoi.o)
                              Src/main.o (atoi)
c:/st/stm32cubeide_1.0.2/stm32cubeide/plugins/com.st.stm32cube.ide.mcu.externaltools.gnu-tools-for-stm32.7-2018-q2-update.win32_1.0.0.201904181610/tools/bin/../lib/gcc/arm-none-eabi/7.3.1/../../../../arm-none-eabi/lib/thumb/v7-m\libc_nano.a(lib_a-errno.o)
                              Src/syscalls.o (__errno)
c:/st/stm32cubeide_1.0.2/stm32cubeide/plugins/com.st.stm32cube.ide.mcu.externaltools.gnu-tools-for-stm32.7-2018-q2-update.win32_1.0.0.201904181610/tools/bin/../lib/gcc/arm-none-eabi/7.3.1/../../../../arm-none-eabi/lib/thumb/v7-m\libc_nano.a(lib_a-exit.o)
                              c:/st/stm32cubeide_1.0.2/stm32cubeide/plugins/com.st.stm32cube.ide.mcu.externaltools.gnu-tools-for-stm32.7-2018-q2-update.win32_1.0.0.201904181610/tools/bin/../lib/gcc/arm-none-eabi/7.3.1/../../../../arm-none-eabi/lib/thumb/v7-m/crt0.o (exit)
c:/st/stm32cubeide_1.0.2/stm32cubeide/plugins/com.st.stm32cube.ide.mcu.externaltools.gnu-tools-for-stm32.7-2018-q2-update.win32_1.0.0.201904181610/tools/bin/../lib/gcc/arm-none-eabi/7.3.1/../../../../arm-none-eabi/lib/thumb/v7-m\libc_nano.a(lib_a-impure.o)
                              c:/st/stm32cubeide_1.0.2/stm32cubeide/plugins/com.st.stm32cube.ide.mcu.externaltools.gnu-tools-for-stm32.7-2018-q2-update.win32_1.0.0.201904181610/tools/bin/../lib/gcc/arm-none-eabi/7.3.1/../../../../arm-none-eabi/lib/thumb/v7-m\libc_nano.a(lib_a-exit.o) (_global_impure_ptr)
c:/st/stm32cubeide_1.0.2/stm32cubeide/plugins/com.st.stm32cube.ide.mcu.externaltools.gnu-tools-for-stm32.7-2018-q2-update.win32_1.0.0.201904181610/tools/bin/../lib/gcc/arm-none-eabi/7.3.1/../../../../arm-none-eabi/lib/thumb/v7-m\libc_nano.a(lib_a-init.o)
                              c:/st/stm32cubeide_1.0.2/stm32cubeide/plugins/com.st.stm32cube.ide.mcu.externaltools.gnu-tools-for-stm32.7-2018-q2-update.win32_1.0.0.201904181610/tools/bin/../lib/gcc/arm-none-eabi/7.3.1/../../../../arm-none-eabi/lib/thumb/v7-m/crt0.o (__libc_init_array)
c:/st/stm32cubeide_1.0.2/stm32cubeide/plugins/com.st.stm32cube.ide.mcu.externaltools.gnu-tools-for-stm32.7-2018-q2-update.win32_1.0.0.201904181610/tools/bin/../lib/gcc/arm-none-eabi/7.3.1/../../../../arm-none-eabi/lib/thumb/v7-m\libc_nano.a(lib_a-itoa.o)
                              Src/main.o (itoa)
c:/st/stm32cubeide_1.0.2/stm32cubeide/plugins/com.st.stm32cube.ide.mcu.externaltools.gnu-tools-for-stm32.7-2018-q2-update.win32_1.0.0.201904181610/tools/bin/../lib/gcc/arm-none-eabi/7.3.1/../../../../arm-none-eabi/lib/thumb/v7-m\libc_nano.a(lib_a-memcmp.o)
                              Src/main.o (memcmp)
c:/st/stm32cubeide_1.0.2/stm32cubeide/plugins/com.st.stm32cube.ide.mcu.externaltools.gnu-tools-for-stm32.7-2018-q2-update.win32_1.0.0.201904181610/tools/bin/../lib/gcc/arm-none-eabi/7.3.1/../../../../arm-none-eabi/lib/thumb/v7-m\libc_nano.a(lib_a-memcpy-stub.o)
                              Middlewares/Third_Party/FreeRTOS/Source/queue.o (memcpy)
c:/st/stm32cubeide_1.0.2/stm32cubeide/plugins/com.st.stm32cube.ide.mcu.externaltools.gnu-tools-for-stm32.7-2018-q2-update.win32_1.0.0.201904181610/tools/bin/../lib/gcc/arm-none-eabi/7.3.1/../../../../arm-none-eabi/lib/thumb/v7-m\libc_nano.a(lib_a-memset.o)
                              c:/st/stm32cubeide_1.0.2/stm32cubeide/plugins/com.st.stm32cube.ide.mcu.externaltools.gnu-tools-for-stm32.7-2018-q2-update.win32_1.0.0.201904181610/tools/bin/../lib/gcc/arm-none-eabi/7.3.1/../../../../arm-none-eabi/lib/thumb/v7-m/crt0.o (memset)
c:/st/stm32cubeide_1.0.2/stm32cubeide/plugins/com.st.stm32cube.ide.mcu.externaltools.gnu-tools-for-stm32.7-2018-q2-update.win32_1.0.0.201904181610/tools/bin/../lib/gcc/arm-none-eabi/7.3.1/../../../../arm-none-eabi/lib/thumb/v7-m\libc_nano.a(lib_a-strtol.o)
                              c:/st/stm32cubeide_1.0.2/stm32cubeide/plugins/com.st.stm32cube.ide.mcu.externaltools.gnu-tools-for-stm32.7-2018-q2-update.win32_1.0.0.201904181610/tools/bin/../lib/gcc/arm-none-eabi/7.3.1/../../../../arm-none-eabi/lib/thumb/v7-m\libc_nano.a(lib_a-atoi.o) (_strtol_r)
c:/st/stm32cubeide_1.0.2/stm32cubeide/plugins/com.st.stm32cube.ide.mcu.externaltools.gnu-tools-for-stm32.7-2018-q2-update.win32_1.0.0.201904181610/tools/bin/../lib/gcc/arm-none-eabi/7.3.1/../../../../arm-none-eabi/lib/thumb/v7-m\libc_nano.a(lib_a-utoa.o)
                              c:/st/stm32cubeide_1.0.2/stm32cubeide/plugins/com.st.stm32cube.ide.mcu.externaltools.gnu-tools-for-stm32.7-2018-q2-update.win32_1.0.0.201904181610/tools/bin/../lib/gcc/arm-none-eabi/7.3.1/../../../../arm-none-eabi/lib/thumb/v7-m\libc_nano.a(lib_a-itoa.o) (__utoa)
[...]
Memory Configuration

Name             Origin             Length             Attributes
RAM              0x0000000020000000 0x0000000000005000 xrw
FLASH            0x0000000008000000 0x0000000000010000 xr
*default*        0x0000000000000000 0xffffffffffffffff

Linker script and memory map

LOAD c:/st/stm32cubeide_1.0.2/stm32cubeide/plugins/com.st.stm32cube.ide.mcu.externaltools.gnu-tools-for-stm32.7-2018-q2-update.win32_1.0.0.201904181610/tools/bin/../lib/gcc/arm-none-eabi/7.3.1/thumb/v7-m/crti.o
LOAD c:/st/stm32cubeide_1.0.2/stm32cubeide/plugins/com.st.stm32cube.ide.mcu.externaltools.gnu-tools-for-stm32.7-2018-q2-update.win32_1.0.0.201904181610/tools/bin/../lib/gcc/arm-none-eabi/7.3.1/thumb/v7-m/crtbegin.o
LOAD c:/st/stm32cubeide_1.0.2/stm32cubeide/plugins/com.st.stm32cube.ide.mcu.externaltools.gnu-tools-for-stm32.7-2018-q2-update.win32_1.0.0.201904181610/tools/bin/../lib/gcc/arm-none-eabi/7.3.1/../../../../arm-none-eabi/lib/thumb/v7-m/crt0.o
LOAD Drivers/STM32F1xx_HAL_Driver/Src/stm32f1xx_hal.o
LOAD Drivers/STM32F1xx_HAL_Driver/Src/stm32f1xx_hal_cortex.o
LOAD Drivers/STM32F1xx_HAL_Driver/Src/stm32f1xx_hal_dma.o
LOAD Drivers/STM32F1xx_HAL_Driver/Src/stm32f1xx_hal_exti.o
LOAD Drivers/STM32F1xx_HAL_Driver/Src/stm32f1xx_hal_flash.o
LOAD Drivers/STM32F1xx_HAL_Driver/Src/stm32f1xx_hal_flash_ex.o
LOAD Drivers/STM32F1xx_HAL_Driver/Src/stm32f1xx_hal_gpio.o
LOAD Drivers/STM32F1xx_HAL_Driver/Src/stm32f1xx_hal_gpio_ex.o
LOAD Drivers/STM32F1xx_HAL_Driver/Src/stm32f1xx_hal_pcd.o
LOAD Drivers/STM32F1xx_HAL_Driver/Src/stm32f1xx_hal_pcd_ex.o
LOAD Drivers/STM32F1xx_HAL_Driver/Src/stm32f1xx_hal_pwr.o
LOAD Drivers/STM32F1xx_HAL_Driver/Src/stm32f1xx_hal_rcc.o
LOAD Drivers/STM32F1xx_HAL_Driver/Src/stm32f1xx_hal_rcc_ex.o
LOAD Drivers/STM32F1xx_HAL_Driver/Src/stm32f1xx_hal_tim.o
LOAD Drivers/STM32F1xx_HAL_Driver/Src/stm32f1xx_hal_tim_ex.o
LOAD Drivers/STM32F1xx_HAL_Driver/Src/stm32f1xx_ll_usb.o
LOAD Middlewares/ST/STM32_USB_Device_Library/Class/CDC/Src/usbd_cdc.o
LOAD Middlewares/ST/STM32_USB_Device_Library/Core/Src/usbd_core.o
LOAD Middlewares/ST/STM32_USB_Device_Library/Core/Src/usbd_ctlreq.o
LOAD Middlewares/ST/STM32_USB_Device_Library/Core/Src/usbd_ioreq.o
LOAD Middlewares/Third_Party/FreeRTOS/Source/CMSIS_RTOS/cmsis_os.o
LOAD Middlewares/Third_Party/FreeRTOS/Source/croutine.o
LOAD Middlewares/Third_Party/FreeRTOS/Source/event_groups.o
LOAD Middlewares/Third_Party/FreeRTOS/Source/list.o
LOAD Middlewares/Third_Party/FreeRTOS/Source/queue.o
LOAD Middlewares/Third_Party/FreeRTOS/Source/stream_buffer.o
LOAD Middlewares/Third_Party/FreeRTOS/Source/tasks.o
LOAD Middlewares/Third_Party/FreeRTOS/Source/timers.o
LOAD Middlewares/Third_Party/FreeRTOS/Source/portable/GCC/ARM_CM3/port.o
LOAD Middlewares/Third_Party/FreeRTOS/Source/portable/MemMang/heap_4.o
LOAD Src/freertos.o
LOAD Src/main.o
LOAD Src/stm32f1xx_hal_msp.o
LOAD Src/stm32f1xx_hal_timebase_tim.o
LOAD Src/stm32f1xx_it.o
LOAD Src/syscalls.o
LOAD Src/sysmem.o
LOAD Src/system_stm32f1xx.o
LOAD Src/usb_device.o
LOAD Src/usbd_cdc_if.o
LOAD Src/usbd_conf.o
LOAD Src/usbd_desc.o
LOAD Startup/startup_stm32f103c8tx.o
START GROUP
LOAD c:/st/stm32cubeide_1.0.2/stm32cubeide/plugins/com.st.stm32cube.ide.mcu.externaltools.gnu-tools-for-stm32.7-2018-q2-update.win32_1.0.0.201904181610/tools/bin/../lib/gcc/arm-none-eabi/7.3.1/../../../../arm-none-eabi/lib/thumb/v7-m\libstdc++_nano.a
LOAD c:/st/stm32cubeide_1.0.2/stm32cubeide/plugins/com.st.stm32cube.ide.mcu.externaltools.gnu-tools-for-stm32.7-2018-q2-update.win32_1.0.0.201904181610/tools/bin/../lib/gcc/arm-none-eabi/7.3.1/../../../../arm-none-eabi/lib/thumb/v7-m\libsupc++_nano.a
END GROUP
LOAD c:/st/stm32cubeide_1.0.2/stm32cubeide/plugins/com.st.stm32cube.ide.mcu.externaltools.gnu-tools-for-stm32.7-2018-q2-update.win32_1.0.0.201904181610/tools/bin/../lib/gcc/arm-none-eabi/7.3.1/../../../../arm-none-eabi/lib/thumb/v7-m\libstdc++_nano.a
LOAD c:/st/stm32cubeide_1.0.2/stm32cubeide/plugins/com.st.stm32cube.ide.mcu.externaltools.gnu-tools-for-stm32.7-2018-q2-update.win32_1.0.0.201904181610/tools/bin/../lib/gcc/arm-none-eabi/7.3.1/../../../../arm-none-eabi/lib/thumb/v7-m\libm.a
LOAD c:/st/stm32cubeide_1.0.2/stm32cubeide/plugins/com.st.stm32cube.ide.mcu.externaltools.gnu-tools-for-stm32.7-2018-q2-update.win32_1.0.0.201904181610/tools/bin/../lib/gcc/arm-none-eabi/7.3.1/../../../../arm-none-eabi/lib/thumb/v7-m\libc_nano.a
START GROUP
LOAD c:/st/stm32cubeide_1.0.2/stm32cubeide/plugins/com.st.stm32cube.ide.mcu.externaltools.gnu-tools-for-stm32.7-2018-q2-update.win32_1.0.0.201904181610/tools/bin/../lib/gcc/arm-none-eabi/7.3.1/thumb/v7-m\libgcc.a
LOAD c:/st/stm32cubeide_1.0.2/stm32cubeide/plugins/com.st.stm32cube.ide.mcu.externaltools.gnu-tools-for-stm32.7-2018-q2-update.win32_1.0.0.201904181610/tools/bin/../lib/gcc/arm-none-eabi/7.3.1/../../../../arm-none-eabi/lib/thumb/v7-m\libc_nano.a
END GROUP
START GROUP
LOAD c:/st/stm32cubeide_1.0.2/stm32cubeide/plugins/com.st.stm32cube.ide.mcu.externaltools.gnu-tools-for-stm32.7-2018-q2-update.win32_1.0.0.201904181610/tools/bin/../lib/gcc/arm-none-eabi/7.3.1/thumb/v7-m\libgcc.a
LOAD c:/st/stm32cubeide_1.0.2/stm32cubeide/plugins/com.st.stm32cube.ide.mcu.externaltools.gnu-tools-for-stm32.7-2018-q2-update.win32_1.0.0.201904181610/tools/bin/../lib/gcc/arm-none-eabi/7.3.1/../../../../arm-none-eabi/lib/thumb/v7-m\libc_nano.a
LOAD c:/st/stm32cubeide_1.0.2/stm32cubeide/plugins/com.st.stm32cube.ide.mcu.externaltools.gnu-tools-for-stm32.7-2018-q2-update.win32_1.0.0.201904181610/tools/bin/../lib/gcc/arm-none-eabi/7.3.1/../../../../arm-none-eabi/lib/thumb/v7-m\libnosys.a
END GROUP
START GROUP
LOAD c:/st/stm32cubeide_1.0.2/stm32cubeide/plugins/com.st.stm32cube.ide.mcu.externaltools.gnu-tools-for-stm32.7-2018-q2-update.win32_1.0.0.201904181610/tools/bin/../lib/gcc/arm-none-eabi/7.3.1/thumb/v7-m\libgcc.a
LOAD c:/st/stm32cubeide_1.0.2/stm32cubeide/plugins/com.st.stm32cube.ide.mcu.externaltools.gnu-tools-for-stm32.7-2018-q2-update.win32_1.0.0.201904181610/tools/bin/../lib/gcc/arm-none-eabi/7.3.1/../../../../arm-none-eabi/lib/thumb/v7-m\libc_nano.a
LOAD c:/st/stm32cubeide_1.0.2/stm32cubeide/plugins/com.st.stm32cube.ide.mcu.externaltools.gnu-tools-for-stm32.7-2018-q2-update.win32_1.0.0.201904181610/tools/bin/../lib/gcc/arm-none-eabi/7.3.1/../../../../arm-none-eabi/lib/thumb/v7-m\libnosys.a
END GROUP
LOAD c:/st/stm32cubeide_1.0.2/stm32cubeide/plugins/com.st.stm32cube.ide.mcu.externaltools.gnu-tools-for-stm32.7-2018-q2-update.win32_1.0.0.201904181610/tools/bin/../lib/gcc/arm-none-eabi/7.3.1/thumb/v7-m/crtend.o
LOAD c:/st/stm32cubeide_1.0.2/stm32cubeide/plugins/com.st.stm32cube.ide.mcu.externaltools.gnu-tools-for-stm32.7-2018-q2-update.win32_1.0.0.201904181610/tools/bin/../lib/gcc/arm-none-eabi/7.3.1/thumb/v7-m/crtn.o
                0x0000000020005000                _estack = 0x20005000
                0x0000000000000200                _Min_Heap_Size = 0x200
                0x0000000000000400                _Min_Stack_Size = 0x400

.isr_vector     0x0000000008000000      0x10c
                0x0000000008000000                . = ALIGN (0x4)
 *(.isr_vector)
 .isr_vector    0x0000000008000000      0x10c Startup/startup_stm32f103c8tx.o
                0x0000000008000000                g_pfnVectors
                0x000000000800010c                . = ALIGN (0x4)

.text           0x0000000008000110     0x58fc
                0x0000000008000110                . = ALIGN (0x4)
 *(.text)
 .text          0x0000000008000110       0x40 c:/st/stm32cubeide_1.0.2/stm32cubeide/plugins/com.st.stm32cube.ide.mcu.externaltools.gnu-tools-for-stm32.7-2018-q2-update.win32_1.0.0.201904181610/tools/bin/../lib/gcc/arm-none-eabi/7.3.1/thumb/v7-m/crtbegin.o
 *(.text*)
 .text.HAL_Init
                0x0000000008000150       0x24 Drivers/STM32F1xx_HAL_Driver/Src/stm32f1xx_hal.o
                0x0000000008000150                HAL_Init
 .text.HAL_IncTick
                0x0000000008000174       0x18 Drivers/STM32F1xx_HAL_Driver/Src/stm32f1xx_hal.o
                0x0000000008000174                HAL_IncTick
 .text.HAL_GetTick
                0x000000000800018c        0xc Drivers/STM32F1xx_HAL_Driver/Src/stm32f1xx_hal.o
                0x000000000800018c                HAL_GetTick
 .text.HAL_NVIC_SetPriorityGrouping
                0x0000000008000198       0x24 Drivers/STM32F1xx_HAL_Driver/Src/stm32f1xx_hal_cortex.o
                0x0000000008000198                HAL_NVIC_SetPriorityGrouping
 .text.HAL_NVIC_SetPriority
                0x00000000080001bc       0x6c Drivers/STM32F1xx_HAL_Driver/Src/stm32f1xx_hal_cortex.o
                0x00000000080001bc                HAL_NVIC_SetPriority
 .text.HAL_NVIC_EnableIRQ
                0x0000000008000228       0x1c Drivers/STM32F1xx_HAL_Driver/Src/stm32f1xx_hal_cortex.o
                0x0000000008000228                HAL_NVIC_EnableIRQ
 .text.HAL_GPIO_Init
                0x0000000008000244      0x1f4 Drivers/STM32F1xx_HAL_Driver/Src/stm32f1xx_hal_gpio.o
                0x0000000008000244                HAL_GPIO_Init
 .text.HAL_GPIO_WritePin
                0x0000000008000438        0x8 Drivers/STM32F1xx_HAL_Driver/Src/stm32f1xx_hal_gpio.o
                0x0000000008000438                HAL_GPIO_WritePin
 .text.HAL_PCD_Init
                0x0000000008000440       0xfc Drivers/STM32F1xx_HAL_Driver/Src/stm32f1xx_hal_pcd.o
                0x0000000008000440                HAL_PCD_Init
 .text.HAL_PCD_Start
                0x000000000800053c       0x30 Drivers/STM32F1xx_HAL_Driver/Src/stm32f1xx_hal_pcd.o
                0x000000000800053c                HAL_PCD_Start
 .text.HAL_PCD_IRQHandler
                0x000000000800056c      0x4dc Drivers/STM32F1xx_HAL_Driver/Src/stm32f1xx_hal_pcd.o
                0x000000000800056c                HAL_PCD_IRQHandler
 .text.HAL_PCD_SetAddress
                0x0000000008000a48       0x28 Drivers/STM32F1xx_HAL_Driver/Src/stm32f1xx_hal_pcd.o
                0x0000000008000a48                HAL_PCD_SetAddress
 .text.HAL_PCD_EP_Open
                0x0000000008000a70       0x64 Drivers/STM32F1xx_HAL_Driver/Src/stm32f1xx_hal_pcd.o
                0x0000000008000a70                HAL_PCD_EP_Open
 .text.HAL_PCD_EP_Close
                0x0000000008000ad4       0x58 Drivers/STM32F1xx_HAL_Driver/Src/stm32f1xx_hal_pcd.o
                0x0000000008000ad4                HAL_PCD_EP_Close
 .text.HAL_PCD_EP_Receive
                0x0000000008000b2c       0x30 Drivers/STM32F1xx_HAL_Driver/Src/stm32f1xx_hal_pcd.o
                0x0000000008000b2c                HAL_PCD_EP_Receive
 .text.HAL_PCD_EP_GetRxCount
                0x0000000008000b5c       0x10 Drivers/STM32F1xx_HAL_Driver/Src/stm32f1xx_hal_pcd.o
                0x0000000008000b5c                HAL_PCD_EP_GetRxCount
 .text.HAL_PCD_EP_Transmit
                0x0000000008000b6c       0x2c Drivers/STM32F1xx_HAL_Driver/Src/stm32f1xx_hal_pcd.o
                0x0000000008000b6c                HAL_PCD_EP_Transmit
 .text.HAL_PCD_EP_SetStall
                0x0000000008000b98       0x78 Drivers/STM32F1xx_HAL_Driver/Src/stm32f1xx_hal_pcd.o
                0x0000000008000b98                HAL_PCD_EP_SetStall
 .text.HAL_PCD_EP_ClrStall
                0x0000000008000c10       0x70 Drivers/STM32F1xx_HAL_Driver/Src/stm32f1xx_hal_pcd.o
                0x0000000008000c10                HAL_PCD_EP_ClrStall
 .text.HAL_PCDEx_PMAConfig
                0x0000000008000c80       0x38 Drivers/STM32F1xx_HAL_Driver/Src/stm32f1xx_hal_pcd_ex.o
                0x0000000008000c80                HAL_PCDEx_PMAConfig
 .text.HAL_RCC_OscConfig
                0x0000000008000cb8      0x3f0 Drivers/STM32F1xx_HAL_Driver/Src/stm32f1xx_hal_rcc.o
                0x0000000008000cb8                HAL_RCC_OscConfig
 .text.HAL_RCC_ClockConfig
                0x00000000080010a8      0x198 Drivers/STM32F1xx_HAL_Driver/Src/stm32f1xx_hal_rcc.o
                0x00000000080010a8                HAL_RCC_ClockConfig
 .text.HAL_RCC_GetPCLK1Freq
                0x0000000008001240       0x20 Drivers/STM32F1xx_HAL_Driver/Src/stm32f1xx_hal_rcc.o
                0x0000000008001240                HAL_RCC_GetPCLK1Freq
 .text.HAL_RCC_GetClockConfig
                0x0000000008001260       0x40 Drivers/STM32F1xx_HAL_Driver/Src/stm32f1xx_hal_rcc.o
                0x0000000008001260                HAL_RCC_GetClockConfig
 .text.HAL_RCCEx_PeriphCLKConfig
                0x00000000080012a0      0x104 Drivers/STM32F1xx_HAL_Driver/Src/stm32f1xx_hal_rcc_ex.o
                0x00000000080012a0                HAL_RCCEx_PeriphCLKConfig
 .text.HAL_TIM_Base_MspInit
                0x00000000080013a4        0x4 Drivers/STM32F1xx_HAL_Driver/Src/stm32f1xx_hal_tim.o
                0x00000000080013a4                HAL_TIM_Base_MspInit
 .text.HAL_TIM_Base_Init
                0x00000000080013a8       0x9c Drivers/STM32F1xx_HAL_Driver/Src/stm32f1xx_hal_tim.o
                0x00000000080013a8                HAL_TIM_Base_Init
 .text.HAL_TIM_Base_Start_IT
                0x0000000008001444       0x20 Drivers/STM32F1xx_HAL_Driver/Src/stm32f1xx_hal_tim.o
                0x0000000008001444                HAL_TIM_Base_Start_IT
 .text.HAL_TIM_OC_DelayElapsedCallback
                0x0000000008001464        0x4 Drivers/STM32F1xx_HAL_Driver/Src/stm32f1xx_hal_tim.o
                0x0000000008001464                HAL_TIM_OC_DelayElapsedCallback
 .text.HAL_TIM_IC_CaptureCallback
                0x0000000008001468        0x4 Drivers/STM32F1xx_HAL_Driver/Src/stm32f1xx_hal_tim.o
                0x0000000008001468                HAL_TIM_IC_CaptureCallback
 .text.HAL_TIM_PWM_PulseFinishedCallback
                0x000000000800146c        0x4 Drivers/STM32F1xx_HAL_Driver/Src/stm32f1xx_hal_tim.o
                0x000000000800146c                HAL_TIM_PWM_PulseFinishedCallback
 .text.HAL_TIM_TriggerCallback
                0x0000000008001470        0x4 Drivers/STM32F1xx_HAL_Driver/Src/stm32f1xx_hal_tim.o
                0x0000000008001470                HAL_TIM_TriggerCallback
 .text.HAL_TIM_IRQHandler
                0x0000000008001474      0x154 Drivers/STM32F1xx_HAL_Driver/Src/stm32f1xx_hal_tim.o
                0x0000000008001474                HAL_TIM_IRQHandler
 .text.HAL_TIMEx_CommutCallback
                0x00000000080015c8        0x4 Drivers/STM32F1xx_HAL_Driver/Src/stm32f1xx_hal_tim_ex.o
                0x00000000080015c8                HAL_TIMEx_CommutCallback
 .text.HAL_TIMEx_BreakCallback
                0x00000000080015cc        0x4 Drivers/STM32F1xx_HAL_Driver/Src/stm32f1xx_hal_tim_ex.o
                0x00000000080015cc                HAL_TIMEx_BreakCallback
 .text.USB_CoreInit
                0x00000000080015d0       0x10 Drivers/STM32F1xx_HAL_Driver/Src/stm32f1xx_ll_usb.o
                0x00000000080015d0                USB_CoreInit
 .text.USB_EnableGlobalInt
                0x00000000080015e0       0x14 Drivers/STM32F1xx_HAL_Driver/Src/stm32f1xx_ll_usb.o
                0x00000000080015e0                USB_EnableGlobalInt
 .text.USB_DisableGlobalInt
                0x00000000080015f4       0x14 Drivers/STM32F1xx_HAL_Driver/Src/stm32f1xx_ll_usb.o
                0x00000000080015f4                USB_DisableGlobalInt
 .text.USB_SetCurrentMode
                0x0000000008001608        0x4 Drivers/STM32F1xx_HAL_Driver/Src/stm32f1xx_ll_usb.o
                0x0000000008001608                USB_SetCurrentMode
 .text.USB_DevInit
                0x000000000800160c       0x34 Drivers/STM32F1xx_HAL_Driver/Src/stm32f1xx_ll_usb.o
                0x000000000800160c                USB_DevInit
 .text.USB_ActivateEndpoint
                0x0000000008001640      0x310 Drivers/STM32F1xx_HAL_Driver/Src/stm32f1xx_ll_usb.o
                0x0000000008001640                USB_ActivateEndpoint
 .text.USB_DeactivateEndpoint
                0x0000000008001950      0x1ac Drivers/STM32F1xx_HAL_Driver/Src/stm32f1xx_ll_usb.o
                0x0000000008001950                USB_DeactivateEndpoint
 .text.USB_EPStartXfer
                0x0000000008001afc      0x250 Drivers/STM32F1xx_HAL_Driver/Src/stm32f1xx_ll_usb.o
                0x0000000008001afc                USB_EPStartXfer
 .text.USB_EPSetStall
                0x0000000008001d4c       0x44 Drivers/STM32F1xx_HAL_Driver/Src/stm32f1xx_ll_usb.o
                0x0000000008001d4c                USB_EPSetStall
 .text.USB_EPClearStall
                0x0000000008001d90       0xa8 Drivers/STM32F1xx_HAL_Driver/Src/stm32f1xx_ll_usb.o
                0x0000000008001d90                USB_EPClearStall
 .text.USB_SetDevAddress
                0x0000000008001e38        0xc Drivers/STM32F1xx_HAL_Driver/Src/stm32f1xx_ll_usb.o
                0x0000000008001e38                USB_SetDevAddress
 .text.USB_DevConnect
                0x0000000008001e44        0x4 Drivers/STM32F1xx_HAL_Driver/Src/stm32f1xx_ll_usb.o
                0x0000000008001e44                USB_DevConnect
 .text.USB_DevDisconnect
                0x0000000008001e48        0x4 Drivers/STM32F1xx_HAL_Driver/Src/stm32f1xx_ll_usb.o
                0x0000000008001e48                USB_DevDisconnect
 .text.USB_ReadInterrupts
                0x0000000008001e4c        0x8 Drivers/STM32F1xx_HAL_Driver/Src/stm32f1xx_ll_usb.o
                0x0000000008001e4c                USB_ReadInterrupts
 .text.USB_EP0_OutStart
                0x0000000008001e54        0x4 Drivers/STM32F1xx_HAL_Driver/Src/stm32f1xx_ll_usb.o
                0x0000000008001e54                USB_EP0_OutStart
 .text.USB_ReadPMA
                0x0000000008001e58       0x4c Drivers/STM32F1xx_HAL_Driver/Src/stm32f1xx_ll_usb.o
                0x0000000008001e58                USB_ReadPMA
 .text.USBD_CDC_EP0_RxReady
                0x0000000008001ea4       0x2c Middlewares/ST/STM32_USB_Device_Library/Class/CDC/Src/usbd_cdc.o
 .text.USBD_CDC_GetFSCfgDesc
                0x0000000008001ed0        0xc Middlewares/ST/STM32_USB_Device_Library/Class/CDC/Src/usbd_cdc.o
 .text.USBD_CDC_GetHSCfgDesc
                0x0000000008001edc        0xc Middlewares/ST/STM32_USB_Device_Library/Class/CDC/Src/usbd_cdc.o
 .text.USBD_CDC_GetOtherSpeedCfgDesc
                0x0000000008001ee8        0xc Middlewares/ST/STM32_USB_Device_Library/Class/CDC/Src/usbd_cdc.o
 .text.USBD_CDC_GetDeviceQualifierDescriptor
                0x0000000008001ef4        0xc Middlewares/ST/STM32_USB_Device_Library/Class/CDC/Src/usbd_cdc.o
                0x0000000008001ef4                USBD_CDC_GetDeviceQualifierDescriptor
 .text.USBD_CDC_DataOut
                0x0000000008001f00       0x30 Middlewares/ST/STM32_USB_Device_Library/Class/CDC/Src/usbd_cdc.o
 .text.USBD_CDC_DataIn
                0x0000000008001f30       0x44 Middlewares/ST/STM32_USB_Device_Library/Class/CDC/Src/usbd_cdc.o
 .text.USBD_CDC_Setup
                0x0000000008001f74       0xc8 Middlewares/ST/STM32_USB_Device_Library/Class/CDC/Src/usbd_cdc.o
 .text.USBD_CDC_DeInit
                0x000000000800203c       0x44 Middlewares/ST/STM32_USB_Device_Library/Class/CDC/Src/usbd_cdc.o
 .text.USBD_CDC_Init
                0x0000000008002080       0xac Middlewares/ST/STM32_USB_Device_Library/Class/CDC/Src/usbd_cdc.o
 .text.USBD_CDC_RegisterInterface
                0x000000000800212c       0x10 Middlewares/ST/STM32_USB_Device_Library/Class/CDC/Src/usbd_cdc.o
                0x000000000800212c                USBD_CDC_RegisterInterface
 .text.USBD_CDC_SetTxBuffer
                0x000000000800213c       0x10 Middlewares/ST/STM32_USB_Device_Library/Class/CDC/Src/usbd_cdc.o
                0x000000000800213c                USBD_CDC_SetTxBuffer
 .text.USBD_CDC_SetRxBuffer
                0x000000000800214c        0xc Middlewares/ST/STM32_USB_Device_Library/Class/CDC/Src/usbd_cdc.o
                0x000000000800214c                USBD_CDC_SetRxBuffer
 .text.USBD_CDC_TransmitPacket
                0x0000000008002158       0x34 Middlewares/ST/STM32_USB_Device_Library/Class/CDC/Src/usbd_cdc.o
                0x0000000008002158                USBD_CDC_TransmitPacket
 .text.USBD_CDC_ReceivePacket
                0x000000000800218c       0x30 Middlewares/ST/STM32_USB_Device_Library/Class/CDC/Src/usbd_cdc.o
                0x000000000800218c                USBD_CDC_ReceivePacket
 .text.USBD_Init
                0x00000000080021bc       0x2c Middlewares/ST/STM32_USB_Device_Library/Core/Src/usbd_core.o
                0x00000000080021bc                USBD_Init
 .text.USBD_RegisterClass
                0x00000000080021e8       0x10 Middlewares/ST/STM32_USB_Device_Library/Core/Src/usbd_core.o
                0x00000000080021e8                USBD_RegisterClass
 .text.USBD_Start
                0x00000000080021f8        0xc Middlewares/ST/STM32_USB_Device_Library/Core/Src/usbd_core.o
                0x00000000080021f8                USBD_Start
 .text.USBD_SetClassConfig
                0x0000000008002204       0x14 Middlewares/ST/STM32_USB_Device_Library/Core/Src/usbd_core.o
                0x0000000008002204                USBD_SetClassConfig
 .text.USBD_ClrClassConfig
                0x0000000008002218       0x10 Middlewares/ST/STM32_USB_Device_Library/Core/Src/usbd_core.o
                0x0000000008002218                USBD_ClrClassConfig
 .text.USBD_LL_SetupStage
                0x0000000008002228       0x60 Middlewares/ST/STM32_USB_Device_Library/Core/Src/usbd_core.o
                0x0000000008002228                USBD_LL_SetupStage
 .text.USBD_LL_DataOutStage
                0x0000000008002288       0x80 Middlewares/ST/STM32_USB_Device_Library/Core/Src/usbd_core.o
                0x0000000008002288                USBD_LL_DataOutStage
 .text.USBD_LL_DataInStage
                0x0000000008002308       0xc0 Middlewares/ST/STM32_USB_Device_Library/Core/Src/usbd_core.o
                0x0000000008002308                USBD_LL_DataInStage
 .text.USBD_LL_Reset
                0x00000000080023c8       0x50 Middlewares/ST/STM32_USB_Device_Library/Core/Src/usbd_core.o
                0x00000000080023c8                USBD_LL_Reset
 .text.USBD_LL_SetSpeed
                0x0000000008002418        0x8 Middlewares/ST/STM32_USB_Device_Library/Core/Src/usbd_core.o
                0x0000000008002418                USBD_LL_SetSpeed
 .text.USBD_LL_Suspend
                0x0000000008002420       0x14 Middlewares/ST/STM32_USB_Device_Library/Core/Src/usbd_core.o
                0x0000000008002420                USBD_LL_Suspend
 .text.USBD_LL_Resume
                0x0000000008002434       0x14 Middlewares/ST/STM32_USB_Device_Library/Core/Src/usbd_core.o
                0x0000000008002434                USBD_LL_Resume
 .text.USBD_LL_SOF
                0x0000000008002448       0x1c Middlewares/ST/STM32_USB_Device_Library/Core/Src/usbd_core.o
                0x0000000008002448                USBD_LL_SOF
 .text.USBD_StdDevReq
                0x0000000008002464      0x2fc Middlewares/ST/STM32_USB_Device_Library/Core/Src/usbd_ctlreq.o
                0x0000000008002464                USBD_StdDevReq
 .text.USBD_StdItfReq
                0x0000000008002760       0x58 Middlewares/ST/STM32_USB_Device_Library/Core/Src/usbd_ctlreq.o
                0x0000000008002760                USBD_StdItfReq
 .text.USBD_StdEPReq
                0x00000000080027b8      0x12c Middlewares/ST/STM32_USB_Device_Library/Core/Src/usbd_ctlreq.o
                0x00000000080027b8                USBD_StdEPReq
 .text.USBD_ParseSetupRequest
                0x00000000080028e4       0x28 Middlewares/ST/STM32_USB_Device_Library/Core/Src/usbd_ctlreq.o
                0x00000000080028e4                USBD_ParseSetupRequest
 .text.USBD_CtlError
                0x000000000800290c       0x18 Middlewares/ST/STM32_USB_Device_Library/Core/Src/usbd_ctlreq.o
                0x000000000800290c                USBD_CtlError
 .text.USBD_GetString
                0x0000000008002924       0x4c Middlewares/ST/STM32_USB_Device_Library/Core/Src/usbd_ctlreq.o
                0x0000000008002924                USBD_GetString
 .text.USBD_CtlSendData
                0x0000000008002970       0x1c Middlewares/ST/STM32_USB_Device_Library/Core/Src/usbd_ioreq.o
                0x0000000008002970                USBD_CtlSendData
 .text.USBD_CtlContinueSendData
                0x000000000800298c       0x10 Middlewares/ST/STM32_USB_Device_Library/Core/Src/usbd_ioreq.o
                0x000000000800298c                USBD_CtlContinueSendData
 .text.USBD_CtlPrepareRx
                0x000000000800299c       0x20 Middlewares/ST/STM32_USB_Device_Library/Core/Src/usbd_ioreq.o
                0x000000000800299c                USBD_CtlPrepareRx
 .text.USBD_CtlContinueRx
                0x00000000080029bc       0x10 Middlewares/ST/STM32_USB_Device_Library/Core/Src/usbd_ioreq.o
                0x00000000080029bc                USBD_CtlContinueRx
 .text.USBD_CtlSendStatus
                0x00000000080029cc       0x18 Middlewares/ST/STM32_USB_Device_Library/Core/Src/usbd_ioreq.o
                0x00000000080029cc                USBD_CtlSendStatus
 .text.USBD_CtlReceiveStatus
                0x00000000080029e4       0x18 Middlewares/ST/STM32_USB_Device_Library/Core/Src/usbd_ioreq.o
                0x00000000080029e4                USBD_CtlReceiveStatus
 .text.osKernelStart
                0x00000000080029fc        0xc Middlewares/Third_Party/FreeRTOS/Source/CMSIS_RTOS/cmsis_os.o
                0x00000000080029fc                osKernelStart
 .text.osThreadCreate
                0x0000000008002a08       0x34 Middlewares/Third_Party/FreeRTOS/Source/CMSIS_RTOS/cmsis_os.o
                0x0000000008002a08                osThreadCreate
 .text.osDelay  0x0000000008002a3c       0x10 Middlewares/Third_Party/FreeRTOS/Source/CMSIS_RTOS/cmsis_os.o
                0x0000000008002a3c                osDelay
 .text.vListInitialise
                0x0000000008002a4c       0x18 Middlewares/Third_Party/FreeRTOS/Source/list.o
                0x0000000008002a4c                vListInitialise
 .text.vListInitialiseItem
                0x0000000008002a64        0x8 Middlewares/Third_Party/FreeRTOS/Source/list.o
                0x0000000008002a64                vListInitialiseItem
 .text.vListInsertEnd
                0x0000000008002a6c       0x1c Middlewares/Third_Party/FreeRTOS/Source/list.o
                0x0000000008002a6c                vListInsertEnd
 .text.vListInsert
                0x0000000008002a88       0x34 Middlewares/Third_Party/FreeRTOS/Source/list.o
                0x0000000008002a88                vListInsert
 .text.uxListRemove
                0x0000000008002abc       0x28 Middlewares/Third_Party/FreeRTOS/Source/list.o
                0x0000000008002abc                uxListRemove
 .text.prvUnlockQueue
                0x0000000008002ae4       0x94 Middlewares/Third_Party/FreeRTOS/Source/queue.o
 .text.xQueueGenericCreate
                0x0000000008002b78       0x88 Middlewares/Third_Party/FreeRTOS/Source/queue.o
                0x0000000008002b78                xQueueGenericCreate
 .text.xQueueGenericSend
                0x0000000008002c00      0x324 Middlewares/Third_Party/FreeRTOS/Source/queue.o
                0x0000000008002c00                xQueueGenericSend
 .text.xQueueGiveFromISR
                0x0000000008002f24       0xac Middlewares/Third_Party/FreeRTOS/Source/queue.o
                0x0000000008002f24                xQueueGiveFromISR
 .text.xQueueSemaphoreTake
                0x0000000008002fd0      0x314 Middlewares/Third_Party/FreeRTOS/Source/queue.o
                0x0000000008002fd0                xQueueSemaphoreTake
 .text.prvIdleTask
                0x00000000080032e4       0x70 Middlewares/Third_Party/FreeRTOS/Source/tasks.o
 .text.prvAddCurrentTaskToDelayedList
                0x0000000008003354       0x8c Middlewares/Third_Party/FreeRTOS/Source/tasks.o
 .text.xTaskCreate
                0x00000000080033e0      0x26c Middlewares/Third_Party/FreeRTOS/Source/tasks.o
                0x00000000080033e0                xTaskCreate
 .text.vTaskStartScheduler
                0x000000000800364c      0x1e0 Middlewares/Third_Party/FreeRTOS/Source/tasks.o
                0x000000000800364c                vTaskStartScheduler
 .text.vTaskSuspendAll
                0x000000000800382c       0x10 Middlewares/Third_Party/FreeRTOS/Source/tasks.o
                0x000000000800382c                vTaskSuspendAll
 .text.xTaskIncrementTick
                0x000000000800383c      0x158 Middlewares/Third_Party/FreeRTOS/Source/tasks.o
                0x000000000800383c                xTaskIncrementTick
 .text.xTaskResumeAll
                0x0000000008003994      0x114 Middlewares/Third_Party/FreeRTOS/Source/tasks.o
                0x0000000008003994                xTaskResumeAll
 .text.vTaskDelay
                0x0000000008003aa8       0x48 Middlewares/Third_Party/FreeRTOS/Source/tasks.o
                0x0000000008003aa8                vTaskDelay
 .text.vTaskSwitchContext
                0x0000000008003af0       0x7c Middlewares/Third_Party/FreeRTOS/Source/tasks.o
                0x0000000008003af0                vTaskSwitchContext
 .text.vTaskPlaceOnEventList
                0x0000000008003b6c       0xa0 Middlewares/Third_Party/FreeRTOS/Source/tasks.o
                0x0000000008003b6c                vTaskPlaceOnEventList
 .text.xTaskRemoveFromEventList
                0x0000000008003c0c       0x8c Middlewares/Third_Party/FreeRTOS/Source/tasks.o
                0x0000000008003c0c                xTaskRemoveFromEventList
 .text.vTaskInternalSetTimeOutState
                0x0000000008003c98       0x18 Middlewares/Third_Party/FreeRTOS/Source/tasks.o
                0x0000000008003c98                vTaskInternalSetTimeOutState
 .text.xTaskCheckForTimeOut
                0x0000000008003cb0       0x8c Middlewares/Third_Party/FreeRTOS/Source/tasks.o
                0x0000000008003cb0                xTaskCheckForTimeOut
 .text.vTaskMissedYield
                0x0000000008003d3c        0xc Middlewares/Third_Party/FreeRTOS/Source/tasks.o
                0x0000000008003d3c                vTaskMissedYield
 .text.xTaskGetSchedulerState
                0x0000000008003d48       0x20 Middlewares/Third_Party/FreeRTOS/Source/tasks.o
                0x0000000008003d48                xTaskGetSchedulerState
 .text.xTaskPriorityInherit
                0x0000000008003d68       0xac Middlewares/Third_Party/FreeRTOS/Source/tasks.o
                0x0000000008003d68                xTaskPriorityInherit
 .text.xTaskPriorityDisinherit
                0x0000000008003e14       0xb8 Middlewares/Third_Party/FreeRTOS/Source/tasks.o
                0x0000000008003e14                xTaskPriorityDisinherit
 .text.vTaskPriorityDisinheritAfterTimeout
                0x0000000008003ecc       0xbc Middlewares/Third_Party/FreeRTOS/Source/tasks.o
                0x0000000008003ecc                vTaskPriorityDisinheritAfterTimeout
 .text.pvTaskIncrementMutexHeldCount
                0x0000000008003f88       0x18 Middlewares/Third_Party/FreeRTOS/Source/tasks.o
                0x0000000008003f88                pvTaskIncrementMutexHeldCount
 .text.prvTaskExitError
                0x0000000008003fa0       0x40 Middlewares/Third_Party/FreeRTOS/Source/portable/GCC/ARM_CM3/port.o
 .text.unlikely.prvPortStartFirstTask
                0x0000000008003fe0       0x20 Middlewares/Third_Party/FreeRTOS/Source/portable/GCC/ARM_CM3/port.o
 .text.pxPortInitialiseStack
                0x0000000008004000       0x24 Middlewares/Third_Party/FreeRTOS/Source/portable/GCC/ARM_CM3/port.o
                0x0000000008004000                pxPortInitialiseStack
 *fill*         0x0000000008004024        0xc 
 .text.SVC_Handler
                0x0000000008004030       0x24 Middlewares/Third_Party/FreeRTOS/Source/portable/GCC/ARM_CM3/port.o
                0x0000000008004030                SVC_Handler
 .text.vPortEnterCritical
                0x0000000008004054       0x44 Middlewares/Third_Party/FreeRTOS/Source/portable/GCC/ARM_CM3/port.o
                0x0000000008004054                vPortEnterCritical
 .text.vPortExitCritical
                0x0000000008004098       0x28 Middlewares/Third_Party/FreeRTOS/Source/portable/GCC/ARM_CM3/port.o
                0x0000000008004098                vPortExitCritical
 .text.PendSV_Handler
                0x00000000080040c0       0x44 Middlewares/Third_Party/FreeRTOS/Source/portable/GCC/ARM_CM3/port.o
                0x00000000080040c0                PendSV_Handler
 .text.SysTick_Handler
                0x0000000008004104       0x2c Middlewares/Third_Party/FreeRTOS/Source/portable/GCC/ARM_CM3/port.o
                0x0000000008004104                SysTick_Handler
 .text.vPortSetupTimerInterrupt
                0x0000000008004130       0x3c Middlewares/Third_Party/FreeRTOS/Source/portable/GCC/ARM_CM3/port.o
                0x0000000008004130                vPortSetupTimerInterrupt
 .text.xPortStartScheduler
                0x000000000800416c       0xb8 Middlewares/Third_Party/FreeRTOS/Source/portable/GCC/ARM_CM3/port.o
                0x000000000800416c                xPortStartScheduler
 .text.vPortValidateInterruptPriority
                0x0000000008004224       0x5c Middlewares/Third_Party/FreeRTOS/Source/portable/GCC/ARM_CM3/port.o
                0x0000000008004224                vPortValidateInterruptPriority
 .text.unlikely.prvInsertBlockIntoFreeList
                0x0000000008004280       0x50 Middlewares/Third_Party/FreeRTOS/Source/portable/MemMang/heap_4.o
 .text.pvPortMalloc
                0x00000000080042d0      0x128 Middlewares/Third_Party/FreeRTOS/Source/portable/MemMang/heap_4.o
                0x00000000080042d0                pvPortMalloc
 .text.vPortFree
                0x00000000080043f8       0x70 Middlewares/Third_Party/FreeRTOS/Source/portable/MemMang/heap_4.o
                0x00000000080043f8                vPortFree
 .text.Sm_ERR   0x0000000008004468       0x28 Src/main.o
                0x0000000008004468                Sm_ERR
 .text.Sm_MOVINGX
                0x0000000008004490       0xb8 Src/main.o
                0x0000000008004490                Sm_MOVINGX
 .text.Sm_MOVINGY
                0x0000000008004548       0x9c Src/main.o
                0x0000000008004548                Sm_MOVINGY
 .text.maquina  0x00000000080045e4       0x34 Src/main.o
                0x00000000080045e4                maquina
 .text.StartDefaultTask
                0x0000000008004618       0x10 Src/main.o
                0x0000000008004618                StartDefaultTask
 .text.interpretarSerial
                0x0000000008004628       0xfc Src/main.o
                0x0000000008004628                interpretarSerial
 .text.Sm_DISCONNECTED
                0x0000000008004724      0x160 Src/main.o
                0x0000000008004724                Sm_DISCONNECTED
 .text.Sm_STANDBY
                0x0000000008004884      0x584 Src/main.o
                0x0000000008004884                Sm_STANDBY
 .text.ouvirTask
                0x0000000008004e08      0x120 Src/main.o
                0x0000000008004e08                ouvirTask
 .text.SystemClock_Config
                0x0000000008004f28       0x6c Src/main.o
                0x0000000008004f28                SystemClock_Config
 .text.startup.main
                0x0000000008004f94      0x100 Src/main.o
                0x0000000008004f94                main
 .text.HAL_TIM_PeriodElapsedCallback
                0x0000000008005094       0x14 Src/main.o
                0x0000000008005094                HAL_TIM_PeriodElapsedCallback
 .text.Error_Handler
                0x00000000080050a8        0x4 Src/main.o
                0x00000000080050a8                Error_Handler
 .text.HAL_MspInit
                0x00000000080050ac       0x50 Src/stm32f1xx_hal_msp.o
                0x00000000080050ac                HAL_MspInit
 .text.HAL_InitTick
                0x00000000080050fc       0x7c Src/stm32f1xx_hal_timebase_tim.o
                0x00000000080050fc                HAL_InitTick
 .text.NMI_Handler
                0x0000000008005178        0x4 Src/stm32f1xx_it.o
                0x0000000008005178                NMI_Handler
 .text.HardFault_Handler
                0x000000000800517c        0x4 Src/stm32f1xx_it.o
                0x000000000800517c                HardFault_Handler
 .text.MemManage_Handler
                0x0000000008005180        0x4 Src/stm32f1xx_it.o
                0x0000000008005180                MemManage_Handler
 .text.BusFault_Handler
                0x0000000008005184        0x4 Src/stm32f1xx_it.o
                0x0000000008005184                BusFault_Handler
 .text.UsageFault_Handler
                0x0000000008005188        0x4 Src/stm32f1xx_it.o
                0x0000000008005188                UsageFault_Handler
 .text.DebugMon_Handler
                0x000000000800518c        0x4 Src/stm32f1xx_it.o
                0x000000000800518c                DebugMon_Handler
 .text.USB_LP_CAN1_RX0_IRQHandler
                0x0000000008005190        0xc Src/stm32f1xx_it.o
                0x0000000008005190                USB_LP_CAN1_RX0_IRQHandler
 .text.TIM4_IRQHandler
                0x000000000800519c        0xc Src/stm32f1xx_it.o
                0x000000000800519c                TIM4_IRQHandler
 .text.SystemInit
                0x00000000080051a8       0x50 Src/system_stm32f1xx.o
                0x00000000080051a8                SystemInit
 .text.MX_USB_DEVICE_Init
                0x00000000080051f8       0x58 Src/usb_device.o
                0x00000000080051f8                MX_USB_DEVICE_Init
 .text.CDC_DeInit_FS
                0x0000000008005250        0x4 Src/usbd_cdc_if.o
 .text.CDC_Control_FS
                0x0000000008005254        0x4 Src/usbd_cdc_if.o
 .text.CDC_Receive_FS
                0x0000000008005258       0x44 Src/usbd_cdc_if.o
 .text.CDC_Init_FS
                0x000000000800529c       0x28 Src/usbd_cdc_if.o
 .text.CDC_Transmit_FS
                0x00000000080052c4       0x2c Src/usbd_cdc_if.o
                0x00000000080052c4                CDC_Transmit_FS
 .text.HAL_PCD_MspInit
                0x00000000080052f0       0x40 Src/usbd_conf.o
                0x00000000080052f0                HAL_PCD_MspInit
 .text.HAL_PCD_SetupStageCallback
                0x0000000008005330        0xc Src/usbd_conf.o
                0x0000000008005330                HAL_PCD_SetupStageCallback
 .text.HAL_PCD_DataOutStageCallback
                0x000000000800533c       0x10 Src/usbd_conf.o
                0x000000000800533c                HAL_PCD_DataOutStageCallback
 .text.HAL_PCD_DataInStageCallback
                0x000000000800534c       0x10 Src/usbd_conf.o
                0x000000000800534c                HAL_PCD_DataInStageCallback
 .text.HAL_PCD_SOFCallback
                0x000000000800535c        0x8 Src/usbd_conf.o
                0x000000000800535c                HAL_PCD_SOFCallback
 .text.HAL_PCD_ResetCallback
                0x0000000008005364       0x24 Src/usbd_conf.o
                0x0000000008005364                HAL_PCD_ResetCallback
 .text.HAL_PCD_SuspendCallback
                0x0000000008005388       0x20 Src/usbd_conf.o
                0x0000000008005388                HAL_PCD_SuspendCallback
 .text.HAL_PCD_ResumeCallback
                0x00000000080053a8        0x8 Src/usbd_conf.o
                0x00000000080053a8                HAL_PCD_ResumeCallback
 .text.USBD_LL_Init
                0x00000000080053b0       0x84 Src/usbd_conf.o
                0x00000000080053b0                USBD_LL_Init
 .text.USBD_LL_Start
                0x0000000008005434       0x1c Src/usbd_conf.o
                0x0000000008005434                USBD_LL_Start
 .text.USBD_LL_OpenEP
                0x0000000008005450       0x20 Src/usbd_conf.o
                0x0000000008005450                USBD_LL_OpenEP
 .text.USBD_LL_CloseEP
                0x0000000008005470       0x1c Src/usbd_conf.o
                0x0000000008005470                USBD_LL_CloseEP
 .text.USBD_LL_StallEP
                0x000000000800548c       0x1c Src/usbd_conf.o
                0x000000000800548c                USBD_LL_StallEP
 .text.USBD_LL_ClearStallEP
                0x00000000080054a8       0x1c Src/usbd_conf.o
                0x00000000080054a8                USBD_LL_ClearStallEP
 .text.USBD_LL_IsStallEP
                0x00000000080054c4       0x20 Src/usbd_conf.o
                0x00000000080054c4                USBD_LL_IsStallEP
 .text.USBD_LL_SetUSBAddress
                0x00000000080054e4       0x1c Src/usbd_conf.o
                0x00000000080054e4                USBD_LL_SetUSBAddress
 .text.USBD_LL_Transmit
                0x0000000008005500       0x1c Src/usbd_conf.o
                0x0000000008005500                USBD_LL_Transmit
 .text.USBD_LL_PrepareReceive
                0x000000000800551c       0x1c Src/usbd_conf.o
                0x000000000800551c                USBD_LL_PrepareReceive
 .text.USBD_LL_GetRxDataSize
                0x0000000008005538        0x8 Src/usbd_conf.o
                0x0000000008005538                USBD_LL_GetRxDataSize
 .text.USBD_static_malloc
                0x0000000008005540        0x8 Src/usbd_conf.o
                0x0000000008005540                USBD_static_malloc
 .text.USBD_static_free
                0x0000000008005548        0x4 Src/usbd_conf.o
                0x0000000008005548                USBD_static_free
 .text.HAL_PCDEx_SetConnectionState
                0x000000000800554c        0x4 Src/usbd_conf.o
                0x000000000800554c                HAL_PCDEx_SetConnectionState
 .text.USBD_FS_DeviceDescriptor
                0x0000000008005550        0xc Src/usbd_desc.o
                0x0000000008005550                USBD_FS_DeviceDescriptor
 .text.USBD_FS_LangIDStrDescriptor
                0x000000000800555c        0xc Src/usbd_desc.o
                0x000000000800555c                USBD_FS_LangIDStrDescriptor
 .text.USBD_FS_ManufacturerStrDescriptor
                0x0000000008005568       0x1c Src/usbd_desc.o
                0x0000000008005568                USBD_FS_ManufacturerStrDescriptor
 .text.USBD_FS_ProductStrDescriptor
                0x0000000008005584       0x1c Src/usbd_desc.o
                0x0000000008005584                USBD_FS_ProductStrDescriptor
 .text.USBD_FS_ConfigStrDescriptor
                0x00000000080055a0       0x1c Src/usbd_desc.o
                0x00000000080055a0                USBD_FS_ConfigStrDescriptor
 .text.USBD_FS_InterfaceStrDescriptor
                0x00000000080055bc       0x1c Src/usbd_desc.o
                0x00000000080055bc                USBD_FS_InterfaceStrDescriptor
 .text.USBD_FS_SerialStrDescriptor
                0x00000000080055d8      0x124 Src/usbd_desc.o
                0x00000000080055d8                USBD_FS_SerialStrDescriptor
 .text.Reset_Handler
                0x00000000080056fc       0x48 Startup/startup_stm32f103c8tx.o
                0x00000000080056fc                Reset_Handler
 .text.Default_Handler
                0x0000000008005744        0x2 Startup/startup_stm32f103c8tx.o
                0x0000000008005744                RTC_Alarm_IRQHandler
                0x0000000008005744                EXTI2_IRQHandler
                0x0000000008005744                TIM1_CC_IRQHandler
                0x0000000008005744                PVD_IRQHandler
                0x0000000008005744                EXTI3_IRQHandler
                0x0000000008005744                EXTI0_IRQHandler
                0x0000000008005744                I2C2_EV_IRQHandler
                0x0000000008005744                ADC1_2_IRQHandler
                0x0000000008005744                SPI1_IRQHandler
                0x0000000008005744                TAMPER_IRQHandler
                0x0000000008005744                DMA1_Channel4_IRQHandler
                0x0000000008005744                USART3_IRQHandler
                0x0000000008005744                RTC_IRQHandler
                0x0000000008005744                DMA1_Channel7_IRQHandler
                0x0000000008005744                CAN1_RX1_IRQHandler
                0x0000000008005744                I2C1_EV_IRQHandler
                0x0000000008005744                DMA1_Channel6_IRQHandler
                0x0000000008005744                TIM3_IRQHandler
                0x0000000008005744                RCC_IRQHandler
                0x0000000008005744                TIM1_TRG_COM_IRQHandler
                0x0000000008005744                DMA1_Channel1_IRQHandler
                0x0000000008005744                Default_Handler
                0x0000000008005744                EXTI15_10_IRQHandler
                0x0000000008005744                EXTI9_5_IRQHandler
                0x0000000008005744                SPI2_IRQHandler
                0x0000000008005744                DMA1_Channel5_IRQHandler
                0x0000000008005744                EXTI4_IRQHandler
                0x0000000008005744                USB_HP_CAN1_TX_IRQHandler
                0x0000000008005744                DMA1_Channel3_IRQHandler
                0x0000000008005744                TIM1_UP_IRQHandler
                0x0000000008005744                WWDG_IRQHandler
                0x0000000008005744                TIM2_IRQHandler
                0x0000000008005744                TIM1_BRK_IRQHandler
                0x0000000008005744                EXTI1_IRQHandler
                0x0000000008005744                USART2_IRQHandler
                0x0000000008005744                I2C2_ER_IRQHandler
                0x0000000008005744                DMA1_Channel2_IRQHandler
                0x0000000008005744                CAN1_SCE_IRQHandler
                0x0000000008005744                FLASH_IRQHandler
                0x0000000008005744                USART1_IRQHandler
                0x0000000008005744                I2C1_ER_IRQHandler
                0x0000000008005744                USBWakeUp_IRQHandler
 .text.atoi     0x0000000008005746        0x8 c:/st/stm32cubeide_1.0.2/stm32cubeide/plugins/com.st.stm32cube.ide.mcu.externaltools.gnu-tools-for-stm32.7-2018-q2-update.win32_1.0.0.201904181610/tools/bin/../lib/gcc/arm-none-eabi/7.3.1/../../../../arm-none-eabi/lib/thumb/v7-m\libc_nano.a(lib_a-atoi.o)
                0x0000000008005746                atoi
 *fill*         0x000000000800574e        0x2 
 .text.__libc_init_array
                0x0000000008005750       0x48 c:/st/stm32cubeide_1.0.2/stm32cubeide/plugins/com.st.stm32cube.ide.mcu.externaltools.gnu-tools-for-stm32.7-2018-q2-update.win32_1.0.0.201904181610/tools/bin/../lib/gcc/arm-none-eabi/7.3.1/../../../../arm-none-eabi/lib/thumb/v7-m\libc_nano.a(lib_a-init.o)
                0x0000000008005750                __libc_init_array
 .text.__itoa   0x0000000008005798       0x30 c:/st/stm32cubeide_1.0.2/stm32cubeide/plugins/com.st.stm32cube.ide.mcu.externaltools.gnu-tools-for-stm32.7-2018-q2-update.win32_1.0.0.201904181610/tools/bin/../lib/gcc/arm-none-eabi/7.3.1/../../../../arm-none-eabi/lib/thumb/v7-m\libc_nano.a(lib_a-itoa.o)
                0x0000000008005798                __itoa
 .text.itoa     0x00000000080057c8        0x4 c:/st/stm32cubeide_1.0.2/stm32cubeide/plugins/com.st.stm32cube.ide.mcu.externaltools.gnu-tools-for-stm32.7-2018-q2-update.win32_1.0.0.201904181610/tools/bin/../lib/gcc/arm-none-eabi/7.3.1/../../../../arm-none-eabi/lib/thumb/v7-m\libc_nano.a(lib_a-itoa.o)
                0x00000000080057c8                itoa
 .text.memcmp   0x00000000080057cc       0x1e c:/st/stm32cubeide_1.0.2/stm32cubeide/plugins/com.st.stm32cube.ide.mcu.externaltools.gnu-tools-for-stm32.7-2018-q2-update.win32_1.0.0.201904181610/tools/bin/../lib/gcc/arm-none-eabi/7.3.1/../../../../arm-none-eabi/lib/thumb/v7-m\libc_nano.a(lib_a-memcmp.o)
                0x00000000080057cc                memcmp
 .text.memcpy   0x00000000080057ea       0x16 c:/st/stm32cubeide_1.0.2/stm32cubeide/plugins/com.st.stm32cube.ide.mcu.externaltools.gnu-tools-for-stm32.7-2018-q2-update.win32_1.0.0.201904181610/tools/bin/../lib/gcc/arm-none-eabi/7.3.1/../../../../arm-none-eabi/lib/thumb/v7-m\libc_nano.a(lib_a-memcpy-stub.o)
                0x00000000080057ea                memcpy
 .text.memset   0x0000000008005800       0x10 c:/st/stm32cubeide_1.0.2/stm32cubeide/plugins/com.st.stm32cube.ide.mcu.externaltools.gnu-tools-for-stm32.7-2018-q2-update.win32_1.0.0.201904181610/tools/bin/../lib/gcc/arm-none-eabi/7.3.1/../../../../arm-none-eabi/lib/thumb/v7-m\libc_nano.a(lib_a-memset.o)
                0x0000000008005800                memset
 .text._strtol_l.isra.0
                0x0000000008005810       0xf6 c:/st/stm32cubeide_1.0.2/stm32cubeide/plugins/com.st.stm32cube.ide.mcu.externaltools.gnu-tools-for-stm32.7-2018-q2-update.win32_1.0.0.201904181610/tools/bin/../lib/gcc/arm-none-eabi/7.3.1/../../../../arm-none-eabi/lib/thumb/v7-m\libc_nano.a(lib_a-strtol.o)
 *fill*         0x0000000008005906        0x2 
 .text.strtol   0x0000000008005908       0x2c c:/st/stm32cubeide_1.0.2/stm32cubeide/plugins/com.st.stm32cube.ide.mcu.externaltools.gnu-tools-for-stm32.7-2018-q2-update.win32_1.0.0.201904181610/tools/bin/../lib/gcc/arm-none-eabi/7.3.1/../../../../arm-none-eabi/lib/thumb/v7-m\libc_nano.a(lib_a-strtol.o)
                0x0000000008005908                strtol
 .text.__utoa   0x0000000008005934       0x7c c:/st/stm32cubeide_1.0.2/stm32cubeide/plugins/com.st.stm32cube.ide.mcu.externaltools.gnu-tools-for-stm32.7-2018-q2-update.win32_1.0.0.201904181610/tools/bin/../lib/gcc/arm-none-eabi/7.3.1/../../../../arm-none-eabi/lib/thumb/v7-m\libc_nano.a(lib_a-utoa.o)
                0x0000000008005934                __utoa
 .text.__locale_ctype_ptr_l
                0x00000000080059b0        0x6 c:/st/stm32cubeide_1.0.2/stm32cubeide/plugins/com.st.stm32cube.ide.mcu.externaltools.gnu-tools-for-stm32.7-2018-q2-update.win32_1.0.0.201904181610/tools/bin/../lib/gcc/arm-none-eabi/7.3.1/../../../../arm-none-eabi/lib/thumb/v7-m\libc_nano.a(lib_a-locale.o)
                0x00000000080059b0                __locale_ctype_ptr_l
 .text.__ascii_mbtowc
                0x00000000080059b6       0x24 c:/st/stm32cubeide_1.0.2/stm32cubeide/plugins/com.st.stm32cube.ide.mcu.externaltools.gnu-tools-for-stm32.7-2018-q2-update.win32_1.0.0.201904181610/tools/bin/../lib/gcc/arm-none-eabi/7.3.1/../../../../arm-none-eabi/lib/thumb/v7-m\libc_nano.a(lib_a-mbtowc_r.o)
                0x00000000080059b6                __ascii_mbtowc
 .text.__ascii_wctomb
                0x00000000080059da       0x1a c:/st/stm32cubeide_1.0.2/stm32cubeide/plugins/com.st.stm32cube.ide.mcu.externaltools.gnu-tools-for-stm32.7-2018-q2-update.win32_1.0.0.201904181610/tools/bin/../lib/gcc/arm-none-eabi/7.3.1/../../../../arm-none-eabi/lib/thumb/v7-m\libc_nano.a(lib_a-wctomb_r.o)
                0x00000000080059da                __ascii_wctomb
 *(.glue_7)
 .glue_7        0x00000000080059f4        0x0 linker stubs
 *(.glue_7t)
 .glue_7t       0x00000000080059f4        0x0 linker stubs
 *(.eh_frame)
 .eh_frame      0x00000000080059f4        0x0 c:/st/stm32cubeide_1.0.2/stm32cubeide/plugins/com.st.stm32cube.ide.mcu.externaltools.gnu-tools-for-stm32.7-2018-q2-update.win32_1.0.0.201904181610/tools/bin/../lib/gcc/arm-none-eabi/7.3.1/thumb/v7-m/crtbegin.o
 *(.init)
 .init          0x00000000080059f4        0x4 c:/st/stm32cubeide_1.0.2/stm32cubeide/plugins/com.st.stm32cube.ide.mcu.externaltools.gnu-tools-for-stm32.7-2018-q2-update.win32_1.0.0.201904181610/tools/bin/../lib/gcc/arm-none-eabi/7.3.1/thumb/v7-m/crti.o
                0x00000000080059f4                _init
 .init          0x00000000080059f8        0x8 c:/st/stm32cubeide_1.0.2/stm32cubeide/plugins/com.st.stm32cube.ide.mcu.externaltools.gnu-tools-for-stm32.7-2018-q2-update.win32_1.0.0.201904181610/tools/bin/../lib/gcc/arm-none-eabi/7.3.1/thumb/v7-m/crtn.o
 *(.fini)
 .fini          0x0000000008005a00        0x4 c:/st/stm32cubeide_1.0.2/stm32cubeide/plugins/com.st.stm32cube.ide.mcu.externaltools.gnu-tools-for-stm32.7-2018-q2-update.win32_1.0.0.201904181610/tools/bin/../lib/gcc/arm-none-eabi/7.3.1/thumb/v7-m/crti.o
                0x0000000008005a00                _fini
 .fini          0x0000000008005a04        0x8 c:/st/stm32cubeide_1.0.2/stm32cubeide/plugins/com.st.stm32cube.ide.mcu.externaltools.gnu-tools-for-stm32.7-2018-q2-update.win32_1.0.0.201904181610/tools/bin/../lib/gcc/arm-none-eabi/7.3.1/thumb/v7-m/crtn.o
                0x0000000008005a0c                . = ALIGN (0x4)
                0x0000000008005a0c                _etext = .

.vfp11_veneer   0x0000000008005a0c        0x0
 .vfp11_veneer  0x0000000008005a0c        0x0 linker stubs

.v4_bx          0x0000000008005a0c        0x0
 .v4_bx         0x0000000008005a0c        0x0 linker stubs

.iplt           0x0000000008005a0c        0x0
 .iplt          0x0000000008005a0c        0x0 c:/st/stm32cubeide_1.0.2/stm32cubeide/plugins/com.st.stm32cube.ide.mcu.externaltools.gnu-tools-for-stm32.7-2018-q2-update.win32_1.0.0.201904181610/tools/bin/../lib/gcc/arm-none-eabi/7.3.1/thumb/v7-m/crtbegin.o

.rodata         0x0000000008005a0c      0x278
                0x0000000008005a0c                . = ALIGN (0x4)
 *(.rodata)
 .rodata        0x0000000008005a0c       0x10 Drivers/STM32F1xx_HAL_Driver/Src/stm32f1xx_hal_rcc.o
 .rodata        0x0000000008005a1c       0x48 Src/main.o
 *(.rodata*)
 .rodata.Sm_MOVINGX.str1.4
                0x0000000008005a64        0x7 Src/main.o
 *fill*         0x0000000008005a6b        0x1 
 .rodata.Sm_MOVINGY.str1.4
                0x0000000008005a6c        0x7 Src/main.o
 *fill*         0x0000000008005a73        0x1 
 .rodata.comandos
                0x0000000008005a74       0x58 Src/main.o
                0x0000000008005a74                comandos
 .rodata.str1.4
                0x0000000008005acc       0x24 Src/main.o
 .rodata.AHBPrescTable
                0x0000000008005af0       0x10 Src/system_stm32f1xx.o
                0x0000000008005af0                AHBPrescTable
 .rodata.APBPrescTable
                0x0000000008005b00        0x8 Src/system_stm32f1xx.o
                0x0000000008005b00                APBPrescTable
 .rodata.CSWTCH.3
                0x0000000008005b08        0x4 Src/usbd_conf.o
 .rodata.USBD_FS_ConfigStrDescriptor.str1.4
                0x0000000008005b0c        0xb Src/usbd_desc.o
 *fill*         0x0000000008005b17        0x1 
 .rodata.USBD_FS_InterfaceStrDescriptor.str1.4
                0x0000000008005b18        0xe Src/usbd_desc.o
 *fill*         0x0000000008005b26        0x2 
 .rodata.USBD_FS_ManufacturerStrDescriptor.str1.4
                0x0000000008005b28       0x13 Src/usbd_desc.o
 *fill*         0x0000000008005b3b        0x1 
 .rodata.USBD_FS_ProductStrDescriptor.str1.4
                0x0000000008005b3c       0x18 Src/usbd_desc.o
                                         0x16 (size before relaxing)
 .rodata.__utoa.str1.1
                0x0000000008005b54       0x25 c:/st/stm32cubeide_1.0.2/stm32cubeide/plugins/com.st.stm32cube.ide.mcu.externaltools.gnu-tools-for-stm32.7-2018-q2-update.win32_1.0.0.201904181610/tools/bin/../lib/gcc/arm-none-eabi/7.3.1/../../../../arm-none-eabi/lib/thumb/v7-m\libc_nano.a(lib_a-utoa.o)
 .rodata._setlocale_r.str1.1
                0x0000000008005b79        0x8 c:/st/stm32cubeide_1.0.2/stm32cubeide/plugins/com.st.stm32cube.ide.mcu.externaltools.gnu-tools-for-stm32.7-2018-q2-update.win32_1.0.0.201904181610/tools/bin/../lib/gcc/arm-none-eabi/7.3.1/../../../../arm-none-eabi/lib/thumb/v7-m\libc_nano.a(lib_a-locale.o)
                                          0x9 (size before relaxing)
 .rodata.str1.1
                0x0000000008005b81        0x2 c:/st/stm32cubeide_1.0.2/stm32cubeide/plugins/com.st.stm32cube.ide.mcu.externaltools.gnu-tools-for-stm32.7-2018-q2-update.win32_1.0.0.201904181610/tools/bin/../lib/gcc/arm-none-eabi/7.3.1/../../../../arm-none-eabi/lib/thumb/v7-m\libc_nano.a(lib_a-locale.o)
 .rodata._ctype_
                0x0000000008005b83      0x101 c:/st/stm32cubeide_1.0.2/stm32cubeide/plugins/com.st.stm32cube.ide.mcu.externaltools.gnu-tools-for-stm32.7-2018-q2-update.win32_1.0.0.201904181610/tools/bin/../lib/gcc/arm-none-eabi/7.3.1/../../../../arm-none-eabi/lib/thumb/v7-m\libc_nano.a(lib_a-ctype_.o)
                0x0000000008005b83                _ctype_
                0x0000000008005c84                . = ALIGN (0x4)

.rel.dyn        0x0000000008005c84        0x0
 .rel.iplt      0x0000000008005c84        0x0 c:/st/stm32cubeide_1.0.2/stm32cubeide/plugins/com.st.stm32cube.ide.mcu.externaltools.gnu-tools-for-stm32.7-2018-q2-update.win32_1.0.0.201904181610/tools/bin/../lib/gcc/arm-none-eabi/7.3.1/thumb/v7-m/crtbegin.o

.ARM.extab      0x0000000008005c84        0x0
                0x0000000008005c84                . = ALIGN (0x4)
 *(.ARM.extab* .gnu.linkonce.armextab.*)
                0x0000000008005c84                . = ALIGN (0x4)

.ARM            0x0000000008005c84        0x0
                0x0000000008005c84                . = ALIGN (0x4)
                0x0000000008005c84                __exidx_start = .
 *(.ARM.exidx*)
                0x0000000008005c84                __exidx_end = .
                0x0000000008005c84                . = ALIGN (0x4)

.preinit_array  0x0000000008005c84        0x0
                0x0000000008005c84                . = ALIGN (0x4)
                0x0000000008005c84                PROVIDE (__preinit_array_start = .)
 *(.preinit_array*)
                0x0000000008005c84                PROVIDE (__preinit_array_end = .)
                0x0000000008005c84                . = ALIGN (0x4)

.init_array     0x0000000008005c84        0x4
                0x0000000008005c84                . = ALIGN (0x4)
                0x0000000008005c84                PROVIDE (__init_array_start = .)
 *(SORT_BY_NAME(.init_array.*))
 *(.init_array*)
 .init_array    0x0000000008005c84        0x4 c:/st/stm32cubeide_1.0.2/stm32cubeide/plugins/com.st.stm32cube.ide.mcu.externaltools.gnu-tools-for-stm32.7-2018-q2-update.win32_1.0.0.201904181610/tools/bin/../lib/gcc/arm-none-eabi/7.3.1/thumb/v7-m/crtbegin.o
                0x0000000008005c88                PROVIDE (__init_array_end = .)
                0x0000000008005c88                . = ALIGN (0x4)

.fini_array     0x0000000008005c88        0x4
                0x0000000008005c88                . = ALIGN (0x4)
                [!provide]                        PROVIDE (__fini_array_start = .)
 *(SORT_BY_NAME(.fini_array.*))
 *(.fini_array*)
 .fini_array    0x0000000008005c88        0x4 c:/st/stm32cubeide_1.0.2/stm32cubeide/plugins/com.st.stm32cube.ide.mcu.externaltools.gnu-tools-for-stm32.7-2018-q2-update.win32_1.0.0.201904181610/tools/bin/../lib/gcc/arm-none-eabi/7.3.1/thumb/v7-m/crtbegin.o
                [!provide]                        PROVIDE (__fini_array_end = .)
                0x0000000008005c8c                . = ALIGN (0x4)
                0x0000000008005c8c                _sidata = LOADADDR (.data)

.data           0x0000000020000000      0x4d4 load address 0x0000000008005c8c
                0x0000000020000000                . = ALIGN (0x4)
                0x0000000020000000                _sdata = .
 *(.data)
 *(.data*)
 .data.uwTickFreq
                0x0000000020000000        0x1 Drivers/STM32F1xx_HAL_Driver/Src/stm32f1xx_hal.o
                0x0000000020000000                uwTickFreq
 *fill*         0x0000000020000001        0x3 
 .data.uwTickPrio
                0x0000000020000004        0x4 Drivers/STM32F1xx_HAL_Driver/Src/stm32f1xx_hal.o
                0x0000000020000004                uwTickPrio
 .data.USBD_CDC
                0x0000000020000008       0x38 Middlewares/ST/STM32_USB_Device_Library/Class/CDC/Src/usbd_cdc.o
                0x0000000020000008                USBD_CDC
 .data.USBD_CDC_CfgFSDesc
                0x0000000020000040       0x43 Middlewares/ST/STM32_USB_Device_Library/Class/CDC/Src/usbd_cdc.o
                0x0000000020000040                USBD_CDC_CfgFSDesc
 *fill*         0x0000000020000083        0x1 
 .data.USBD_CDC_CfgHSDesc
                0x0000000020000084       0x43 Middlewares/ST/STM32_USB_Device_Library/Class/CDC/Src/usbd_cdc.o
                0x0000000020000084                USBD_CDC_CfgHSDesc
 *fill*         0x00000000200000c7        0x1 
 .data.USBD_CDC_DeviceQualifierDesc
                0x00000000200000c8        0xa Middlewares/ST/STM32_USB_Device_Library/Class/CDC/Src/usbd_cdc.o
 *fill*         0x00000000200000d2        0x2 
 .data.USBD_CDC_OtherSpeedCfgDesc
                0x00000000200000d4       0x43 Middlewares/ST/STM32_USB_Device_Library/Class/CDC/Src/usbd_cdc.o
                0x00000000200000d4                USBD_CDC_OtherSpeedCfgDesc
 *fill*         0x0000000020000117        0x1 
 .data.uxCriticalNesting
                0x0000000020000118        0x4 Middlewares/Third_Party/FreeRTOS/Source/portable/GCC/ARM_CM3/port.o
 .data.StateMachine
                0x000000002000011c       0x28 Src/main.o
                0x000000002000011c                StateMachine
 .data.dirX     0x0000000020000144        0x1 Src/main.o
                0x0000000020000144                dirX
 *fill*         0x0000000020000145        0x3 
 .data.respostas_disconnected
                0x0000000020000148       0x54 Src/main.o
                0x0000000020000148                respostas_disconnected
 .data.respostas_moveX
                0x000000002000019c       0x54 Src/main.o
                0x000000002000019c                respostas_moveX
 .data.respostas_moveY
                0x00000000200001f0       0x54 Src/main.o
                0x00000000200001f0                respostas_moveY
 .data.respostas_standby
                0x0000000020000244       0x54 Src/main.o
                0x0000000020000244                respostas_standby
 .data.step_atualX
                0x0000000020000298        0x4 Src/main.o
                0x0000000020000298                step_atualX
 .data.step_atualY
                0x000000002000029c        0x4 Src/main.o
                0x000000002000029c                step_atualY
 .data.SystemCoreClock
                0x00000000200002a0        0x4 Src/system_stm32f1xx.o
                0x00000000200002a0                SystemCoreClock
 .data.USBD_Interface_fops_FS
                0x00000000200002a4       0x10 Src/usbd_cdc_if.o
                0x00000000200002a4                USBD_Interface_fops_FS
 .data.FS_Desc  0x00000000200002b4       0x1c Src/usbd_desc.o
                0x00000000200002b4                FS_Desc
 .data.USBD_FS_DeviceDesc
                0x00000000200002d0       0x12 Src/usbd_desc.o
                0x00000000200002d0                USBD_FS_DeviceDesc
 *fill*         0x00000000200002e2        0x2 
 .data.USBD_LangIDDesc
                0x00000000200002e4        0x4 Src/usbd_desc.o
                0x00000000200002e4                USBD_LangIDDesc
 .data.USBD_StringSerial
                0x00000000200002e8       0x1a Src/usbd_desc.o
                0x00000000200002e8                USBD_StringSerial
 *fill*         0x0000000020000302        0x2 
 .data._impure_ptr
                0x0000000020000304        0x4 c:/st/stm32cubeide_1.0.2/stm32cubeide/plugins/com.st.stm32cube.ide.mcu.externaltools.gnu-tools-for-stm32.7-2018-q2-update.win32_1.0.0.201904181610/tools/bin/../lib/gcc/arm-none-eabi/7.3.1/../../../../arm-none-eabi/lib/thumb/v7-m\libc_nano.a(lib_a-impure.o)
                0x0000000020000304                _impure_ptr
 .data.impure_data
                0x0000000020000308       0x60 c:/st/stm32cubeide_1.0.2/stm32cubeide/plugins/com.st.stm32cube.ide.mcu.externaltools.gnu-tools-for-stm32.7-2018-q2-update.win32_1.0.0.201904181610/tools/bin/../lib/gcc/arm-none-eabi/7.3.1/../../../../arm-none-eabi/lib/thumb/v7-m\libc_nano.a(lib_a-impure.o)
 .data.__global_locale
                0x0000000020000368      0x16c c:/st/stm32cubeide_1.0.2/stm32cubeide/plugins/com.st.stm32cube.ide.mcu.externaltools.gnu-tools-for-stm32.7-2018-q2-update.win32_1.0.0.201904181610/tools/bin/../lib/gcc/arm-none-eabi/7.3.1/../../../../arm-none-eabi/lib/thumb/v7-m\libc_nano.a(lib_a-locale.o)
                0x0000000020000368                __global_locale
                0x00000000200004d4                . = ALIGN (0x4)
                0x00000000200004d4                _edata = .

.igot.plt       0x00000000200004d4        0x0 load address 0x0000000008006160
 .igot.plt      0x00000000200004d4        0x0 c:/st/stm32cubeide_1.0.2/stm32cubeide/plugins/com.st.stm32cube.ide.mcu.externaltools.gnu-tools-for-stm32.7-2018-q2-update.win32_1.0.0.201904181610/tools/bin/../lib/gcc/arm-none-eabi/7.3.1/thumb/v7-m/crtbegin.o
                0x00000000200004d4                . = ALIGN (0x4)

.bss            0x00000000200004d4     0x1f00 load address 0x0000000008006160
                0x00000000200004d4                _sbss = .
                0x00000000200004d4                __bss_start__ = _sbss
 *(.bss)
 .bss           0x00000000200004d4       0x1c c:/st/stm32cubeide_1.0.2/stm32cubeide/plugins/com.st.stm32cube.ide.mcu.externaltools.gnu-tools-for-stm32.7-2018-q2-update.win32_1.0.0.201904181610/tools/bin/../lib/gcc/arm-none-eabi/7.3.1/thumb/v7-m/crtbegin.o
 *(.bss*)
 .bss.cfgidx.8117
                0x00000000200004f0        0x1 Middlewares/ST/STM32_USB_Device_Library/Core/Src/usbd_ctlreq.o
 *fill*         0x00000000200004f1        0x3 
 .bss.pxCurrentTCB
                0x00000000200004f4        0x4 Middlewares/Third_Party/FreeRTOS/Source/tasks.o
                0x00000000200004f4                pxCurrentTCB
 .bss.pxDelayedTaskList
                0x00000000200004f8        0x4 Middlewares/Third_Party/FreeRTOS/Source/tasks.o
 .bss.pxOverflowDelayedTaskList
                0x00000000200004fc        0x4 Middlewares/Third_Party/FreeRTOS/Source/tasks.o
 .bss.pxReadyTasksLists
                0x0000000020000500       0x8c Middlewares/Third_Party/FreeRTOS/Source/tasks.o
 .bss.uxCurrentNumberOfTasks
                0x000000002000058c        0x4 Middlewares/Third_Party/FreeRTOS/Source/tasks.o
 .bss.uxDeletedTasksWaitingCleanUp
                0x0000000020000590        0x4 Middlewares/Third_Party/FreeRTOS/Source/tasks.o
 .bss.uxPendedTicks
                0x0000000020000594        0x4 Middlewares/Third_Party/FreeRTOS/Source/tasks.o
 .bss.uxSchedulerSuspended
                0x0000000020000598        0x4 Middlewares/Third_Party/FreeRTOS/Source/tasks.o
 .bss.uxTaskNumber
                0x000000002000059c        0x4 Middlewares/Third_Party/FreeRTOS/Source/tasks.o
 .bss.uxTopReadyPriority
                0x00000000200005a0        0x4 Middlewares/Third_Party/FreeRTOS/Source/tasks.o
 .bss.xDelayedTaskList1
                0x00000000200005a4       0x14 Middlewares/Third_Party/FreeRTOS/Source/tasks.o
 .bss.xDelayedTaskList2
                0x00000000200005b8       0x14 Middlewares/Third_Party/FreeRTOS/Source/tasks.o
 .bss.xIdleTaskHandle
                0x00000000200005cc        0x4 Middlewares/Third_Party/FreeRTOS/Source/tasks.o
 .bss.xNextTaskUnblockTime
                0x00000000200005d0        0x4 Middlewares/Third_Party/FreeRTOS/Source/tasks.o
 .bss.xNumOfOverflows
                0x00000000200005d4        0x4 Middlewares/Third_Party/FreeRTOS/Source/tasks.o
 .bss.xPendingReadyList
                0x00000000200005d8       0x14 Middlewares/Third_Party/FreeRTOS/Source/tasks.o
 .bss.xSchedulerRunning
                0x00000000200005ec        0x4 Middlewares/Third_Party/FreeRTOS/Source/tasks.o
 .bss.xSuspendedTaskList
                0x00000000200005f0       0x14 Middlewares/Third_Party/FreeRTOS/Source/tasks.o
 .bss.xTasksWaitingTermination
                0x0000000020000604       0x14 Middlewares/Third_Party/FreeRTOS/Source/tasks.o
 .bss.xTickCount
                0x0000000020000618        0x4 Middlewares/Third_Party/FreeRTOS/Source/tasks.o
 .bss.xYieldPending
                0x000000002000061c        0x4 Middlewares/Third_Party/FreeRTOS/Source/tasks.o
 .bss.ucMaxSysCallPriority
                0x0000000020000620        0x1 Middlewares/Third_Party/FreeRTOS/Source/portable/GCC/ARM_CM3/port.o
 *fill*         0x0000000020000621        0x3 
 .bss.ulMaxPRIGROUPValue
                0x0000000020000624        0x4 Middlewares/Third_Party/FreeRTOS/Source/portable/GCC/ARM_CM3/port.o
 .bss.pxEnd     0x0000000020000628        0x4 Middlewares/Third_Party/FreeRTOS/Source/portable/MemMang/heap_4.o
 .bss.ucHeap    0x000000002000062c      0xc00 Middlewares/Third_Party/FreeRTOS/Source/portable/MemMang/heap_4.o
 .bss.xBlockAllocatedBit
                0x000000002000122c        0x4 Middlewares/Third_Party/FreeRTOS/Source/portable/MemMang/heap_4.o
 .bss.xFreeBytesRemaining
                0x0000000020001230        0x4 Middlewares/Third_Party/FreeRTOS/Source/portable/MemMang/heap_4.o
 .bss.xMinimumEverFreeBytesRemaining
                0x0000000020001234        0x4 Middlewares/Third_Party/FreeRTOS/Source/portable/MemMang/heap_4.o
 .bss.xStart    0x0000000020001238        0x8 Middlewares/Third_Party/FreeRTOS/Source/portable/MemMang/heap_4.o
 .bss.SmState   0x0000000020001240        0x1 Src/main.o
                0x0000000020001240                SmState
 .bss.dirY      0x0000000020001241        0x1 Src/main.o
                0x0000000020001241                dirY
 *fill*         0x0000000020001242        0x2 
 .bss.movimentos_em_x
                0x0000000020001244        0x4 Src/main.o
                0x0000000020001244                movimentos_em_x
 .bss.movimentos_em_y
                0x0000000020001248        0x4 Src/main.o
                0x0000000020001248                movimentos_em_y
 .bss.xHigherPriorityTaskWoken
                0x000000002000124c        0x4 Src/usbd_cdc_if.o
 .bss.mem.8182  0x0000000020001250      0x220 Src/usbd_conf.o
 *(COMMON)
 COMMON         0x0000000020001470        0x4 Drivers/STM32F1xx_HAL_Driver/Src/stm32f1xx_hal.o
                0x0000000020001470                uwTick
 COMMON         0x0000000020001474       0x14 Middlewares/Third_Party/FreeRTOS/Source/CMSIS_RTOS/cmsis_os.o
                0x0000000020001474                semafaroUsb
                0x0000000020001478                buffer_usb
 COMMON         0x0000000020001488        0xc Src/main.o
                0x0000000020001488                defaultTaskHandle
                0x000000002000148c                maquinaHandle
                0x0000000020001490                ouvirHandle
 COMMON         0x0000000020001494       0x40 Src/stm32f1xx_hal_timebase_tim.o
                0x0000000020001494                htim4
 COMMON         0x00000000200014d4      0x2c4 Src/usb_device.o
                0x00000000200014d4                hUsbDeviceFS
 COMMON         0x0000000020001798      0x7d0 Src/usbd_cdc_if.o
                0x0000000020001798                UserRxBufferFS
                0x0000000020001b80                UserTxBufferFS
 COMMON         0x0000000020001f68      0x26c Src/usbd_conf.o
                0x0000000020001f68                hpcd_USB_FS
 COMMON         0x00000000200021d4      0x200 Src/usbd_desc.o
                0x00000000200021d4                USBD_StrDesc
                0x00000000200023d4                . = ALIGN (0x4)
                0x00000000200023d4                _ebss = .
                0x00000000200023d4                __bss_end__ = _ebss

._user_heap_stack
                0x00000000200023d4      0x604 load address 0x0000000008006160
                0x00000000200023d8                . = ALIGN (0x8)
 *fill*         0x00000000200023d4        0x4 
                0x00000000200023d8                PROVIDE (end = .)
                [!provide]                        PROVIDE (_end = .)
                0x00000000200025d8                . = (. + _Min_Heap_Size)
 *fill*         0x00000000200023d8      0x200 
                0x00000000200029d8                . = (. + _Min_Stack_Size)
 *fill*         0x00000000200025d8      0x400 
                0x00000000200029d8                . = ALIGN (0x8)

/DISCARD/
 libc.a(*)
 libm.a(*)
 libgcc.a(*)

.ARM.attributes
                0x0000000000000000       0x29
 *(.ARM.attributes)
 .ARM.attributes
                0x0000000000000000       0x1d c:/st/stm32cubeide_1.0.2/stm32cubeide/plugins/com.st.stm32cube.ide.mcu.externaltools.gnu-tools-for-stm32.7-2018-q2-update.win32_1.0.0.201904181610/tools/bin/../lib/gcc/arm-none-eabi/7.3.1/thumb/v7-m/crti.o
 .ARM.attributes
                0x000000000000001d       0x2d c:/st/stm32cubeide_1.0.2/stm32cubeide/plugins/com.st.stm32cube.ide.mcu.externaltools.gnu-tools-for-stm32.7-2018-q2-update.win32_1.0.0.201904181610/tools/bin/../lib/gcc/arm-none-eabi/7.3.1/thumb/v7-m/crtbegin.o
 .ARM.attributes
                0x000000000000004a       0x33 Drivers/STM32F1xx_HAL_Driver/Src/stm32f1xx_hal.o
 .ARM.attributes
                0x000000000000007d       0x33 Drivers/STM32F1xx_HAL_Driver/Src/stm32f1xx_hal_cortex.o
 .ARM.attributes
                0x00000000000000b0       0x33 Drivers/STM32F1xx_HAL_Driver/Src/stm32f1xx_hal_gpio.o
 .ARM.attributes
                0x00000000000000e3       0x33 Drivers/STM32F1xx_HAL_Driver/Src/stm32f1xx_hal_pcd.o
 .ARM.attributes
                0x0000000000000116       0x33 Drivers/STM32F1xx_HAL_Driver/Src/stm32f1xx_hal_pcd_ex.o
 .ARM.attributes
                0x0000000000000149       0x33 Drivers/STM32F1xx_HAL_Driver/Src/stm32f1xx_hal_rcc.o
 .ARM.attributes
                0x000000000000017c       0x33 Drivers/STM32F1xx_HAL_Driver/Src/stm32f1xx_hal_rcc_ex.o
 .ARM.attributes
                0x00000000000001af       0x33 Drivers/STM32F1xx_HAL_Driver/Src/stm32f1xx_hal_tim.o
 .ARM.attributes
                0x00000000000001e2       0x33 Drivers/STM32F1xx_HAL_Driver/Src/stm32f1xx_hal_tim_ex.o
 .ARM.attributes
                0x0000000000000215       0x33 Drivers/STM32F1xx_HAL_Driver/Src/stm32f1xx_ll_usb.o
 .ARM.attributes
                0x0000000000000248       0x33 Middlewares/ST/STM32_USB_Device_Library/Class/CDC/Src/usbd_cdc.o
 .ARM.attributes
                0x000000000000027b       0x33 Middlewares/ST/STM32_USB_Device_Library/Core/Src/usbd_core.o
 .ARM.attributes
                0x00000000000002ae       0x33 Middlewares/ST/STM32_USB_Device_Library/Core/Src/usbd_ctlreq.o
 .ARM.attributes
                0x00000000000002e1       0x33 Middlewares/ST/STM32_USB_Device_Library/Core/Src/usbd_ioreq.o
 .ARM.attributes
                0x0000000000000314       0x33 Middlewares/Third_Party/FreeRTOS/Source/CMSIS_RTOS/cmsis_os.o
 .ARM.attributes
                0x0000000000000347       0x33 Middlewares/Third_Party/FreeRTOS/Source/list.o
 .ARM.attributes
                0x000000000000037a       0x33 Middlewares/Third_Party/FreeRTOS/Source/queue.o
 .ARM.attributes
                0x00000000000003ad       0x33 Middlewares/Third_Party/FreeRTOS/Source/tasks.o
 .ARM.attributes
                0x00000000000003e0       0x33 Middlewares/Third_Party/FreeRTOS/Source/portable/GCC/ARM_CM3/port.o
 .ARM.attributes
                0x0000000000000413       0x33 Middlewares/Third_Party/FreeRTOS/Source/portable/MemMang/heap_4.o
 .ARM.attributes
                0x0000000000000446       0x33 Src/main.o
 .ARM.attributes
                0x0000000000000479       0x33 Src/stm32f1xx_hal_msp.o
 .ARM.attributes
                0x00000000000004ac       0x33 Src/stm32f1xx_hal_timebase_tim.o
 .ARM.attributes
                0x00000000000004df       0x33 Src/stm32f1xx_it.o
 .ARM.attributes
                0x0000000000000512       0x33 Src/system_stm32f1xx.o
 .ARM.attributes
                0x0000000000000545       0x33 Src/usb_device.o
 .ARM.attributes
                0x0000000000000578       0x33 Src/usbd_cdc_if.o
 .ARM.attributes
                0x00000000000005ab       0x33 Src/usbd_conf.o
 .ARM.attributes
                0x00000000000005de       0x33 Src/usbd_desc.o
 .ARM.attributes
                0x0000000000000611       0x21 Startup/startup_stm32f103c8tx.o
 .ARM.attributes
                0x0000000000000632       0x2d c:/st/stm32cubeide_1.0.2/stm32cubeide/plugins/com.st.stm32cube.ide.mcu.externaltools.gnu-tools-for-stm32.7-2018-q2-update.win32_1.0.0.201904181610/tools/bin/../lib/gcc/arm-none-eabi/7.3.1/../../../../arm-none-eabi/lib/thumb/v7-m\libc_nano.a(lib_a-atoi.o)
 .ARM.attributes
                0x000000000000065f       0x2d c:/st/stm32cubeide_1.0.2/stm32cubeide/plugins/com.st.stm32cube.ide.mcu.externaltools.gnu-tools-for-stm32.7-2018-q2-update.win32_1.0.0.201904181610/tools/bin/../lib/gcc/arm-none-eabi/7.3.1/../../../../arm-none-eabi/lib/thumb/v7-m\libc_nano.a(lib_a-impure.o)
 .ARM.attributes
                0x000000000000068c       0x2d c:/st/stm32cubeide_1.0.2/stm32cubeide/plugins/com.st.stm32cube.ide.mcu.externaltools.gnu-tools-for-stm32.7-2018-q2-update.win32_1.0.0.201904181610/tools/bin/../lib/gcc/arm-none-eabi/7.3.1/../../../../arm-none-eabi/lib/thumb/v7-m\libc_nano.a(lib_a-init.o)
 .ARM.attributes
                0x00000000000006b9       0x2d c:/st/stm32cubeide_1.0.2/stm32cubeide/plugins/com.st.stm32cube.ide.mcu.externaltools.gnu-tools-for-stm32.7-2018-q2-update.win32_1.0.0.201904181610/tools/bin/../lib/gcc/arm-none-eabi/7.3.1/../../../../arm-none-eabi/lib/thumb/v7-m\libc_nano.a(lib_a-itoa.o)
 .ARM.attributes
                0x00000000000006e6       0x2d c:/st/stm32cubeide_1.0.2/stm32cubeide/plugins/com.st.stm32cube.ide.mcu.externaltools.gnu-tools-for-stm32.7-2018-q2-update.win32_1.0.0.201904181610/tools/bin/../lib/gcc/arm-none-eabi/7.3.1/../../../../arm-none-eabi/lib/thumb/v7-m\libc_nano.a(lib_a-memcmp.o)
 .ARM.attributes
                0x0000000000000713       0x2d c:/st/stm32cubeide_1.0.2/stm32cubeide/plugins/com.st.stm32cube.ide.mcu.externaltools.gnu-tools-for-stm32.7-2018-q2-update.win32_1.0.0.201904181610/tools/bin/../lib/gcc/arm-none-eabi/7.3.1/../../../../arm-none-eabi/lib/thumb/v7-m\libc_nano.a(lib_a-memcpy-stub.o)
 .ARM.attributes
                0x0000000000000740       0x2d c:/st/stm32cubeide_1.0.2/stm32cubeide/plugins/com.st.stm32cube.ide.mcu.externaltools.gnu-tools-for-stm32.7-2018-q2-update.win32_1.0.0.201904181610/tools/bin/../lib/gcc/arm-none-eabi/7.3.1/../../../../arm-none-eabi/lib/thumb/v7-m\libc_nano.a(lib_a-memset.o)
 .ARM.attributes
                0x000000000000076d       0x2d c:/st/stm32cubeide_1.0.2/stm32cubeide/plugins/com.st.stm32cube.ide.mcu.externaltools.gnu-tools-for-stm32.7-2018-q2-update.win32_1.0.0.201904181610/tools/bin/../lib/gcc/arm-none-eabi/7.3.1/../../../../arm-none-eabi/lib/thumb/v7-m\libc_nano.a(lib_a-strtol.o)
 .ARM.attributes
                0x000000000000079a       0x2d c:/st/stm32cubeide_1.0.2/stm32cubeide/plugins/com.st.stm32cube.ide.mcu.externaltools.gnu-tools-for-stm32.7-2018-q2-update.win32_1.0.0.201904181610/tools/bin/../lib/gcc/arm-none-eabi/7.3.1/../../../../arm-none-eabi/lib/thumb/v7-m\libc_nano.a(lib_a-utoa.o)
 .ARM.attributes
                0x00000000000007c7       0x2d c:/st/stm32cubeide_1.0.2/stm32cubeide/plugins/com.st.stm32cube.ide.mcu.externaltools.gnu-tools-for-stm32.7-2018-q2-update.win32_1.0.0.201904181610/tools/bin/../lib/gcc/arm-none-eabi/7.3.1/../../../../arm-none-eabi/lib/thumb/v7-m\libc_nano.a(lib_a-locale.o)
 .ARM.attributes
                0x00000000000007f4       0x2d c:/st/stm32cubeide_1.0.2/stm32cubeide/plugins/com.st.stm32cube.ide.mcu.externaltools.gnu-tools-for-stm32.7-2018-q2-update.win32_1.0.0.201904181610/tools/bin/../lib/gcc/arm-none-eabi/7.3.1/../../../../arm-none-eabi/lib/thumb/v7-m\libc_nano.a(lib_a-mbtowc_r.o)
 .ARM.attributes
                0x0000000000000821       0x2d c:/st/stm32cubeide_1.0.2/stm32cubeide/plugins/com.st.stm32cube.ide.mcu.externaltools.gnu-tools-for-stm32.7-2018-q2-update.win32_1.0.0.201904181610/tools/bin/../lib/gcc/arm-none-eabi/7.3.1/../../../../arm-none-eabi/lib/thumb/v7-m\libc_nano.a(lib_a-wctomb_r.o)
 .ARM.attributes
                0x000000000000084e       0x2d c:/st/stm32cubeide_1.0.2/stm32cubeide/plugins/com.st.stm32cube.ide.mcu.externaltools.gnu-tools-for-stm32.7-2018-q2-update.win32_1.0.0.201904181610/tools/bin/../lib/gcc/arm-none-eabi/7.3.1/../../../../arm-none-eabi/lib/thumb/v7-m\libc_nano.a(lib_a-ctype_.o)
 .ARM.attributes
                0x000000000000087b       0x1d c:/st/stm32cubeide_1.0.2/stm32cubeide/plugins/com.st.stm32cube.ide.mcu.externaltools.gnu-tools-for-stm32.7-2018-q2-update.win32_1.0.0.201904181610/tools/bin/../lib/gcc/arm-none-eabi/7.3.1/thumb/v7-m/crtn.o
OUTPUT(comandante.elf elf32-littlearm)

.comment        0x0000000000000000       0x7b
 .comment       0x0000000000000000       0x7b Drivers/STM32F1xx_HAL_Driver/Src/stm32f1xx_hal.o
                                         0x7c (size before relaxing)
 .comment       0x000000000000007b       0x7c Drivers/STM32F1xx_HAL_Driver/Src/stm32f1xx_hal_cortex.o
 .comment       0x000000000000007b       0x7c Drivers/STM32F1xx_HAL_Driver/Src/stm32f1xx_hal_gpio.o
 .comment       0x000000000000007b       0x7c Drivers/STM32F1xx_HAL_Driver/Src/stm32f1xx_hal_pcd.o
 .comment       0x000000000000007b       0x7c Drivers/STM32F1xx_HAL_Driver/Src/stm32f1xx_hal_pcd_ex.o
 .comment       0x000000000000007b       0x7c Drivers/STM32F1xx_HAL_Driver/Src/stm32f1xx_hal_rcc.o
 .comment       0x000000000000007b       0x7c Drivers/STM32F1xx_HAL_Driver/Src/stm32f1xx_hal_rcc_ex.o
 .comment       0x000000000000007b       0x7c Drivers/STM32F1xx_HAL_Driver/Src/stm32f1xx_hal_tim.o
 .comment       0x000000000000007b       0x7c Drivers/STM32F1xx_HAL_Driver/Src/stm32f1xx_hal_tim_ex.o
 .comment       0x000000000000007b       0x7c Drivers/STM32F1xx_HAL_Driver/Src/stm32f1xx_ll_usb.o
 .comment       0x000000000000007b       0x7c Middlewares/ST/STM32_USB_Device_Library/Class/CDC/Src/usbd_cdc.o
 .comment       0x000000000000007b       0x7c Middlewares/ST/STM32_USB_Device_Library/Core/Src/usbd_core.o
 .comment       0x000000000000007b       0x7c Middlewares/ST/STM32_USB_Device_Library/Core/Src/usbd_ctlreq.o
 .comment       0x000000000000007b       0x7c Middlewares/ST/STM32_USB_Device_Library/Core/Src/usbd_ioreq.o
 .comment       0x000000000000007b       0x7c Middlewares/Third_Party/FreeRTOS/Source/CMSIS_RTOS/cmsis_os.o
 .comment       0x000000000000007b       0x7c Middlewares/Third_Party/FreeRTOS/Source/list.o
 .comment       0x000000000000007b       0x7c Middlewares/Third_Party/FreeRTOS/Source/queue.o
 .comment       0x000000000000007b       0x7c Middlewares/Third_Party/FreeRTOS/Source/tasks.o
 .comment       0x000000000000007b       0x7c Middlewares/Third_Party/FreeRTOS/Source/portable/GCC/ARM_CM3/port.o
 .comment       0x000000000000007b       0x7c Middlewares/Third_Party/FreeRTOS/Source/portable/MemMang/heap_4.o
 .comment       0x000000000000007b       0x7c Src/main.o
 .comment       0x000000000000007b       0x7c Src/stm32f1xx_hal_msp.o
 .comment       0x000000000000007b       0x7c Src/stm32f1xx_hal_timebase_tim.o
 .comment       0x000000000000007b       0x7c Src/stm32f1xx_it.o
 .comment       0x000000000000007b       0x7c Src/system_stm32f1xx.o
 .comment       0x000000000000007b       0x7c Src/usb_device.o
 .comment       0x000000000000007b       0x7c Src/usbd_cdc_if.o
 .comment       0x000000000000007b       0x7c Src/usbd_conf.o
 .comment       0x000000000000007b       0x7c Src/usbd_desc.o

.debug_frame    0x0000000000000000      0x2c0
 .debug_frame   0x0000000000000000       0x30 c:/st/stm32cubeide_1.0.2/stm32cubeide/plugins/com.st.stm32cube.ide.mcu.externaltools.gnu-tools-for-stm32.7-2018-q2-update.win32_1.0.0.201904181610/tools/bin/../lib/gcc/arm-none-eabi/7.3.1/../../../../arm-none-eabi/lib/thumb/v7-m\libc_nano.a(lib_a-atoi.o)
 .debug_frame   0x0000000000000030       0x2c c:/st/stm32cubeide_1.0.2/stm32cubeide/plugins/com.st.stm32cube.ide.mcu.externaltools.gnu-tools-for-stm32.7-2018-q2-update.win32_1.0.0.201904181610/tools/bin/../lib/gcc/arm-none-eabi/7.3.1/../../../../arm-none-eabi/lib/thumb/v7-m\libc_nano.a(lib_a-init.o)
 .debug_frame   0x000000000000005c       0x38 c:/st/stm32cubeide_1.0.2/stm32cubeide/plugins/com.st.stm32cube.ide.mcu.externaltools.gnu-tools-for-stm32.7-2018-q2-update.win32_1.0.0.201904181610/tools/bin/../lib/gcc/arm-none-eabi/7.3.1/../../../../arm-none-eabi/lib/thumb/v7-m\libc_nano.a(lib_a-itoa.o)
 .debug_frame   0x0000000000000094       0x2c c:/st/stm32cubeide_1.0.2/stm32cubeide/plugins/com.st.stm32cube.ide.mcu.externaltools.gnu-tools-for-stm32.7-2018-q2-update.win32_1.0.0.201904181610/tools/bin/../lib/gcc/arm-none-eabi/7.3.1/../../../../arm-none-eabi/lib/thumb/v7-m\libc_nano.a(lib_a-memcmp.o)
 .debug_frame   0x00000000000000c0       0x28 c:/st/stm32cubeide_1.0.2/stm32cubeide/plugins/com.st.stm32cube.ide.mcu.externaltools.gnu-tools-for-stm32.7-2018-q2-update.win32_1.0.0.201904181610/tools/bin/../lib/gcc/arm-none-eabi/7.3.1/../../../../arm-none-eabi/lib/thumb/v7-m\libc_nano.a(lib_a-memcpy-stub.o)
 .debug_frame   0x00000000000000e8       0x20 c:/st/stm32cubeide_1.0.2/stm32cubeide/plugins/com.st.stm32cube.ide.mcu.externaltools.gnu-tools-for-stm32.7-2018-q2-update.win32_1.0.0.201904181610/tools/bin/../lib/gcc/arm-none-eabi/7.3.1/../../../../arm-none-eabi/lib/thumb/v7-m\libc_nano.a(lib_a-memset.o)
 .debug_frame   0x0000000000000108       0x84 c:/st/stm32cubeide_1.0.2/stm32cubeide/plugins/com.st.stm32cube.ide.mcu.externaltools.gnu-tools-for-stm32.7-2018-q2-update.win32_1.0.0.201904181610/tools/bin/../lib/gcc/arm-none-eabi/7.3.1/../../../../arm-none-eabi/lib/thumb/v7-m\libc_nano.a(lib_a-strtol.o)
 .debug_frame   0x000000000000018c       0x48 c:/st/stm32cubeide_1.0.2/stm32cubeide/plugins/com.st.stm32cube.ide.mcu.externaltools.gnu-tools-for-stm32.7-2018-q2-update.win32_1.0.0.201904181610/tools/bin/../lib/gcc/arm-none-eabi/7.3.1/../../../../arm-none-eabi/lib/thumb/v7-m\libc_nano.a(lib_a-utoa.o)
 .debug_frame   0x00000000000001d4       0x68 c:/st/stm32cubeide_1.0.2/stm32cubeide/plugins/com.st.stm32cube.ide.mcu.externaltools.gnu-tools-for-stm32.7-2018-q2-update.win32_1.0.0.201904181610/tools/bin/../lib/gcc/arm-none-eabi/7.3.1/../../../../arm-none-eabi/lib/thumb/v7-m\libc_nano.a(lib_a-locale.o)
 .debug_frame   0x000000000000023c       0x48 c:/st/stm32cubeide_1.0.2/stm32cubeide/plugins/com.st.stm32cube.ide.mcu.externaltools.gnu-tools-for-stm32.7-2018-q2-update.win32_1.0.0.201904181610/tools/bin/../lib/gcc/arm-none-eabi/7.3.1/../../../../arm-none-eabi/lib/thumb/v7-m\libc_nano.a(lib_a-mbtowc_r.o)
 .debug_frame   0x0000000000000284       0x3c c:/st/stm32cubeide_1.0.2/stm32cubeide/plugins/com.st.stm32cube.ide.mcu.externaltools.gnu-tools-for-stm32.7-2018-q2-update.win32_1.0.0.201904181610/tools/bin/../lib/gcc/arm-none-eabi/7.3.1/../../../../arm-none-eabi/lib/thumb/v7-m\libc_nano.a(lib_a-wctomb_r.o)
