main.c:481:6:Sm_ERR	16	static
main.c:450:6:Sm_MOVINGX	24	static
main.c:465:6:Sm_MOVINGY	24	static
main.c:653:6:maquina	8	static
main.c:740:6:StartDefaultTask	8	static
main.c:216:6:enviarPassos	88	static
main.c:238:7:setStepX	64	static
main.c:264:7:setStepY	64	static
main.c:290:9:interpretarSerial	8	static
main.c:315:6:Sm_DISCONNECTED	32	static
main.c:377:6:Sm_STANDBY	104	static
main.c:727:6:ouvirTask	24	static
main.c:488:6:Rodar_Maquina	0	static
main.c:593:6:SystemClock_Config	96	static
main.c:512:5:main	80	static
main.c:664:6:interfaceDuranteMovimento	32	static
main.c:765:6:HAL_TIM_PeriodElapsedCallback	0	static
main.c:782:6:Error_Handler	0	static
