main.c:415:6:Sm_ERR	0	static
main.c:384:6:Sm_MOVINGX	24	static
main.c:399:6:Sm_MOVINGY	24	static
main.c:585:6:maquina	8	static
main.c:672:6:StartDefaultTask	8	static
main.c:197:6:enviarPassos	88	static
main.c:219:6:setPassos	136	static
main.c:247:9:interpretarSerial	8	static
main.c:268:6:Sm_DISCONNECTED	32	static
main.c:324:6:Sm_STANDBY	104	static
main.c:659:6:ouvirTask	24	static
main.c:420:6:Rodar_Maquina	0	static
main.c:525:6:SystemClock_Config	96	static
main.c:444:5:main	80	static
main.c:596:6:interfaceDuranteMovimento	32	static
main.c:697:6:HAL_TIM_PeriodElapsedCallback	0	static
main.c:714:6:Error_Handler	0	static
